Component: ARM Compiler 5.06 update 5 (build 528) Tool: armlink [4d35e2]

==============================================================================

Section Cross References

    freertos_demo.o(i.ConfigureUART) refers to uart.o(i.UARTClockSourceSet) for UARTClockSourceSet
    freertos_demo.o(i.ConfigureUART) refers to uartstdio.o(i.UARTStdioConfig) for UARTStdioConfig
    freertos_demo.o(i.main) refers to startup_rvmdk.o(RESET) for DisableInterrupts
    freertos_demo.o(i.main) refers to freertos_demo.o(i.ConfigureUART) for ConfigureUART
    freertos_demo.o(i.main) refers to uartstdio.o(i.UARTprintf) for UARTprintf
    freertos_demo.o(i.main) refers to queue.o(i.xQueueCreateMutex) for xQueueCreateMutex
    freertos_demo.o(i.main) refers to led_task.o(i.LEDTaskInit) for LEDTaskInit
    freertos_demo.o(i.main) refers to switch_task.o(i.SwitchTaskInit) for SwitchTaskInit
    freertos_demo.o(i.main) refers to tasks.o(i.vTaskStartScheduler) for vTaskStartScheduler
    freertos_demo.o(i.main) refers to freertos_demo.o(.conststring) for .conststring
    freertos_demo.o(i.main) refers to freertos_demo.o(.data) for .data
    led_task.o(i.LEDTask) refers to tasks.o(i.xTaskGetTickCount) for xTaskGetTickCount
    led_task.o(i.LEDTask) refers to queue.o(i.xQueueGenericReceive) for xQueueGenericReceive
    led_task.o(i.LEDTask) refers to rgb.o(i.RGBColorSet) for RGBColorSet
    led_task.o(i.LEDTask) refers to uartstdio.o(i.UARTprintf) for UARTprintf
    led_task.o(i.LEDTask) refers to queue.o(i.xQueueGenericSend) for xQueueGenericSend
    led_task.o(i.LEDTask) refers to led_task.o(.data) for .data
    led_task.o(i.LEDTask) refers to led_task.o(.bss) for .bss
    led_task.o(i.LEDTask) refers to freertos_demo.o(.data) for g_pUARTSemaphore
    led_task.o(i.LEDTaskInit) refers to rgb.o(i.RGBInit) for RGBInit
    led_task.o(i.LEDTaskInit) refers to rgb.o(i.RGBIntensitySet) for RGBIntensitySet
    led_task.o(i.LEDTaskInit) refers to rgb.o(i.RGBColorSet) for RGBColorSet
    led_task.o(i.LEDTaskInit) refers to uartstdio.o(i.UARTprintf) for UARTprintf
    led_task.o(i.LEDTaskInit) refers to queue.o(i.xQueueGenericCreate) for xQueueGenericCreate
    led_task.o(i.LEDTaskInit) refers to tasks.o(i.xTaskCreate) for xTaskCreate
    led_task.o(i.LEDTaskInit) refers to led_task.o(.data) for .data
    led_task.o(i.LEDTaskInit) refers to led_task.o(.bss) for .bss
    led_task.o(i.LEDTaskInit) refers to led_task.o(i.LEDTask) for LEDTask
    led_task.o(i.checkbuttons) refers to bsp.o(i.BSP_Buzzer_Set) for BSP_Buzzer_Set
    led_task.o(i.checkbuttons) refers to bsp.o(i.BSP_Joystick_Input) for BSP_Joystick_Input
    led_task.o(i.checkbuttons) refers to bsp.o(i.BSP_Accelerometer_Input) for BSP_Accelerometer_Input
    led_task.o(i.checkbuttons) refers to bsp.o(i.BSP_Button1_Input) for BSP_Button1_Input
    led_task.o(i.checkbuttons) refers to bsp.o(i.BSP_Button2_Input) for BSP_Button2_Input
    led_task.o(i.checkbuttons) refers to bsp.o(i.BSP_RGB_Set) for BSP_RGB_Set
    led_task.o(i.checkbuttons) refers to freertos_demo.o(.data) for JoyY
    led_task.o(i.checkbuttons) refers to freertos_demo.o(.data) for JoyX
    led_task.o(i.checkbuttons) refers to freertos_demo.o(.data) for AccZ
    led_task.o(i.checkbuttons) refers to freertos_demo.o(.data) for AccY
    led_task.o(i.checkbuttons) refers to freertos_demo.o(.data) for AccX
    led_task.o(i.checkbuttons) refers to led_task.o(.data) for .data
    led_task.o(i.checkbuttons) refers to freertos_demo.o(.data) for Blue
    led_task.o(i.checkbuttons) refers to freertos_demo.o(.data) for Green
    led_task.o(i.checkbuttons) refers to freertos_demo.o(.data) for Red
    switch_task.o(i.SwitchTask) refers to tasks.o(i.xTaskGetTickCount) for xTaskGetTickCount
    switch_task.o(i.SwitchTask) refers to buttons.o(i.ButtonsPoll) for ButtonsPoll
    switch_task.o(i.SwitchTask) refers to queue.o(i.xQueueGenericReceive) for xQueueGenericReceive
    switch_task.o(i.SwitchTask) refers to uartstdio.o(i.UARTprintf) for UARTprintf
    switch_task.o(i.SwitchTask) refers to queue.o(i.xQueueGenericSend) for xQueueGenericSend
    switch_task.o(i.SwitchTask) refers to tasks.o(i.vTaskDelayUntil) for vTaskDelayUntil
    switch_task.o(i.SwitchTask) refers to freertos_demo.o(.data) for g_pUARTSemaphore
    switch_task.o(i.SwitchTask) refers to led_task.o(.data) for g_pLEDQueue
    switch_task.o(i.SwitchTaskInit) refers to buttons.o(i.ButtonsInit) for ButtonsInit
    switch_task.o(i.SwitchTaskInit) refers to tasks.o(i.xTaskCreate) for xTaskCreate
    switch_task.o(i.SwitchTaskInit) refers to switch_task.o(i.SwitchTask) for SwitchTask
    bsp.o(i.BSP_Accelerometer_Init) refers to bsp.o(i.adcinit) for adcinit
    bsp.o(i.BSP_Buzzer_Init) refers to bsp.o(.data) for .data
    bsp.o(i.BSP_Buzzer_Set) refers to bsp.o(.data) for .data
    bsp.o(i.BSP_Clock_GetFreq) refers to bsp.o(.data) for .data
    bsp.o(i.BSP_Clock_InitFastest) refers to bsp.o(.data) for .data
[...]
    tasks.o(i.prvAddNewTaskToReadyList) refers to tasks.o(.data) for .data
    tasks.o(i.prvAddNewTaskToReadyList) refers to tasks.o(.bss) for .bss
    tasks.o(i.prvCheckTasksWaitingTermination) refers to tasks.o(i.vTaskSuspendAll) for vTaskSuspendAll
    tasks.o(i.prvCheckTasksWaitingTermination) refers to tasks.o(i.xTaskResumeAll) for xTaskResumeAll
    tasks.o(i.prvCheckTasksWaitingTermination) refers to port.o(i.vPortEnterCritical) for vPortEnterCritical
    tasks.o(i.prvCheckTasksWaitingTermination) refers to list.o(i.uxListRemove) for uxListRemove
    tasks.o(i.prvCheckTasksWaitingTermination) refers to port.o(i.vPortExitCritical) for vPortExitCritical
    tasks.o(i.prvCheckTasksWaitingTermination) refers to tasks.o(i.prvDeleteTCB) for prvDeleteTCB
    tasks.o(i.prvCheckTasksWaitingTermination) refers to tasks.o(.bss) for .bss
    tasks.o(i.prvCheckTasksWaitingTermination) refers to tasks.o(.data) for .data
    tasks.o(i.prvDeleteTCB) refers to heap_4.o(i.vPortFree) for vPortFree
    tasks.o(i.prvIdleTask) refers to tasks.o(i.prvCheckTasksWaitingTermination) for prvCheckTasksWaitingTermination
    tasks.o(i.prvInitialiseNewTask) refers to memseta.o(.text) for __aeabi_memset
    tasks.o(i.prvInitialiseNewTask) refers to list.o(i.vListInitialiseItem) for vListInitialiseItem
    tasks.o(i.prvInitialiseNewTask) refers to port.o(i.pxPortInitialiseStack) for pxPortInitialiseStack
    tasks.o(i.prvListTasksWithinSingleList) refers to tasks.o(i.vTaskGetInfo) for vTaskGetInfo
    tasks.o(i.prvResetNextTaskUnblockTime) refers to tasks.o(.data) for .data
    tasks.o(i.prvTaskIsTaskSuspended) refers to tasks.o(.bss) for .bss
    tasks.o(i.pvTaskIncrementMutexHeldCount) refers to tasks.o(.data) for .data
    tasks.o(i.ulTaskNotifyTake) refers to port.o(i.vPortEnterCritical) for vPortEnterCritical
    tasks.o(i.ulTaskNotifyTake) refers to tasks.o(i.prvAddCurrentTaskToDelayedList) for prvAddCurrentTaskToDelayedList
    tasks.o(i.ulTaskNotifyTake) refers to port.o(i.vPortExitCritical) for vPortExitCritical
    tasks.o(i.ulTaskNotifyTake) refers to tasks.o(.data) for .data
    tasks.o(i.uxTaskGetNumberOfTasks) refers to tasks.o(.data) for .data
    tasks.o(i.uxTaskGetStackHighWaterMark) refers to tasks.o(i.prvTaskCheckFreeStackSpace) for prvTaskCheckFreeStackSpace
    tasks.o(i.uxTaskGetStackHighWaterMark) refers to tasks.o(.data) for .data
    tasks.o(i.uxTaskGetSystemState) refers to tasks.o(i.vTaskSuspendAll) for vTaskSuspendAll
    tasks.o(i.uxTaskGetSystemState) refers to tasks.o(i.prvListTasksWithinSingleList) for prvListTasksWithinSingleList
    tasks.o(i.uxTaskGetSystemState) refers to tasks.o(i.xTaskResumeAll) for xTaskResumeAll
    tasks.o(i.uxTaskGetSystemState) refers to tasks.o(.data) for .data
    tasks.o(i.uxTaskGetSystemState) refers to tasks.o(.bss) for .bss
    tasks.o(i.uxTaskPriorityGet) refers to port.o(i.vPortEnterCritical) for vPortEnterCritical
    tasks.o(i.uxTaskPriorityGet) refers to port.o(i.vPortExitCritical) for vPortExitCritical
    tasks.o(i.uxTaskPriorityGet) refers to tasks.o(.data) for .data
    tasks.o(i.uxTaskPriorityGetFromISR) refers to tasks.o(.data) for .data
    tasks.o(i.uxTaskResetEventItemValue) refers to tasks.o(.data) for .data
    tasks.o(i.vTaskDelay) refers to tasks.o(i.vTaskSuspendAll) for vTaskSuspendAll
    tasks.o(i.vTaskDelay) refers to tasks.o(i.prvAddCurrentTaskToDelayedList) for prvAddCurrentTaskToDelayedList
    tasks.o(i.vTaskDelay) refers to tasks.o(i.xTaskResumeAll) for xTaskResumeAll
    tasks.o(i.vTaskDelayUntil) refers to tasks.o(i.vTaskSuspendAll) for vTaskSuspendAll
    tasks.o(i.vTaskDelayUntil) refers to tasks.o(i.prvAddCurrentTaskToDelayedList) for prvAddCurrentTaskToDelayedList
    tasks.o(i.vTaskDelayUntil) refers to tasks.o(i.xTaskResumeAll) for xTaskResumeAll
    tasks.o(i.vTaskDelayUntil) refers to tasks.o(.data) for .data
    tasks.o(i.vTaskDelete) refers to port.o(i.vPortEnterCritical) for vPortEnterCritical
    tasks.o(i.vTaskDelete) refers to list.o(i.uxListRemove) for uxListRemove
    tasks.o(i.vTaskDelete) refers to list.o(i.vListInsertEnd) for vListInsertEnd
    tasks.o(i.vTaskDelete) refers to tasks.o(i.prvDeleteTCB) for prvDeleteTCB
    tasks.o(i.vTaskDelete) refers to tasks.o(i.prvResetNextTaskUnblockTime) for prvResetNextTaskUnblockTime
    tasks.o(i.vTaskDelete) refers to port.o(i.vPortExitCritical) for vPortExitCritical
    tasks.o(i.vTaskDelete) refers to tasks.o(.data) for .data
    tasks.o(i.vTaskDelete) refers to tasks.o(.bss) for .bss
    tasks.o(i.vTaskEndScheduler) refers to port.o(i.vPortEndScheduler) for vPortEndScheduler
    tasks.o(i.vTaskEndScheduler) refers to tasks.o(.data) for .data
    tasks.o(i.vTaskGetInfo) refers to tasks.o(i.vTaskSuspendAll) for vTaskSuspendAll
    tasks.o(i.vTaskGetInfo) refers to tasks.o(i.xTaskResumeAll) for xTaskResumeAll
    tasks.o(i.vTaskGetInfo) refers to tasks.o(i.eTaskGetState) for eTaskGetState
    tasks.o(i.vTaskGetInfo) refers to tasks.o(i.prvTaskCheckFreeStackSpace) for prvTaskCheckFreeStackSpace
    tasks.o(i.vTaskGetInfo) refers to tasks.o(.data) for .data
    tasks.o(i.vTaskMissedYield) refers to tasks.o(.data) for .data
    tasks.o(i.vTaskNotifyGiveFromISR) refers to list.o(i.vListInsertEnd) for vListInsertEnd
    tasks.o(i.vTaskNotifyGiveFromISR) refers to list.o(i.uxListRemove) for uxListRemove
    tasks.o(i.vTaskNotifyGiveFromISR) refers to tasks.o(.data) for .data
    tasks.o(i.vTaskNotifyGiveFromISR) refers to tasks.o(.bss) for .bss
    tasks.o(i.vTaskPlaceOnEventList) refers to list.o(i.vListInsert) for vListInsert
    tasks.o(i.vTaskPlaceOnEventList) refers to tasks.o(i.prvAddCurrentTaskToDelayedList) for prvAddCurrentTaskToDelayedList
    tasks.o(i.vTaskPlaceOnEventList) refers to tasks.o(.data) for .data
    tasks.o(i.vTaskPlaceOnUnorderedEventList) refers to list.o(i.vListInsertEnd) for vListInsertEnd
    tasks.o(i.vTaskPlaceOnUnorderedEventList) refers to tasks.o(i.prvAddCurrentTaskToDelayedList) for prvAddCurrentTaskToDelayedList
    tasks.o(i.vTaskPlaceOnUnorderedEventList) refers to tasks.o(.data) for .data
    tasks.o(i.vTaskPriorityInherit) refers to list.o(i.uxListRemove) for uxListRemove
    tasks.o(i.vTaskPriorityInherit) refers to list.o(i.vListInsertEnd) for vListInsertEnd
    tasks.o(i.vTaskPriorityInherit) refers to tasks.o(.data) for .data
    tasks.o(i.vTaskPriorityInherit) refers to tasks.o(.bss) for .bss
    tasks.o(i.vTaskPrioritySet) refers to port.o(i.vPortEnterCritical) for vPortEnterCritical
    tasks.o(i.vTaskPrioritySet) refers to list.o(i.uxListRemove) for uxListRemove
    tasks.o(i.vTaskPrioritySet) refers to list.o(i.vListInsertEnd) for vListInsertEnd
    tasks.o(i.vTaskPrioritySet) refers to port.o(i.vPortExitCritical) for vPortExitCritical
    tasks.o(i.vTaskPrioritySet) refers to tasks.o(.data) for .data
    tasks.o(i.vTaskPrioritySet) refers to tasks.o(.bss) for .bss
    tasks.o(i.vTaskResume) refers to port.o(i.vPortEnterCritical) for vPortEnterCritical
    tasks.o(i.vTaskResume) refers to tasks.o(i.prvTaskIsTaskSuspended) for prvTaskIsTaskSuspended
    tasks.o(i.vTaskResume) refers to list.o(i.uxListRemove) for uxListRemove
    tasks.o(i.vTaskResume) refers to list.o(i.vListInsertEnd) for vListInsertEnd
    tasks.o(i.vTaskResume) refers to port.o(i.vPortExitCritical) for vPortExitCritical
    tasks.o(i.vTaskResume) refers to tasks.o(.data) for .data
    tasks.o(i.vTaskResume) refers to tasks.o(.bss) for .bss
    tasks.o(i.vTaskSetTimeOutState) refers to tasks.o(.data) for .data
    tasks.o(i.vTaskStartScheduler) refers to tasks.o(i.xTaskCreate) for xTaskCreate
    tasks.o(i.vTaskStartScheduler) refers to port.o(i.xPortStartScheduler) for xPortStartScheduler
    tasks.o(i.vTaskStartScheduler) refers to tasks.o(.data) for .data
    tasks.o(i.vTaskStartScheduler) refers to tasks.o(i.prvIdleTask) for prvIdleTask
    tasks.o(i.vTaskSuspend) refers to port.o(i.vPortEnterCritical) for vPortEnterCritical
    tasks.o(i.vTaskSuspend) refers to list.o(i.uxListRemove) for uxListRemove
    tasks.o(i.vTaskSuspend) refers to list.o(i.vListInsertEnd) for vListInsertEnd
    tasks.o(i.vTaskSuspend) refers to port.o(i.vPortExitCritical) for vPortExitCritical
    tasks.o(i.vTaskSuspend) refers to tasks.o(i.prvResetNextTaskUnblockTime) for prvResetNextTaskUnblockTime
    tasks.o(i.vTaskSuspend) refers to tasks.o(i.vTaskSwitchContext) for vTaskSwitchContext
    tasks.o(i.vTaskSuspend) refers to tasks.o(.data) for .data
    tasks.o(i.vTaskSuspend) refers to tasks.o(.bss) for .bss
    tasks.o(i.vTaskSuspendAll) refers to tasks.o(.data) for .data
    tasks.o(i.vTaskSwitchContext) refers to freertos_demo.o(i.vApplicationStackOverflowHook) for vApplicationStackOverflowHook
    tasks.o(i.vTaskSwitchContext) refers to tasks.o(.data) for .data
    tasks.o(i.vTaskSwitchContext) refers to tasks.o(.bss) for .bss
    tasks.o(i.xTaskCheckForTimeOut) refers to port.o(i.vPortEnterCritical) for vPortEnterCritical
    tasks.o(i.xTaskCheckForTimeOut) refers to tasks.o(i.vTaskSetTimeOutState) for vTaskSetTimeOutState
    tasks.o(i.xTaskCheckForTimeOut) refers to port.o(i.vPortExitCritical) for vPortExitCritical
    tasks.o(i.xTaskCheckForTimeOut) refers to tasks.o(.data) for .data
    tasks.o(i.xTaskCreate) refers to heap_4.o(i.pvPortMalloc) for pvPortMalloc
    tasks.o(i.xTaskCreate) refers to tasks.o(i.prvInitialiseNewTask) for prvInitialiseNewTask
    tasks.o(i.xTaskCreate) refers to tasks.o(i.prvAddNewTaskToReadyList) for prvAddNewTaskToReadyList
    tasks.o(i.xTaskCreate) refers to heap_4.o(i.vPortFree) for vPortFree
    tasks.o(i.xTaskGenericNotify) refers to port.o(i.vPortEnterCritical) for vPortEnterCritical
    tasks.o(i.xTaskGenericNotify) refers to list.o(i.uxListRemove) for uxListRemove
    tasks.o(i.xTaskGenericNotify) refers to list.o(i.vListInsertEnd) for vListInsertEnd
    tasks.o(i.xTaskGenericNotify) refers to port.o(i.vPortExitCritical) for vPortExitCritical
    tasks.o(i.xTaskGenericNotify) refers to tasks.o(.data) for .data
    tasks.o(i.xTaskGenericNotify) refers to tasks.o(.bss) for .bss
    tasks.o(i.xTaskGenericNotifyFromISR) refers to list.o(i.vListInsertEnd) for vListInsertEnd
    tasks.o(i.xTaskGenericNotifyFromISR) refers to list.o(i.uxListRemove) for uxListRemove
    tasks.o(i.xTaskGenericNotifyFromISR) refers to tasks.o(.data) for .data
    tasks.o(i.xTaskGenericNotifyFromISR) refers to tasks.o(.bss) for .bss
    tasks.o(i.xTaskGetCurrentTaskHandle) refers to tasks.o(.data) for .data
    tasks.o(i.xTaskGetTickCount) refers to tasks.o(.data) for .data
    tasks.o(i.xTaskGetTickCountFromISR) refers to tasks.o(.data) for .data
    tasks.o(i.xTaskIncrementTick) refers to tasks.o(i.prvResetNextTaskUnblockTime) for prvResetNextTaskUnblockTime
    tasks.o(i.xTaskIncrementTick) refers to list.o(i.uxListRemove) for uxListRemove
    tasks.o(i.xTaskIncrementTick) refers to list.o(i.vListInsertEnd) for vListInsertEnd
    tasks.o(i.xTaskIncrementTick) refers to tasks.o(.data) for .data
    tasks.o(i.xTaskIncrementTick) refers to tasks.o(.bss) for .bss
    tasks.o(i.xTaskNotifyStateClear) refers to port.o(i.vPortEnterCritical) for vPortEnterCritical
    tasks.o(i.xTaskNotifyStateClear) refers to port.o(i.vPortExitCritical) for vPortExitCritical
    tasks.o(i.xTaskNotifyStateClear) refers to tasks.o(.data) for .data
    tasks.o(i.xTaskNotifyWait) refers to port.o(i.vPortEnterCritical) for vPortEnterCritical
    tasks.o(i.xTaskNotifyWait) refers to tasks.o(i.prvAddCurrentTaskToDelayedList) for prvAddCurrentTaskToDelayedList
    tasks.o(i.xTaskNotifyWait) refers to port.o(i.vPortExitCritical) for vPortExitCritical
    tasks.o(i.xTaskNotifyWait) refers to tasks.o(.data) for .data
    tasks.o(i.xTaskPriorityDisinherit) refers to list.o(i.uxListRemove) for uxListRemove
    tasks.o(i.xTaskPriorityDisinherit) refers to list.o(i.vListInsertEnd) for vListInsertEnd
    tasks.o(i.xTaskPriorityDisinherit) refers to tasks.o(.bss) for .bss
    tasks.o(i.xTaskPriorityDisinherit) refers to tasks.o(.data) for .data
    tasks.o(i.xTaskRemoveFromEventList) refers to list.o(i.uxListRemove) for uxListRemove
    tasks.o(i.xTaskRemoveFromEventList) refers to list.o(i.vListInsertEnd) for vListInsertEnd
    tasks.o(i.xTaskRemoveFromEventList) refers to tasks.o(.data) for .data
    tasks.o(i.xTaskRemoveFromEventList) refers to tasks.o(.bss) for .bss
    tasks.o(i.xTaskRemoveFromUnorderedEventList) refers to list.o(i.uxListRemove) for uxListRemove
    tasks.o(i.xTaskRemoveFromUnorderedEventList) refers to list.o(i.vListInsertEnd) for vListInsertEnd
    tasks.o(i.xTaskRemoveFromUnorderedEventList) refers to tasks.o(.data) for .data
    tasks.o(i.xTaskRemoveFromUnorderedEventList) refers to tasks.o(.bss) for .bss
    tasks.o(i.xTaskResumeAll) refers to port.o(i.vPortEnterCritical) for vPortEnterCritical
    tasks.o(i.xTaskResumeAll) refers to list.o(i.uxListRemove) for uxListRemove
    tasks.o(i.xTaskResumeAll) refers to list.o(i.vListInsertEnd) for vListInsertEnd
    tasks.o(i.xTaskResumeAll) refers to tasks.o(i.prvResetNextTaskUnblockTime) for prvResetNextTaskUnblockTime
    tasks.o(i.xTaskResumeAll) refers to tasks.o(i.xTaskIncrementTick) for xTaskIncrementTick
    tasks.o(i.xTaskResumeAll) refers to port.o(i.vPortExitCritical) for vPortExitCritical
    tasks.o(i.xTaskResumeAll) refers to tasks.o(.data) for .data
    tasks.o(i.xTaskResumeAll) refers to tasks.o(.bss) for .bss
    tasks.o(i.xTaskResumeFromISR) refers to tasks.o(i.prvTaskIsTaskSuspended) for prvTaskIsTaskSuspended
    tasks.o(i.xTaskResumeFromISR) refers to list.o(i.uxListRemove) for uxListRemove
    tasks.o(i.xTaskResumeFromISR) refers to list.o(i.vListInsertEnd) for vListInsertEnd
    tasks.o(i.xTaskResumeFromISR) refers to tasks.o(.data) for .data
    tasks.o(i.xTaskResumeFromISR) refers to tasks.o(.bss) for .bss
    queue.o(i.pcQueueGetName) refers to queue.o(.bss) for .bss
    queue.o(i.prvCopyDataFromQueue) refers to memcpya.o(.text) for __aeabi_memcpy
    queue.o(i.prvCopyDataToQueue) refers to memcpya.o(.text) for __aeabi_memcpy
    queue.o(i.prvCopyDataToQueue) refers to tasks.o(i.xTaskPriorityDisinherit) for xTaskPriorityDisinherit
    queue.o(i.prvIsQueueEmpty) refers to port.o(i.vPortEnterCritical) for vPortEnterCritical
    queue.o(i.prvIsQueueEmpty) refers to port.o(i.vPortExitCritical) for vPortExitCritical
    queue.o(i.prvUnlockQueue) refers to port.o(i.vPortEnterCritical) for vPortEnterCritical
    queue.o(i.prvUnlockQueue) refers to tasks.o(i.xTaskRemoveFromEventList) for xTaskRemoveFromEventList
    queue.o(i.prvUnlockQueue) refers to tasks.o(i.vTaskMissedYield) for vTaskMissedYield
    queue.o(i.prvUnlockQueue) refers to port.o(i.vPortExitCritical) for vPortExitCritical
    queue.o(i.uxQueueMessagesWaiting) refers to port.o(i.vPortEnterCritical) for vPortEnterCritical
    queue.o(i.uxQueueMessagesWaiting) refers to port.o(i.vPortExitCritical) for vPortExitCritical
    queue.o(i.uxQueueSpacesAvailable) refers to port.o(i.vPortEnterCritical) for vPortEnterCritical
    queue.o(i.uxQueueSpacesAvailable) refers to port.o(i.vPortExitCritical) for vPortExitCritical
    queue.o(i.vQueueAddToRegistry) refers to queue.o(.bss) for .bss
    queue.o(i.vQueueDelete) refers to queue.o(i.vQueueUnregisterQueue) for vQueueUnregisterQueue
    queue.o(i.vQueueDelete) refers to heap_4.o(i.vPortFree) for vPortFree
    queue.o(i.vQueueUnregisterQueue) refers to queue.o(.bss) for .bss
    queue.o(i.xQueueCreateMutex) refers to queue.o(i.xQueueGenericCreate) for xQueueGenericCreate
    queue.o(i.xQueueCreateMutex) refers to queue.o(i.xQueueGenericSend) for xQueueGenericSend
    queue.o(i.xQueueGenericCreate) refers to heap_4.o(i.pvPortMalloc) for pvPortMalloc
    queue.o(i.xQueueGenericCreate) refers to queue.o(i.xQueueGenericReset) for xQueueGenericReset
    queue.o(i.xQueueGenericReceive) refers to port.o(i.vPortEnterCritical) for vPortEnterCritical
    queue.o(i.xQueueGenericReceive) refers to queue.o(i.prvCopyDataFromQueue) for prvCopyDataFromQueue
    queue.o(i.xQueueGenericReceive) refers to tasks.o(i.xTaskRemoveFromEventList) for xTaskRemoveFromEventList
    queue.o(i.xQueueGenericReceive) refers to port.o(i.vPortExitCritical) for vPortExitCritical
    queue.o(i.xQueueGenericReceive) refers to tasks.o(i.pvTaskIncrementMutexHeldCount) for pvTaskIncrementMutexHeldCount
    queue.o(i.xQueueGenericReceive) refers to tasks.o(i.vTaskSetTimeOutState) for vTaskSetTimeOutState
    queue.o(i.xQueueGenericReceive) refers to tasks.o(i.vTaskSuspendAll) for vTaskSuspendAll
    queue.o(i.xQueueGenericReceive) refers to tasks.o(i.xTaskCheckForTimeOut) for xTaskCheckForTimeOut
    queue.o(i.xQueueGenericReceive) refers to queue.o(i.prvUnlockQueue) for prvUnlockQueue
    queue.o(i.xQueueGenericReceive) refers to tasks.o(i.xTaskResumeAll) for xTaskResumeAll
    queue.o(i.xQueueGenericReceive) refers to queue.o(i.prvIsQueueEmpty) for prvIsQueueEmpty
    queue.o(i.xQueueGenericReceive) refers to tasks.o(i.vTaskPriorityInherit) for vTaskPriorityInherit
    queue.o(i.xQueueGenericReceive) refers to tasks.o(i.vTaskPlaceOnEventList) for vTaskPlaceOnEventList
    queue.o(i.xQueueGenericReset) refers to port.o(i.vPortEnterCritical) for vPortEnterCritical
    queue.o(i.xQueueGenericReset) refers to list.o(i.vListInitialise) for vListInitialise
    queue.o(i.xQueueGenericReset) refers to port.o(i.vPortExitCritical) for vPortExitCritical
    queue.o(i.xQueueGenericReset) refers to tasks.o(i.xTaskRemoveFromEventList) for xTaskRemoveFromEventList
    queue.o(i.xQueueGenericSend) refers to port.o(i.vPortEnterCritical) for vPortEnterCritical
    queue.o(i.xQueueGenericSend) refers to queue.o(i.prvCopyDataToQueue) for prvCopyDataToQueue
    queue.o(i.xQueueGenericSend) refers to tasks.o(i.xTaskRemoveFromEventList) for xTaskRemoveFromEventList
    queue.o(i.xQueueGenericSend) refers to port.o(i.vPortExitCritical) for vPortExitCritical
    queue.o(i.xQueueGenericSend) refers to tasks.o(i.vTaskSetTimeOutState) for vTaskSetTimeOutState
    queue.o(i.xQueueGenericSend) refers to tasks.o(i.vTaskSuspendAll) for vTaskSuspendAll
    queue.o(i.xQueueGenericSend) refers to tasks.o(i.xTaskCheckForTimeOut) for xTaskCheckForTimeOut
    queue.o(i.xQueueGenericSend) refers to queue.o(i.prvUnlockQueue) for prvUnlockQueue
    queue.o(i.xQueueGenericSend) refers to tasks.o(i.xTaskResumeAll) for xTaskResumeAll
    queue.o(i.xQueueGenericSend) refers to tasks.o(i.vTaskPlaceOnEventList) for vTaskPlaceOnEventList
    queue.o(i.xQueueGenericSendFromISR) refers to queue.o(i.prvCopyDataToQueue) for prvCopyDataToQueue
    queue.o(i.xQueueGenericSendFromISR) refers to tasks.o(i.xTaskRemoveFromEventList) for xTaskRemoveFromEventList
    queue.o(i.xQueueGiveFromISR) refers to tasks.o(i.xTaskRemoveFromEventList) for xTaskRemoveFromEventList
    queue.o(i.xQueueGiveMutexRecursive) refers to tasks.o(i.xTaskGetCurrentTaskHandle) for xTaskGetCurrentTaskHandle
    queue.o(i.xQueueGiveMutexRecursive) refers to queue.o(i.xQueueGenericSend) for xQueueGenericSend
    queue.o(i.xQueuePeekFromISR) refers to queue.o(i.prvCopyDataFromQueue) for prvCopyDataFromQueue
    queue.o(i.xQueueReceiveFromISR) refers to queue.o(i.prvCopyDataFromQueue) for prvCopyDataFromQueue
    queue.o(i.xQueueReceiveFromISR) refers to tasks.o(i.xTaskRemoveFromEventList) for xTaskRemoveFromEventList
    queue.o(i.xQueueTakeMutexRecursive) refers to tasks.o(i.xTaskGetCurrentTaskHandle) for xTaskGetCurrentTaskHandle
    queue.o(i.xQueueTakeMutexRecursive) refers to queue.o(i.xQueueGenericReceive) for xQueueGenericReceive
    port.o(.emb_text) refers to tasks.o(i.vTaskSwitchContext) for vTaskSwitchContext
    port.o(.emb_text) refers to tasks.o(.data) for pxCurrentTCB
    port.o(i.pxPortInitialiseStack) refers to port.o(i.prvTaskExitError) for prvTaskExitError
    port.o(i.vPortEnterCritical) refers to port.o(.data) for .data
    port.o(i.vPortExitCritical) refers to port.o(.data) for .data
    port.o(i.xPortStartScheduler) refers to port.o(i.vPortSetupTimerInterrupt) for vPortSetupTimerInterrupt
    port.o(i.xPortStartScheduler) refers to port.o(.emb_text) for __asm___6_port_c_39a90d8d__prvEnableVFP
    port.o(i.xPortStartScheduler) refers to port.o(.data) for .data
    port.o(i.xPortSysTickHandler) refers to tasks.o(i.xTaskIncrementTick) for xTaskIncrementTick
    heap_4.o(i.prvHeapInit) refers to heap_4.o(.bss) for .bss
    heap_4.o(i.prvHeapInit) refers to heap_4.o(.data) for .data
    heap_4.o(i.prvInsertBlockIntoFreeList) refers to heap_4.o(.data) for .data
    heap_4.o(i.pvPortMalloc) refers to tasks.o(i.vTaskSuspendAll) for vTaskSuspendAll
    heap_4.o(i.pvPortMalloc) refers to heap_4.o(i.prvHeapInit) for prvHeapInit
    heap_4.o(i.pvPortMalloc) refers to heap_4.o(i.prvInsertBlockIntoFreeList) for prvInsertBlockIntoFreeList
    heap_4.o(i.pvPortMalloc) refers to tasks.o(i.xTaskResumeAll) for xTaskResumeAll
    heap_4.o(i.pvPortMalloc) refers to heap_4.o(.data) for .data
    heap_4.o(i.vPortFree) refers to tasks.o(i.vTaskSuspendAll) for vTaskSuspendAll
    heap_4.o(i.vPortFree) refers to heap_4.o(i.prvInsertBlockIntoFreeList) for prvInsertBlockIntoFreeList
    heap_4.o(i.vPortFree) refers to tasks.o(i.xTaskResumeAll) for xTaskResumeAll
    heap_4.o(i.vPortFree) refers to heap_4.o(.data) for .data
    heap_4.o(i.xPortGetFreeHeapSize) refers to heap_4.o(.data) for .data
    heap_4.o(i.xPortGetMinimumEverFreeHeapSize) refers to heap_4.o(.data) for .data
    buttons.o(i.ButtonsInit) refers to buttons.o(.data) for .data
    buttons.o(i.ButtonsPoll) refers to buttons.o(.data) for .data
    rgb.o(i.RGBBlinkIntHandler) refers to rgb.o(i.RGBEnable) for RGBEnable
    rgb.o(i.RGBBlinkIntHandler) refers to rgb.o(i.RGBDisable) for RGBDisable
    rgb.o(i.RGBBlinkIntHandler) refers to rgb.o(.data) for .data
    rgb.o(i.RGBBlinkRateSet) refers to rgb.o(i.RGBEnable) for RGBEnable
    rgb.o(i.RGBBlinkRateSet) refers to sysctl.o(i.SysCtlClockGet) for SysCtlClockGet
    rgb.o(i.RGBBlinkRateSet) refers to ffixul.o(.text) for __aeabi_f2ulz
    rgb.o(i.RGBColorGet) refers to rgb.o(.bss) for .bss
    rgb.o(i.RGBColorSet) refers to rgb.o(.bss) for .bss
    rgb.o(i.RGBColorSet) refers to rgb.o(.data) for .data
    rgb.o(i.RGBInit) refers to rgb.o(i.RGBEnable) for RGBEnable
    rgb.o(i.RGBIntensitySet) refers to rgb.o(i.RGBColorSet) for RGBColorSet
    rgb.o(i.RGBIntensitySet) refers to rgb.o(.data) for .data
    rgb.o(i.RGBIntensitySet) refers to rgb.o(.bss) for .bss
    rgb.o(i.RGBSet) refers to rgb.o(i.RGBColorSet) for RGBColorSet
    rgb.o(i.RGBSet) refers to rgb.o(i.RGBIntensitySet) for RGBIntensitySet
    ustdlib.o(i.ulocaltime) refers to ustdlib.o(.constdata) for .constdata
    ustdlib.o(i.umktime) refers to ustdlib.o(i.ulocaltime) for ulocaltime
    ustdlib.o(i.umktime) refers to ustdlib.o(i.ucmptime) for ucmptime
    ustdlib.o(i.urand) refers to ustdlib.o(.data) for .data
    ustdlib.o(i.usnprintf) refers to ustdlib.o(i.uvsnprintf) for uvsnprintf
    ustdlib.o(i.usprintf) refers to ustdlib.o(i.uvsnprintf) for uvsnprintf
    ustdlib.o(i.usrand) refers to ustdlib.o(.data) for .data
    ustdlib.o(i.ustrcasecmp) refers to ustdlib.o(i.ustrncasecmp) for ustrncasecmp
    ustdlib.o(i.ustrcmp) refers to ustdlib.o(i.ustrncmp) for ustrncmp
    ustdlib.o(i.ustrstr) refers to ustdlib.o(i.ustrlen) for ustrlen
    ustdlib.o(i.ustrstr) refers to ustdlib.o(i.ustrncmp) for ustrncmp
    ustdlib.o(i.ustrtof) refers to ustdlib.o(.constdata) for .constdata
    ustdlib.o(i.uvsnprintf) refers to ustdlib.o(i.ustrncpy) for ustrncpy
    ustdlib.o(i.uvsnprintf) refers to ustdlib.o(.constdata) for .constdata
    ustdlib.o(.constdata) refers to ustdlib.o(.conststring) for .conststring
    uartstdio.o(i.UARTStdioConfig) refers to sysctl.o(i.SysCtlPeripheralPresent) for SysCtlPeripheralPresent
    uartstdio.o(i.UARTStdioConfig) refers to sysctl.o(i.SysCtlPeripheralEnable) for SysCtlPeripheralEnable
    uartstdio.o(i.UARTStdioConfig) refers to uart.o(i.UARTConfigSetExpClk) for UARTConfigSetExpClk
    uartstdio.o(i.UARTStdioConfig) refers to uart.o(i.UARTEnable) for UARTEnable
    uartstdio.o(i.UARTStdioConfig) refers to uartstdio.o(.constdata) for .constdata
    uartstdio.o(i.UARTStdioConfig) refers to uartstdio.o(.data) for .data
    uartstdio.o(i.UARTgetc) refers to uart.o(i.UARTCharGet) for UARTCharGet
    uartstdio.o(i.UARTgetc) refers to uartstdio.o(.data) for .data
    uartstdio.o(i.UARTgets) refers to uart.o(i.UARTCharGet) for UARTCharGet
    uartstdio.o(i.UARTgets) refers to uart.o(i.UARTCharPut) for UARTCharPut
    uartstdio.o(i.UARTgets) refers to uartstdio.o(i.UARTwrite) for UARTwrite
    uartstdio.o(i.UARTgets) refers to uartstdio.o(.data) for .data
    uartstdio.o(i.UARTprintf) refers to uartstdio.o(i.UARTvprintf) for UARTvprintf
    uartstdio.o(i.UARTvprintf) refers to uartstdio.o(i.UARTwrite) for UARTwrite
    uartstdio.o(i.UARTvprintf) refers to uartstdio.o(.constdata) for .constdata
    uartstdio.o(i.UARTwrite) refers to uart.o(i.UARTCharPut) for UARTCharPut
    uartstdio.o(i.UARTwrite) refers to uartstdio.o(.data) for .data
    uartstdio.o(.constdata) refers to uartstdio.o(.conststring) for .conststring
    sysctl.o(i.SysCtlClockFreqSet) refers to sysctl.o(.constdata) for .constdata
    sysctl.o(i.SysCtlClockGet) refers to sysctl.o(.constdata) for .constdata
    sysctl.o(i.SysCtlClockSet) refers to sysctl.o(.emb_text) for SysCtlDelay
    sysctl.o(i.SysCtlDeepSleep) refers to cpu.o(.emb_text) for CPUwfi
    sysctl.o(i.SysCtlIntRegister) refers to interrupt.o(i.IntRegister) for IntRegister
    sysctl.o(i.SysCtlIntRegister) refers to interrupt.o(i.IntEnable) for IntEnable
    sysctl.o(i.SysCtlIntUnregister) refers to interrupt.o(i.IntDisable) for IntDisable
    sysctl.o(i.SysCtlIntUnregister) refers to interrupt.o(i.IntUnregister) for IntUnregister
    sysctl.o(i.SysCtlSleep) refers to cpu.o(.emb_text) for CPUwfi
    sysctl.o(i.SysCtlVCOGet) refers to sysctl.o(.constdata) for .constdata
    uart.o(i.UARTIntRegister) refers to interrupt.o(i.IntRegister) for IntRegister
    uart.o(i.UARTIntRegister) refers to interrupt.o(i.IntEnable) for IntEnable
    uart.o(i.UARTIntRegister) refers to uart.o(.constdata) for .constdata
    uart.o(i.UARTIntUnregister) refers to interrupt.o(i.IntDisable) for IntDisable
    uart.o(i.UARTIntUnregister) refers to interrupt.o(i.IntUnregister) for IntUnregister
    uart.o(i.UARTIntUnregister) refers to uart.o(.constdata) for .constdata
    interrupt.o(i.IntDisable) refers to interrupt.o(.constdata) for .constdata
    interrupt.o(i.IntEnable) refers to interrupt.o(.constdata) for .constdata
    interrupt.o(i.IntIsEnabled) refers to interrupt.o(.constdata) for .constdata
    interrupt.o(i.IntMasterDisable) refers to cpu.o(.emb_text) for CPUcpsid
    interrupt.o(i.IntMasterEnable) refers to cpu.o(.emb_text) for CPUcpsie
    interrupt.o(i.IntPendClear) refers to interrupt.o(.constdata) for .constdata
    interrupt.o(i.IntPendSet) refers to interrupt.o(.constdata) for .constdata
    interrupt.o(i.IntPriorityGet) refers to interrupt.o(.constdata) for .constdata
    interrupt.o(i.IntPriorityGroupingGet) refers to interrupt.o(.constdata) for .constdata
    interrupt.o(i.IntPriorityGroupingSet) refers to interrupt.o(.constdata) for .constdata
    interrupt.o(i.IntPriorityMaskGet) refers to cpu.o(.emb_text) for CPUbasepriGet
    interrupt.o(i.IntPriorityMaskSet) refers to cpu.o(.emb_text) for CPUbasepriSet
    interrupt.o(i.IntPrioritySet) refers to interrupt.o(.constdata) for .constdata
    interrupt.o(i.IntRegister) refers to interrupt.o(vtable) for vtable
    interrupt.o(i.IntUnregister) refers to interrupt.o(i._IntDefaultHandler) for _IntDefaultHandler
    interrupt.o(i.IntUnregister) refers to interrupt.o(vtable) for vtable
    entry.o(.ARM.Collect$$$$00000000) refers (Special) to entry10a.o(.ARM.Collect$$$$0000000D) for __rt_final_cpp
    entry.o(.ARM.Collect$$$$00000000) refers (Special) to entry11a.o(.ARM.Collect$$$$0000000F) for __rt_final_exit
    entry.o(.ARM.Collect$$$$00000000) refers (Special) to entry7b.o(.ARM.Collect$$$$00000008) for _main_clock
    entry.o(.ARM.Collect$$$$00000000) refers (Special) to entry8b.o(.ARM.Collect$$$$0000000A) for _main_cpp_init
    entry.o(.ARM.Collect$$$$00000000) refers (Special) to entry9a.o(.ARM.Collect$$$$0000000B) for _main_init
    entry.o(.ARM.Collect$$$$00000000) refers (Special) to entry5.o(.ARM.Collect$$$$00000004) for _main_scatterload
    entry.o(.ARM.Collect$$$$00000000) refers (Special) to entry2.o(.ARM.Collect$$$$00000001) for _main_stk
    ffixul.o(.text) refers (Special) to iusefp.o(.text) for __I$use$fp
    ffixul.o(.text) refers to llshl.o(.text) for __aeabi_llsl
    entry2.o(.ARM.Collect$$$$00000001) refers to entry2.o(.ARM.Collect$$$$00002712) for __lit__00000000
    entry2.o(.ARM.Collect$$$$00002712) refers to startup_rvmdk.o(STACK) for __initial_sp
    entry2.o(__vectab_stack_and_reset_area) refers to startup_rvmdk.o(STACK) for __initial_sp
    entry2.o(__vectab_stack_and_reset_area) refers to entry.o(.ARM.Collect$$$$00000000) for __main
    entry5.o(.ARM.Collect$$$$00000004) refers to init.o(.text) for __scatterload
    entry9a.o(.ARM.Collect$$$$0000000B) refers to freertos_demo.o(i.main) for main
    entry9b.o(.ARM.Collect$$$$0000000C) refers to freertos_demo.o(i.main) for main
    init.o(.text) refers to entry5.o(.ARM.Collect$$$$00000004) for __main_after_scatterload


==============================================================================

Removing Unused input sections from the image.

    Removing freertos_demo.o(.data), (4 bytes).
    Removing freertos_demo.o(.data), (2 bytes).
    Removing freertos_demo.o(.data), (2 bytes).
    Removing freertos_demo.o(.data), (2 bytes).
    Removing freertos_demo.o(.data), (1 bytes).
    Removing freertos_demo.o(.data), (2 bytes).
    Removing freertos_demo.o(.data), (2 bytes).
    Removing freertos_demo.o(.data), (2 bytes).
    Removing freertos_demo.o(.data), (2 bytes).
    Removing freertos_demo.o(.data), (4 bytes).
    Removing freertos_demo.o(.data), (4 bytes).
    Removing freertos_demo.o(.data), (4 bytes).
    Removing freertos_demo.o(.data), (4 bytes).
    Removing freertos_demo.o(.data), (4 bytes).
    Removing freertos_demo.o(.data), (2 bytes).
    Removing freertos_demo.o(.data), (2 bytes).
    Removing led_task.o(i.checkbuttons), (408 bytes).
    Removing led_task.o(i.numlength), (112 bytes).
    Removing bsp.o(.emb_text), (6 bytes).
    Removing bsp.o(i.BSP_Accelerometer_Init), (144 bytes).
    Removing bsp.o(i.BSP_Accelerometer_Input), (44 bytes).
    Removing bsp.o(i.BSP_Button1_Init), (104 bytes).
    Removing bsp.o(i.BSP_Button1_Input), (16 bytes).
    Removing bsp.o(i.BSP_Button2_Init), (120 bytes).
    Removing bsp.o(i.BSP_Button2_Input), (16 bytes).
    Removing bsp.o(i.BSP_Buzzer_Init), (164 bytes).
    Removing bsp.o(i.BSP_Buzzer_Set), (28 bytes).
    Removing bsp.o(i.BSP_Clock_GetFreq), (12 bytes).
    Removing bsp.o(i.BSP_Clock_InitFastest), (108 bytes).
    Removing bsp.o(i.BSP_Delay1ms), (24 bytes).
    Removing bsp.o(i.BSP_Joystick_Init), (252 bytes).
    Removing bsp.o(i.BSP_Joystick_Input), (44 bytes).
    Removing bsp.o(i.BSP_LCD_Color565), (20 bytes).
    Removing bsp.o(i.BSP_LCD_DrawBitmap), (228 bytes).
    Removing bsp.o(i.BSP_LCD_DrawChar), (192 bytes).
    Removing bsp.o(i.BSP_LCD_DrawCharS), (188 bytes).
    Removing bsp.o(i.BSP_LCD_DrawFastHLine), (80 bytes).
    Removing bsp.o(i.BSP_LCD_DrawFastVLine), (80 bytes).
    Removing bsp.o(i.BSP_LCD_DrawPixel), (60 bytes).
    Removing bsp.o(i.BSP_LCD_DrawString), (82 bytes).
    Removing bsp.o(i.BSP_LCD_Drawaxes), (240 bytes).
    Removing bsp.o(i.BSP_LCD_FillRect), (120 bytes).
    Removing bsp.o(i.BSP_LCD_FillScreen), (28 bytes).
    Removing bsp.o(i.BSP_LCD_Init), (6 bytes).
    Removing bsp.o(i.BSP_LCD_OutUDec), (96 bytes).
    Removing bsp.o(i.BSP_LCD_OutUDec4), (92 bytes).
    Removing bsp.o(i.BSP_LCD_OutUDec5), (92 bytes).
    Removing bsp.o(i.BSP_LCD_OutUFix2_1), (148 bytes).
    Removing bsp.o(i.BSP_LCD_OutUHex2), (128 bytes).
    Removing bsp.o(i.BSP_LCD_PlotIncrement), (40 bytes).
    Removing bsp.o(i.BSP_LCD_PlotPoint), (84 bytes).
    Removing bsp.o(i.BSP_LCD_SetCursor), (20 bytes).
    Removing bsp.o(i.BSP_LCD_SwapColor), (16 bytes).
    Removing bsp.o(i.BSP_LightSensor_End), (56 bytes).
    Removing bsp.o(i.BSP_LightSensor_Init), (72 bytes).
    Removing bsp.o(i.BSP_LightSensor_Input), (44 bytes).
    Removing bsp.o(i.BSP_LightSensor_Start), (24 bytes).
    Removing bsp.o(i.BSP_Microphone_Init), (140 bytes).
    Removing bsp.o(i.BSP_Microphone_Input), (28 bytes).
    Removing bsp.o(i.BSP_PeriodicTask_Init), (156 bytes).
    Removing bsp.o(i.BSP_PeriodicTask_InitB), (156 bytes).
    Removing bsp.o(i.BSP_PeriodicTask_InitC), (156 bytes).
    Removing bsp.o(i.BSP_PeriodicTask_Restart), (24 bytes).
    Removing bsp.o(i.BSP_PeriodicTask_Stop), (24 bytes).
    Removing bsp.o(i.BSP_PeriodicTask_StopB), (24 bytes).
    Removing bsp.o(i.BSP_PeriodicTask_StopC), (24 bytes).
    Removing bsp.o(i.BSP_RGB_D_Init), (272 bytes).
    Removing bsp.o(i.BSP_RGB_D_Set), (52 bytes).
    Removing bsp.o(i.BSP_RGB_D_Toggle), (52 bytes).
    Removing bsp.o(i.BSP_RGB_Init), (464 bytes).
    Removing bsp.o(i.BSP_RGB_Set), (64 bytes).
    Removing bsp.o(i.BSP_TempSensor_End), (68 bytes).
    Removing bsp.o(i.BSP_TempSensor_Init), (72 bytes).
    Removing bsp.o(i.BSP_TempSensor_Input), (56 bytes).
    Removing bsp.o(i.BSP_TempSensor_Start), (24 bytes).
    Removing bsp.o(i.BSP_Time_Get), (12 bytes).
    Removing bsp.o(i.BSP_Time_Init), (92 bytes).
    Removing bsp.o(i.I2C_Recv2), (80 bytes).
    Removing bsp.o(i.I2C_Send1), (48 bytes).
    Removing bsp.o(i.I2C_Send3), (96 bytes).
    Removing bsp.o(i.ST7735_InitR), (100 bytes).
    Removing bsp.o(i.WideTimer3A_Handler), (20 bytes).
    Removing bsp.o(i.WideTimer4A_Handler), (20 bytes).
    Removing bsp.o(i.WideTimer5A_Handler), (20 bytes).
    Removing bsp.o(i.adcinit), (64 bytes).
    Removing bsp.o(i.commandList), (74 bytes).
    Removing bsp.o(i.commonInit), (436 bytes).
    Removing bsp.o(i.fillmessage), (56 bytes).
    Removing bsp.o(i.fillmessage4), (68 bytes).
    Removing bsp.o(i.fillmessage5), (88 bytes).
    Removing bsp.o(i.i2cinit), (120 bytes).
    Removing bsp.o(i.lightsensorend), (84 bytes).
    Removing bsp.o(i.lightsensorstart), (38 bytes).
    Removing bsp.o(i.pushColor), (20 bytes).
    Removing bsp.o(i.setAddrWindow), (108 bytes).
    Removing bsp.o(i.tempsensorend), (62 bytes).
    Removing bsp.o(i.tempsensorstart), (12 bytes).
    Removing bsp.o(i.writecommand), (48 bytes).
    Removing bsp.o(i.writedata), (48 bytes).
    Removing bsp.o(.bss), (12 bytes).
    Removing bsp.o(.constdata), (1403 bytes).
    Removing bsp.o(.data), (64 bytes).
    Removing startup_rvmdk.o(HEAP), (0 bytes).
    Removing startup_rvmdk.o(.text), (0 bytes).
    Removing accelerometer_task.o(i.Accelerometer_Init), (60 bytes).
    Removing accelerometer_task.o(i.monitor_accelerometers), (224 bytes).
    Removing tasks.o(i.eTaskGetState), (84 bytes).
    Removing tasks.o(i.pcTaskGetName), (16 bytes).
    Removing tasks.o(i.prvListTasksWithinSingleList), (86 bytes).
    Removing tasks.o(i.prvTaskCheckFreeStackSpace), (20 bytes).
    Removing tasks.o(i.prvTaskIsTaskSuspended), (32 bytes).
    Removing tasks.o(i.ulTaskNotifyTake), (104 bytes).
    Removing tasks.o(i.uxTaskGetNumberOfTasks), (12 bytes).
    Removing tasks.o(i.uxTaskGetStackHighWaterMark), (16 bytes).
    Removing tasks.o(i.uxTaskGetSystemState), (172 bytes).
    Removing tasks.o(i.uxTaskGetTaskNumber), (8 bytes).
    Removing tasks.o(i.uxTaskPriorityGet), (28 bytes).
    Removing tasks.o(i.uxTaskPriorityGetFromISR), (36 bytes).
    Removing tasks.o(i.uxTaskResetEventItemValue), (24 bytes).
    Removing tasks.o(i.vTaskDelay), (48 bytes).
    Removing tasks.o(i.vTaskDelete), (152 bytes).
    Removing tasks.o(i.vTaskEndScheduler), (28 bytes).
    Removing tasks.o(i.vTaskGetInfo), (120 bytes).
    Removing tasks.o(i.vTaskNotifyGiveFromISR), (140 bytes).
    Removing tasks.o(i.vTaskPlaceOnUnorderedEventList), (44 bytes).
    Removing tasks.o(i.vTaskPrioritySet), (180 bytes).
    Removing tasks.o(i.vTaskResume), (108 bytes).
    Removing tasks.o(i.vTaskSetTaskNumber), (8 bytes).
    Removing tasks.o(i.vTaskSuspend), (156 bytes).
    Removing tasks.o(i.xTaskGenericNotify), (164 bytes).
    Removing tasks.o(i.xTaskGenericNotifyFromISR), (192 bytes).
    Removing tasks.o(i.xTaskGetCurrentTaskHandle), (12 bytes).
    Removing tasks.o(i.xTaskGetTickCountFromISR), (12 bytes).
    Removing tasks.o(i.xTaskNotifyStateClear), (48 bytes).
    Removing tasks.o(i.xTaskNotifyWait), (140 bytes).
    Removing tasks.o(i.xTaskRemoveFromUnorderedEventList), (80 bytes).
    Removing tasks.o(i.xTaskResumeFromISR), (116 bytes).
    Removing queue.o(i.pcQueueGetName), (40 bytes).
    Removing queue.o(i.ucQueueGetQueueType), (6 bytes).
    Removing queue.o(i.uxQueueGetQueueNumber), (4 bytes).
    Removing queue.o(i.uxQueueMessagesWaiting), (18 bytes).
    Removing queue.o(i.uxQueueMessagesWaitingFromISR), (4 bytes).
    Removing queue.o(i.uxQueueSpacesAvailable), (22 bytes).
    Removing queue.o(i.vQueueAddToRegistry), (36 bytes).
    Removing queue.o(i.vQueueDelete), (18 bytes).
    Removing queue.o(i.vQueueSetQueueNumber), (4 bytes).
    Removing queue.o(i.vQueueUnregisterQueue), (40 bytes).
    Removing queue.o(i.xQueueGenericSendFromISR), (102 bytes).
    Removing queue.o(i.xQueueGiveFromISR), (86 bytes).
    Removing queue.o(i.xQueueGiveMutexRecursive), (42 bytes).
    Removing queue.o(i.xQueueIsQueueEmptyFromISR), (12 bytes).
    Removing queue.o(i.xQueueIsQueueFullFromISR), (16 bytes).
    Removing queue.o(i.xQueuePeekFromISR), (44 bytes).
    Removing queue.o(i.xQueueReceiveFromISR), (100 bytes).
    Removing queue.o(i.xQueueTakeMutexRecursive), (50 bytes).
    Removing queue.o(.bss), (80 bytes).
    Removing port.o(i.vPortEndScheduler), (2 bytes).
    Removing heap_4.o(i.vPortInitialiseBlocks), (2 bytes).
    Removing heap_4.o(i.xPortGetFreeHeapSize), (12 bytes).
    Removing heap_4.o(i.xPortGetMinimumEverFreeHeapSize), (12 bytes).
    Removing rgb.o(i.RGBBlinkIntHandler), (56 bytes).
    Removing rgb.o(i.RGBBlinkRateSet), (120 bytes).
    Removing rgb.o(i.RGBColorGet), (24 bytes).
    Removing rgb.o(i.RGBDisable), (92 bytes).
    Removing rgb.o(i.RGBSet), (30 bytes).
    Removing ustdlib.o(i.ucmptime), (82 bytes).
    Removing ustdlib.o(i.ulocaltime), (164 bytes).
    Removing ustdlib.o(i.umktime), (58 bytes).
    Removing ustdlib.o(i.urand), (28 bytes).
    Removing ustdlib.o(i.usnprintf), (18 bytes).
    Removing ustdlib.o(i.usprintf), (22 bytes).
    Removing ustdlib.o(i.usrand), (12 bytes).
    Removing ustdlib.o(i.ustrcasecmp), (8 bytes).
    Removing ustdlib.o(i.ustrcmp), (8 bytes).
    Removing ustdlib.o(i.ustrlen), (16 bytes).
    Removing ustdlib.o(i.ustrncasecmp), (70 bytes).
    Removing ustdlib.o(i.ustrncmp), (46 bytes).
    Removing ustdlib.o(i.ustrncpy), (36 bytes).
    Removing ustdlib.o(i.ustrstr), (42 bytes).
    Removing ustdlib.o(i.ustrtof), (316 bytes).
    Removing ustdlib.o(i.ustrtoul), (158 bytes).
    Removing ustdlib.o(i.uvsnprintf), (592 bytes).
    Removing ustdlib.o(.constdata), (76 bytes).
    Removing ustdlib.o(.conststring), (17 bytes).
    Removing ustdlib.o(.data), (4 bytes).
    Removing uartstdio.o(i.UARTgetc), (20 bytes).
    Removing uartstdio.o(i.UARTgets), (120 bytes).
    Removing sysctl.o(.emb_text), (6 bytes).
    Removing sysctl.o(i.SysCtlAltClkConfig), (12 bytes).
    Removing sysctl.o(i.SysCtlClockFreqSet), (740 bytes).
    Removing sysctl.o(i.SysCtlClockGet), (340 bytes).
    Removing sysctl.o(i.SysCtlClockOutConfig), (20 bytes).
    Removing sysctl.o(i.SysCtlClockSet), (288 bytes).
    Removing sysctl.o(i.SysCtlDeepSleep), (32 bytes).
    Removing sysctl.o(i.SysCtlDeepSleepClockConfigSet), (112 bytes).
    Removing sysctl.o(i.SysCtlDeepSleepClockSet), (12 bytes).
    Removing sysctl.o(i.SysCtlDeepSleepPowerSet), (12 bytes).
    Removing sysctl.o(i.SysCtlFlashSectorSizeGet), (56 bytes).
    Removing sysctl.o(i.SysCtlFlashSizeGet), (56 bytes).
    Removing sysctl.o(i.SysCtlGPIOAHBDisable), (28 bytes).
    Removing sysctl.o(i.SysCtlGPIOAHBEnable), (24 bytes).
    Removing sysctl.o(i.SysCtlIntClear), (12 bytes).
    Removing sysctl.o(i.SysCtlIntDisable), (16 bytes).
    Removing sysctl.o(i.SysCtlIntEnable), (16 bytes).
    Removing sysctl.o(i.SysCtlIntRegister), (20 bytes).
    Removing sysctl.o(i.SysCtlIntStatus), (16 bytes).
    Removing sysctl.o(i.SysCtlIntUnregister), (18 bytes).
    Removing sysctl.o(i.SysCtlLDODeepSleepGet), (12 bytes).
    Removing sysctl.o(i.SysCtlLDODeepSleepSet), (12 bytes).
    Removing sysctl.o(i.SysCtlLDOSleepGet), (12 bytes).
    Removing sysctl.o(i.SysCtlLDOSleepSet), (12 bytes).
    Removing sysctl.o(i.SysCtlMOSCConfigSet), (12 bytes).
    Removing sysctl.o(i.SysCtlNMIClear), (16 bytes).
    Removing sysctl.o(i.SysCtlNMIStatus), (12 bytes).
    Removing sysctl.o(i.SysCtlPIOSCCalibrate), (76 bytes).
    Removing sysctl.o(i.SysCtlPWMClockGet), (24 bytes).
    Removing sysctl.o(i.SysCtlPWMClockSet), (20 bytes).
    Removing sysctl.o(i.SysCtlPeripheralClockGating), (68 bytes).
    Removing sysctl.o(i.SysCtlPeripheralDeepSleepDisable), (40 bytes).
    Removing sysctl.o(i.SysCtlPeripheralDeepSleepEnable), (40 bytes).
    Removing sysctl.o(i.SysCtlPeripheralDisable), (40 bytes).
    Removing sysctl.o(i.SysCtlPeripheralPowerOff), (40 bytes).
    Removing sysctl.o(i.SysCtlPeripheralPowerOn), (40 bytes).
    Removing sysctl.o(i.SysCtlPeripheralReady), (44 bytes).
    Removing sysctl.o(i.SysCtlPeripheralReset), (60 bytes).
    Removing sysctl.o(i.SysCtlPeripheralSleepDisable), (40 bytes).
    Removing sysctl.o(i.SysCtlPeripheralSleepEnable), (40 bytes).
    Removing sysctl.o(i.SysCtlReset), (16 bytes).
    Removing sysctl.o(i.SysCtlResetBehaviorGet), (12 bytes).
    Removing sysctl.o(i.SysCtlResetBehaviorSet), (12 bytes).
    Removing sysctl.o(i.SysCtlResetCauseClear), (16 bytes).
    Removing sysctl.o(i.SysCtlResetCauseGet), (12 bytes).
    Removing sysctl.o(i.SysCtlSRAMSizeGet), (16 bytes).
    Removing sysctl.o(i.SysCtlSleep), (4 bytes).
    Removing sysctl.o(i.SysCtlSleepPowerSet), (12 bytes).
    Removing sysctl.o(i.SysCtlUSBPLLDisable), (16 bytes).
    Removing sysctl.o(i.SysCtlUSBPLLEnable), (16 bytes).
    Removing sysctl.o(i.SysCtlVCOGet), (120 bytes).
    Removing sysctl.o(i.SysCtlVoltageEventClear), (16 bytes).
    Removing sysctl.o(i.SysCtlVoltageEventConfig), (12 bytes).
    Removing sysctl.o(i.SysCtlVoltageEventStatus), (12 bytes).
    Removing sysctl.o(.constdata), (596 bytes).
    Removing uart.o(i.UART9BitAddrSend), (38 bytes).
    Removing uart.o(i.UART9BitAddrSet), (10 bytes).
    Removing uart.o(i.UART9BitDisable), (14 bytes).
    Removing uart.o(i.UART9BitEnable), (14 bytes).
    Removing uart.o(i.UARTBreakCtl), (18 bytes).
    Removing uart.o(i.UARTBusy), (8 bytes).
    Removing uart.o(i.UARTCharGet), (12 bytes).
    Removing uart.o(i.UARTCharGetNonBlocking), (16 bytes).
    Removing uart.o(i.UARTCharPutNonBlocking), (16 bytes).
    Removing uart.o(i.UARTCharsAvail), (10 bytes).
    Removing uart.o(i.UARTClockSourceGet), (6 bytes).
    Removing uart.o(i.UARTConfigGetExpClk), (46 bytes).
    Removing uart.o(i.UARTDMADisable), (10 bytes).
    Removing uart.o(i.UARTDMAEnable), (8 bytes).
    Removing uart.o(i.UARTDisable), (30 bytes).
    Removing uart.o(i.UARTDisableSIR), (10 bytes).
    Removing uart.o(i.UARTEnableSIR), (18 bytes).
    Removing uart.o(i.UARTFIFODisable), (10 bytes).
    Removing uart.o(i.UARTFIFOEnable), (10 bytes).
    Removing uart.o(i.UARTFIFOLevelGet), (16 bytes).
    Removing uart.o(i.UARTFIFOLevelSet), (6 bytes).
    Removing uart.o(i.UARTFlowControlGet), (8 bytes).
    Removing uart.o(i.UARTFlowControlSet), (12 bytes).
    Removing uart.o(i.UARTIntClear), (4 bytes).
    Removing uart.o(i.UARTIntDisable), (10 bytes).
    Removing uart.o(i.UARTIntEnable), (8 bytes).
    Removing uart.o(i.UARTIntRegister), (88 bytes).
    Removing uart.o(i.UARTIntStatus), (10 bytes).
    Removing uart.o(i.UARTIntUnregister), (88 bytes).
    Removing uart.o(i.UARTLoopbackEnable), (10 bytes).
    Removing uart.o(i.UARTModemControlClear), (14 bytes).
    Removing uart.o(i.UARTModemControlGet), (8 bytes).
    Removing uart.o(i.UARTModemControlSet), (12 bytes).
    Removing uart.o(i.UARTModemStatusGet), (10 bytes).
    Removing uart.o(i.UARTParityModeGet), (8 bytes).
    Removing uart.o(i.UARTParityModeSet), (12 bytes).
    Removing uart.o(i.UARTRxErrorClear), (6 bytes).
    Removing uart.o(i.UARTRxErrorGet), (8 bytes).
    Removing uart.o(i.UARTSmartCardDisable), (10 bytes).
    Removing uart.o(i.UARTSmartCardEnable), (22 bytes).
    Removing uart.o(i.UARTSpaceAvail), (10 bytes).
    Removing uart.o(i.UARTTxIntModeGet), (8 bytes).
    Removing uart.o(i.UARTTxIntModeSet), (12 bytes).
    Removing uart.o(.constdata), (128 bytes).
    Removing cpu.o(.emb_text), (38 bytes).
    Removing interrupt.o(i.IntDisable), (100 bytes).
    Removing interrupt.o(i.IntEnable), (100 bytes).
    Removing interrupt.o(i.IntIsEnabled), (96 bytes).
    Removing interrupt.o(i.IntMasterDisable), (14 bytes).
    Removing interrupt.o(i.IntMasterEnable), (14 bytes).
    Removing interrupt.o(i.IntPendClear), (68 bytes).
    Removing interrupt.o(i.IntPendSet), (84 bytes).
    Removing interrupt.o(i.IntPriorityGet), (28 bytes).
    Removing interrupt.o(i.IntPriorityGroupingGet), (36 bytes).
    Removing interrupt.o(i.IntPriorityGroupingSet), (28 bytes).
    Removing interrupt.o(i.IntPriorityMaskGet), (4 bytes).
    Removing interrupt.o(i.IntPriorityMaskSet), (4 bytes).
    Removing interrupt.o(i.IntPrioritySet), (40 bytes).
    Removing interrupt.o(i.IntRegister), (52 bytes).
    Removing interrupt.o(i.IntTrigger), (12 bytes).
    Removing interrupt.o(i.IntUnregister), (20 bytes).
    Removing interrupt.o(i._IntDefaultHandler), (2 bytes).
    Removing interrupt.o(.constdata), (268 bytes).
    Removing interrupt.o(vtable), (620 bytes).
    Removing ffixul.o(.text), (44 bytes).

307 unused section(s) (total 20575 bytes) removed from the image.

==============================================================================

Image Symbol Table

    Local Symbols

    Symbol Name                              Value     Ov Type        Size  Object(Section)

    RESET                                    0x00000000   Section      672  startup_rvmdk.o(RESET)
    ../clib/microlib/init/entry.s            0x00000000   Number         0  entry5.o ABSOLUTE
    ../clib/microlib/init/entry.s            0x00000000   Number         0  entry7a.o ABSOLUTE
    ../clib/microlib/init/entry.s            0x00000000   Number         0  entry7b.o ABSOLUTE
    ../clib/microlib/init/entry.s            0x00000000   Number         0  entry11b.o ABSOLUTE
    ../clib/microlib/init/entry.s            0x00000000   Number         0  entry8b.o ABSOLUTE
    ../clib/microlib/init/entry.s            0x00000000   Number         0  entry8a.o ABSOLUTE
    ../clib/microlib/init/entry.s            0x00000000   Number         0  entry9a.o ABSOLUTE
    ../clib/microlib/init/entry.s            0x00000000   Number         0  entry9b.o ABSOLUTE
    ../clib/microlib/init/entry.s            0x00000000   Number         0  entry10a.o ABSOLUTE
    ../clib/microlib/init/entry.s            0x00000000   Number         0  entry10b.o ABSOLUTE
    ../clib/microlib/init/entry.s            0x00000000   Number         0  entry11a.o ABSOLUTE
    ../clib/microlib/init/entry.s            0x00000000   Number         0  entry.o ABSOLUTE
    ../clib/microlib/init/entry.s            0x00000000   Number         0  entry2.o ABSOLUTE
    ../clib/microlib/longlong.c              0x00000000   Number         0  llshl.o ABSOLUTE
    ../clib/microlib/string/memcpy.c         0x00000000   Number         0  memcpya.o ABSOLUTE
    ../clib/microlib/string/memcpy.c         0x00000000   Number         0  memcpyb.o ABSOLUTE
    ../clib/microlib/string/memset.c         0x00000000   Number         0  memseta.o ABSOLUTE
    ../clib/microlib/stubs.s                 0x00000000   Number         0  iusefp.o ABSOLUTE
    ../fplib/microlib/fpfix.c                0x00000000   Number         0  ffixul.o ABSOLUTE
    ..\FreeRTOS\Source\list.c                0x00000000   Number         0  list.o ABSOLUTE
    ..\FreeRTOS\Source\portable\MemMang\heap_4.c 0x00000000   Number         0  heap_4.o ABSOLUTE
    ..\FreeRTOS\Source\portable\RVDS\ARM_CM4F\port.c 0x00000000   Number         0  port.o ABSOLUTE
    ..\FreeRTOS\Source\queue.c               0x00000000   Number         0  queue.o ABSOLUTE
    ..\FreeRTOS\Source\tasks.c               0x00000000   Number         0  tasks.o ABSOLUTE
    ..\\FreeRTOS\\Source\\portable\\RVDS\\ARM_CM4F\\port.c 0x00000000   Number         0  port.o ABSOLUTE
    ..\ti\TivaWare_C_Series-2.1.4.178\examples\boards\ek-tm4c123gxl\drivers\buttons.c 0x00000000   Number         0  buttons.o ABSOLUTE
    ..\ti\TivaWare_C_Series-2.1.4.178\examples\boards\ek-tm4c123gxl\drivers\rgb.c 0x00000000   Number         0  rgb.o ABSOLUTE
    ..\ti\TivaWare_C_Series-2.1.4.178\utils\uartstdio.c 0x00000000   Number         0  uartstdio.o ABSOLUTE
    ..\ti\TivaWare_C_Series-2.1.4.178\utils\ustdlib.c 0x00000000   Number         0  ustdlib.o ABSOLUTE
    BSP.c                                    0x00000000   Number         0  bsp.o ABSOLUTE
    BSP.c                                    0x00000000   Number         0  bsp.o ABSOLUTE
    accelerometer_task.c                     0x00000000   Number         0  accelerometer_task.o ABSOLUTE
    cpu.c                                    0x00000000   Number         0  cpu.o ABSOLUTE
    cpu.c                                    0x00000000   Number         0  cpu.o ABSOLUTE
    dc.s                                     0x00000000   Number         0  dc.o ABSOLUTE
    freertos_demo.c                          0x00000000   Number         0  freertos_demo.o ABSOLUTE
    handlers.s                               0x00000000   Number         0  handlers.o ABSOLUTE
    init.s                                   0x00000000   Number         0  init.o ABSOLUTE
    interrupt.c                              0x00000000   Number         0  interrupt.o ABSOLUTE
    led_task.c                               0x00000000   Number         0  led_task.o ABSOLUTE
    startup_rvmdk.S                          0x00000000   Number         0  startup_rvmdk.o ABSOLUTE
    switch_task.c                            0x00000000   Number         0  switch_task.o ABSOLUTE
    sysctl.c                                 0x00000000   Number         0  sysctl.o ABSOLUTE
    sysctl.c                                 0x00000000   Number         0  sysctl.o ABSOLUTE
    uart.c                                   0x00000000   Number         0  uart.o ABSOLUTE
    $v0                                      0x0000026c   Number         0  startup_rvmdk.o(RESET)
    NmiSR                                    0x0000029b   Thumb Code     0  startup_rvmdk.o(RESET)
    FaultISR                                 0x0000029d   Thumb Code     0  startup_rvmdk.o(RESET)
    IntDefaultHandler                        0x0000029f   Thumb Code     0  startup_rvmdk.o(RESET)
    .ARM.Collect$$$$00000000                 0x000002a0   Section        0  entry.o(.ARM.Collect$$$$00000000)
    .ARM.Collect$$$$00000001                 0x000002a0   Section        4  entry2.o(.ARM.Collect$$$$00000001)
    .ARM.Collect$$$$00000004                 0x000002a4   Section        4  entry5.o(.ARM.Collect$$$$00000004)
    .ARM.Collect$$$$00000008                 0x000002a8   Section        0  entry7b.o(.ARM.Collect$$$$00000008)
    .ARM.Collect$$$$0000000A                 0x000002a8   Section        0  entry8b.o(.ARM.Collect$$$$0000000A)
    .ARM.Collect$$$$0000000B                 0x000002a8   Section        8  entry9a.o(.ARM.Collect$$$$0000000B)
    .ARM.Collect$$$$0000000D                 0x000002b0   Section        0  entry10a.o(.ARM.Collect$$$$0000000D)
    .ARM.Collect$$$$0000000F                 0x000002b0   Section        0  entry11a.o(.ARM.Collect$$$$0000000F)
    .ARM.Collect$$$$00002712                 0x000002b0   Section        4  entry2.o(.ARM.Collect$$$$00002712)
    __lit__00000000                          0x000002b0   Data           4  entry2.o(.ARM.Collect$$$$00002712)
    .emb_text                                0x000002b4   Section      182  port.o(.emb_text)
    $v0                                      0x000002b4   Number         0  port.o(.emb_text)
    .text                                    0x0000036a   Section        0  memcpya.o(.text)
    .text                                    0x0000038e   Section        0  memseta.o(.text)
    .text                                    0x000003b4   Section       36  init.o(.text)
    i.ButtonsInit                            0x000003d8   Section        0  buttons.o(i.ButtonsInit)
    i.ButtonsPoll                            0x0000043c   Section        0  buttons.o(i.ButtonsPoll)
    i.ConfigureUART                          0x00000494   Section        0  freertos_demo.o(i.ConfigureUART)
    i.LEDTask                                0x000004f0   Section        0  led_task.o(i.LEDTask)
    LEDTask                                  0x000004f1   Thumb Code   164  led_task.o(i.LEDTask)
    i.LEDTaskInit                            0x000005e4   Section        0  led_task.o(i.LEDTaskInit)
    i.RGBColorSet                            0x0000069c   Section        0  rgb.o(i.RGBColorSet)
    i.RGBEnable                              0x0000072c   Section        0  rgb.o(i.RGBEnable)
    i.RGBInit                                0x000007d8   Section        0  rgb.o(i.RGBInit)
    i.RGBIntensitySet                        0x000008a8   Section        0  rgb.o(i.RGBIntensitySet)
    i.SwitchTask                             0x000008bc   Section        0  switch_task.o(i.SwitchTask)
    SwitchTask                               0x000008bd   Thumb Code   144  switch_task.o(i.SwitchTask)
    i.SwitchTaskInit                         0x000009b4   Section        0  switch_task.o(i.SwitchTaskInit)
    i.SysCtlPeripheralEnable                 0x000009fc   Section        0  sysctl.o(i.SysCtlPeripheralEnable)
    i.SysCtlPeripheralPresent                0x00000a24   Section        0  sysctl.o(i.SysCtlPeripheralPresent)
    i.UARTCharPut                            0x00000a50   Section        0  uart.o(i.UARTCharPut)
    i.UARTClockSourceSet                     0x00000a5c   Section        0  uart.o(i.UARTClockSourceSet)
    i.UARTConfigSetExpClk                    0x00000a62   Section        0  uart.o(i.UARTConfigSetExpClk)
    i.UARTEnable                             0x00000ad0   Section        0  uart.o(i.UARTEnable)
    i.UARTStdioConfig                        0x00000ae4   Section        0  uartstdio.o(i.UARTStdioConfig)
    i.UARTprintf                             0x00000b34   Section        0  uartstdio.o(i.UARTprintf)
    i.UARTvprintf                            0x00000b48   Section        0  uartstdio.o(i.UARTvprintf)
    i.UARTwrite                              0x00000cfc   Section        0  uartstdio.o(i.UARTwrite)
    i.__scatterload_copy                     0x00000d30   Section       14  handlers.o(i.__scatterload_copy)
    i.__scatterload_null                     0x00000d3e   Section        2  handlers.o(i.__scatterload_null)
    i.__scatterload_zeroinit                 0x00000d40   Section       14  handlers.o(i.__scatterload_zeroinit)
    i.main                                   0x00000d50   Section        0  freertos_demo.o(i.main)
    i.prvAddCurrentTaskToDelayedList         0x00000d98   Section        0  tasks.o(i.prvAddCurrentTaskToDelayedList)
    prvAddCurrentTaskToDelayedList           0x00000d99   Thumb Code   102  tasks.o(i.prvAddCurrentTaskToDelayedList)
    i.prvAddNewTaskToReadyList               0x00000e08   Section        0  tasks.o(i.prvAddNewTaskToReadyList)
    prvAddNewTaskToReadyList                 0x00000e09   Thumb Code   192  tasks.o(i.prvAddNewTaskToReadyList)
    i.prvCheckTasksWaitingTermination        0x00000ed8   Section        0  tasks.o(i.prvCheckTasksWaitingTermination)
    prvCheckTasksWaitingTermination          0x00000ed9   Thumb Code    74  tasks.o(i.prvCheckTasksWaitingTermination)
    i.prvCopyDataFromQueue                   0x00000f2c   Section        0  queue.o(i.prvCopyDataFromQueue)
    prvCopyDataFromQueue                     0x00000f2d   Thumb Code    38  queue.o(i.prvCopyDataFromQueue)
    i.prvCopyDataToQueue                     0x00000f52   Section        0  queue.o(i.prvCopyDataToQueue)
    prvCopyDataToQueue                       0x00000f53   Thumb Code   108  queue.o(i.prvCopyDataToQueue)
    i.prvDeleteTCB                           0x00000fbe   Section        0  tasks.o(i.prvDeleteTCB)
    prvDeleteTCB                             0x00000fbf   Thumb Code    20  tasks.o(i.prvDeleteTCB)
    i.prvHeapInit                            0x00000fd4   Section        0  heap_4.o(i.prvHeapInit)
    prvHeapInit                              0x00000fd5   Thumb Code    64  heap_4.o(i.prvHeapInit)
    i.prvIdleTask                            0x0000101c   Section        0  tasks.o(i.prvIdleTask)
    prvIdleTask                              0x0000101d   Thumb Code     6  tasks.o(i.prvIdleTask)
    i.prvInitialiseNewTask                   0x00001022   Section        0  tasks.o(i.prvInitialiseNewTask)
    prvInitialiseNewTask                     0x00001023   Thumb Code   138  tasks.o(i.prvInitialiseNewTask)
    i.prvInsertBlockIntoFreeList             0x000010ac   Section        0  heap_4.o(i.prvInsertBlockIntoFreeList)
    prvInsertBlockIntoFreeList               0x000010ad   Thumb Code    72  heap_4.o(i.prvInsertBlockIntoFreeList)
    i.prvIsQueueEmpty                        0x000010f8   Section        0  queue.o(i.prvIsQueueEmpty)
    prvIsQueueEmpty                          0x000010f9   Thumb Code    26  queue.o(i.prvIsQueueEmpty)
    i.prvResetNextTaskUnblockTime            0x00001114   Section        0  tasks.o(i.prvResetNextTaskUnblockTime)
    prvResetNextTaskUnblockTime              0x00001115   Thumb Code    26  tasks.o(i.prvResetNextTaskUnblockTime)
    i.prvTaskExitError                       0x00001134   Section        0  port.o(i.prvTaskExitError)
    prvTaskExitError                         0x00001135   Thumb Code    16  port.o(i.prvTaskExitError)
    i.prvUnlockQueue                         0x00001144   Section        0  queue.o(i.prvUnlockQueue)
    prvUnlockQueue                           0x00001145   Thumb Code   106  queue.o(i.prvUnlockQueue)
    i.pvPortMalloc                           0x000011b0   Section        0  heap_4.o(i.pvPortMalloc)
    i.pvTaskIncrementMutexHeldCount          0x00001248   Section        0  tasks.o(i.pvTaskIncrementMutexHeldCount)
    i.pxPortInitialiseStack                  0x00001260   Section        0  port.o(i.pxPortInitialiseStack)
    i.uxListRemove                           0x0000128c   Section        0  list.o(i.uxListRemove)
    i.vApplicationStackOverflowHook          0x000012b0   Section        0  freertos_demo.o(i.vApplicationStackOverflowHook)
    i.vListInitialise                        0x000012b2   Section        0  list.o(i.vListInitialise)
    i.vListInitialiseItem                    0x000012c8   Section        0  list.o(i.vListInitialiseItem)
    i.vListInsert                            0x000012ce   Section        0  list.o(i.vListInsert)
    i.vListInsertEnd                         0x000012fe   Section        0  list.o(i.vListInsertEnd)
    i.vPortEnterCritical                     0x00001318   Section        0  port.o(i.vPortEnterCritical)
    i.vPortExitCritical                      0x00001334   Section        0  port.o(i.vPortExitCritical)
    i.vPortFree                              0x00001348   Section        0  heap_4.o(i.vPortFree)
    i.vPortSetupTimerInterrupt               0x00001388   Section        0  port.o(i.vPortSetupTimerInterrupt)
    i.vTaskDelayUntil                        0x00001398   Section        0  tasks.o(i.vTaskDelayUntil)
    i.vTaskMissedYield                       0x000013f0   Section        0  tasks.o(i.vTaskMissedYield)
    i.vTaskPlaceOnEventList                  0x000013fc   Section        0  tasks.o(i.vTaskPlaceOnEventList)
    i.vTaskPriorityInherit                   0x00001420   Section        0  tasks.o(i.vTaskPriorityInherit)
    i.vTaskSetTimeOutState                   0x000014a4   Section        0  tasks.o(i.vTaskSetTimeOutState)
    i.vTaskStartScheduler                    0x000014b4   Section        0  tasks.o(i.vTaskStartScheduler)
    i.vTaskSuspendAll                        0x00001508   Section        0  tasks.o(i.vTaskSuspendAll)
    i.vTaskSwitchContext                     0x00001518   Section        0  tasks.o(i.vTaskSwitchContext)
    i.xPortStartScheduler                    0x00001588   Section        0  port.o(i.xPortStartScheduler)
    i.xPortSysTickHandler                    0x000015c8   Section        0  port.o(i.xPortSysTickHandler)
    i.xQueueCreateMutex                      0x000015f4   Section        0  queue.o(i.xQueueCreateMutex)
    i.xQueueGenericCreate                    0x00001618   Section        0  queue.o(i.xQueueGenericCreate)
    i.xQueueGenericReceive                   0x00001658   Section        0  queue.o(i.xQueueGenericReceive)
    i.xQueueGenericReset                     0x0000177c   Section        0  queue.o(i.xQueueGenericReset)
    i.xQueueGenericSend                      0x000017f0   Section        0  queue.o(i.xQueueGenericSend)
    i.xTaskCheckForTimeOut                   0x000018f0   Section        0  tasks.o(i.xTaskCheckForTimeOut)
    i.xTaskCreate                            0x00001938   Section        0  tasks.o(i.xTaskCreate)
    i.xTaskGetTickCount                      0x00001990   Section        0  tasks.o(i.xTaskGetTickCount)
    i.xTaskIncrementTick                     0x0000199c   Section        0  tasks.o(i.xTaskIncrementTick)
    i.xTaskPriorityDisinherit                0x00001a50   Section        0  tasks.o(i.xTaskPriorityDisinherit)
    i.xTaskRemoveFromEventList               0x00001ac0   Section        0  tasks.o(i.xTaskRemoveFromEventList)
    i.xTaskResumeAll                         0x00001b24   Section        0  tasks.o(i.xTaskResumeAll)
    .constdata                               0x00001bd4   Section       28  uartstdio.o(.constdata)
    g_pcHex                                  0x00001bd4   Data           4  uartstdio.o(.constdata)
    g_ui32UARTBase                           0x00001bd8   Data          12  uartstdio.o(.constdata)
    g_ui32UARTPeriph                         0x00001be4   Data          12  uartstdio.o(.constdata)
    .conststring                             0x00001bf0   Section       68  freertos_demo.o(.conststring)
    .conststring                             0x00001c34   Section       17  uartstdio.o(.conststring)
    .data                                    0x20000000   Section        4  freertos_demo.o(.data)
    .data                                    0x20000004   Section       12  led_task.o(.data)
    prev1                                    0x20000004   Data           1  led_task.o(.data)
    prev2                                    0x20000005   Data           1  led_task.o(.data)
    prevS                                    0x20000006   Data           1  led_task.o(.data)
    mode                                     0x20000007   Data           1  led_task.o(.data)
    g_ui8ColorsIndx                          0x20000008   Data           1  led_task.o(.data)
    .data                                    0x20000010   Section       60  tasks.o(.data)
    uxDeletedTasksWaitingCleanUp             0x20000014   Data           4  tasks.o(.data)
    uxCurrentNumberOfTasks                   0x20000018   Data           4  tasks.o(.data)
    xTickCount                               0x2000001c   Data           4  tasks.o(.data)
    uxTopReadyPriority                       0x20000020   Data           4  tasks.o(.data)
    xSchedulerRunning                        0x20000024   Data           4  tasks.o(.data)
    uxPendedTicks                            0x20000028   Data           4  tasks.o(.data)
    xYieldPending                            0x2000002c   Data           4  tasks.o(.data)
    xNumOfOverflows                          0x20000030   Data           4  tasks.o(.data)
    uxTaskNumber                             0x20000034   Data           4  tasks.o(.data)
    xNextTaskUnblockTime                     0x20000038   Data           4  tasks.o(.data)
    xIdleTaskHandle                          0x2000003c   Data           4  tasks.o(.data)
    uxSchedulerSuspended                     0x20000040   Data           4  tasks.o(.data)
    pxDelayedTaskList                        0x20000044   Data           4  tasks.o(.data)
    pxOverflowDelayedTaskList                0x20000048   Data           4  tasks.o(.data)
    .data                                    0x2000004c   Section        4  port.o(.data)
    uxCriticalNesting                        0x2000004c   Data           4  port.o(.data)
    .data                                    0x20000050   Section       24  heap_4.o(.data)
    pxEnd                                    0x20000050   Data           4  heap_4.o(.data)
    xFreeBytesRemaining                      0x20000054   Data           4  heap_4.o(.data)
    xMinimumEverFreeBytesRemaining           0x20000058   Data           4  heap_4.o(.data)
    xBlockAllocatedBit                       0x2000005c   Data           4  heap_4.o(.data)
    xStart                                   0x20000060   Data           8  heap_4.o(.data)
    .data                                    0x20000068   Section        3  buttons.o(.data)
    g_ui8ButtonStates                        0x20000068   Data           1  buttons.o(.data)
    ui8SwitchClockA                          0x20000069   Data           1  buttons.o(.data)
    ui8SwitchClockB                          0x2000006a   Data           1  buttons.o(.data)
    .data                                    0x2000006c   Section        8  rgb.o(.data)
    g_fIntensity                             0x2000006c   Data           4  rgb.o(.data)
    ulFlags                                  0x20000070   Data           4  rgb.o(.data)
    .data                                    0x20000074   Section        8  uartstdio.o(.data)
    bLastWasCR                               0x20000074   Data           1  uartstdio.o(.data)
    g_ui32Base                               0x20000078   Data           4  uartstdio.o(.data)
    .bss                                     0x2000007c   Section       12  led_task.o(.bss)
    g_pui32Colors                            0x2000007c   Data          12  led_task.o(.bss)
    .bss                                     0x20000088   Section      420  tasks.o(.bss)
    pxReadyTasksLists                        0x20000088   Data         320  tasks.o(.bss)
    xDelayedTaskList1                        0x200001c8   Data          20  tasks.o(.bss)
    xDelayedTaskList2                        0x200001dc   Data          20  tasks.o(.bss)
    xPendingReadyList                        0x200001f0   Data          20  tasks.o(.bss)
    xTasksWaitingTermination                 0x20000204   Data          20  tasks.o(.bss)
    xSuspendedTaskList                       0x20000218   Data          20  tasks.o(.bss)
    .bss                                     0x2000022c   Section    30000  heap_4.o(.bss)
    ucHeap                                   0x2000022c   Data       30000  heap_4.o(.bss)
    .bss                                     0x2000775c   Section       12  rgb.o(.bss)
    g_ui32Colors                             0x2000775c   Data          12  rgb.o(.bss)
    STACK                                    0x20007768   Section      512  startup_rvmdk.o(STACK)
    StackMem                                 0x20007768   Data           0  startup_rvmdk.o(STACK)

    Global Symbols

    Symbol Name                              Value     Ov Type        Size  Object(Section)

    BuildAttributes$$THM_ISAv4$E$P$D$K$B$S$7EM$VFPi3$EXTD16$VFPS$VFMA$PE$A:L22UL41UL21$X:L11$S22US41US21$IEEE1$IW$USESV6$~STKCKD$USESV7$~SHL$OTIME$ROPI$EBA8$MICROLIB$REQ8$PRES8$EABIv2 0x00000000   Number         0  anon$$obj.o ABSOLUTE
    __ARM_use_no_argv                        0x00000000   Number         0  freertos_demo.o ABSOLUTE
    __Vectors                                0x00000000   Data           0  startup_rvmdk.o(RESET)
    __cpp_initialize__aeabi_                  - Undefined Weak Reference
    __cxa_finalize                            - Undefined Weak Reference
    __decompress                              - Undefined Weak Reference
    _clock_init                               - Undefined Weak Reference
    _microlib_exit                            - Undefined Weak Reference
    Reset_Handler                            0x0000026d   Thumb Code     0  startup_rvmdk.o(RESET)
    DisableInterrupts                        0x00000281   Thumb Code     0  startup_rvmdk.o(RESET)
    EnableInterrupts                         0x00000285   Thumb Code     0  startup_rvmdk.o(RESET)
    StartCritical                            0x00000289   Thumb Code     0  startup_rvmdk.o(RESET)
    EndCritical                              0x00000291   Thumb Code     0  startup_rvmdk.o(RESET)
    WaitForInterrupt                         0x00000297   Thumb Code     0  startup_rvmdk.o(RESET)
    __main                                   0x000002a1   Thumb Code     0  entry.o(.ARM.Collect$$$$00000000)
    _main_stk                                0x000002a1   Thumb Code     0  entry2.o(.ARM.Collect$$$$00000001)
    _main_scatterload                        0x000002a5   Thumb Code     0  entry5.o(.ARM.Collect$$$$00000004)
    __main_after_scatterload                 0x000002a9   Thumb Code     0  entry5.o(.ARM.Collect$$$$00000004)
    _main_clock                              0x000002a9   Thumb Code     0  entry7b.o(.ARM.Collect$$$$00000008)
    _main_cpp_init                           0x000002a9   Thumb Code     0  entry8b.o(.ARM.Collect$$$$0000000A)
    _main_init                               0x000002a9   Thumb Code     0  entry9a.o(.ARM.Collect$$$$0000000B)
    __rt_final_cpp                           0x000002b1   Thumb Code     0  entry10a.o(.ARM.Collect$$$$0000000D)
    __rt_final_exit                          0x000002b1   Thumb Code     0  entry11a.o(.ARM.Collect$$$$0000000F)
    vPortSVCHandler                          0x000002b5   Thumb Code    28  port.o(.emb_text)
    __asm___6_port_c_39a90d8d__prvStartFirstTask 0x000002d5   Thumb Code    28  port.o(.emb_text)
    __asm___6_port_c_39a90d8d__prvEnableVFP  0x000002f5   Thumb Code    16  port.o(.emb_text)
    xPortPendSVHandler                       0x00000309   Thumb Code    88  port.o(.emb_text)
    vPortGetIPSR                             0x00000365   Thumb Code     6  port.o(.emb_text)
    __aeabi_memcpy                           0x0000036b   Thumb Code    36  memcpya.o(.text)
    __aeabi_memcpy4                          0x0000036b   Thumb Code     0  memcpya.o(.text)
    __aeabi_memcpy8                          0x0000036b   Thumb Code     0  memcpya.o(.text)
    __aeabi_memset                           0x0000038f   Thumb Code    14  memseta.o(.text)
    __aeabi_memset4                          0x0000038f   Thumb Code     0  memseta.o(.text)
    __aeabi_memset8                          0x0000038f   Thumb Code     0  memseta.o(.text)
    __aeabi_memclr                           0x0000039d   Thumb Code     4  memseta.o(.text)
    __aeabi_memclr4                          0x0000039d   Thumb Code     0  memseta.o(.text)
    __aeabi_memclr8                          0x0000039d   Thumb Code     0  memseta.o(.text)
    _memset$wrapper                          0x000003a1   Thumb Code    18  memseta.o(.text)
    __scatterload                            0x000003b5   Thumb Code    28  init.o(.text)
    __scatterload_rt2                        0x000003b5   Thumb Code     0  init.o(.text)
    ButtonsInit                              0x000003d9   Thumb Code    78  buttons.o(i.ButtonsInit)
    ButtonsPoll                              0x0000043d   Thumb Code    78  buttons.o(i.ButtonsPoll)
    ConfigureUART                            0x00000495   Thumb Code    76  freertos_demo.o(i.ConfigureUART)
    LEDTaskInit                              0x000005e5   Thumb Code    96  led_task.o(i.LEDTaskInit)
    RGBColorSet                              0x0000069d   Thumb Code   126  rgb.o(i.RGBColorSet)
    RGBEnable                                0x0000072d   Thumb Code   146  rgb.o(i.RGBEnable)
    RGBInit                                  0x000007d9   Thumb Code   180  rgb.o(i.RGBInit)
    RGBIntensitySet                          0x000008a9   Thumb Code    12  rgb.o(i.RGBIntensitySet)
    SwitchTaskInit                           0x000009b5   Thumb Code    50  switch_task.o(i.SwitchTaskInit)
    SysCtlPeripheralEnable                   0x000009fd   Thumb Code    36  sysctl.o(i.SysCtlPeripheralEnable)
    SysCtlPeripheralPresent                  0x00000a25   Thumb Code    40  sysctl.o(i.SysCtlPeripheralPresent)
    UARTCharPut                              0x00000a51   Thumb Code    12  uart.o(i.UARTCharPut)
    UARTClockSourceSet                       0x00000a5d   Thumb Code     6  uart.o(i.UARTClockSourceSet)
    UARTConfigSetExpClk                      0x00000a63   Thumb Code   110  uart.o(i.UARTConfigSetExpClk)
    UARTEnable                               0x00000ad1   Thumb Code    20  uart.o(i.UARTEnable)
    UARTStdioConfig                          0x00000ae5   Thumb Code    70  uartstdio.o(i.UARTStdioConfig)
    UARTprintf                               0x00000b35   Thumb Code    18  uartstdio.o(i.UARTprintf)
    UARTvprintf                              0x00000b49   Thumb Code   420  uartstdio.o(i.UARTvprintf)
    UARTwrite                                0x00000cfd   Thumb Code    48  uartstdio.o(i.UARTwrite)
    __scatterload_copy                       0x00000d31   Thumb Code    14  handlers.o(i.__scatterload_copy)
    __scatterload_null                       0x00000d3f   Thumb Code     2  handlers.o(i.__scatterload_null)
    __scatterload_zeroinit                   0x00000d41   Thumb Code    14  handlers.o(i.__scatterload_zeroinit)
    main                                     0x00000d51   Thumb Code    58  freertos_demo.o(i.main)
    pvPortMalloc                             0x000011b1   Thumb Code   148  heap_4.o(i.pvPortMalloc)
    pvTaskIncrementMutexHeldCount            0x00001249   Thumb Code    18  tasks.o(i.pvTaskIncrementMutexHeldCount)
    pxPortInitialiseStack                    0x00001261   Thumb Code    40  port.o(i.pxPortInitialiseStack)
    uxListRemove                             0x0000128d   Thumb Code    36  list.o(i.uxListRemove)
    vApplicationStackOverflowHook            0x000012b1   Thumb Code     2  freertos_demo.o(i.vApplicationStackOverflowHook)
    vListInitialise                          0x000012b3   Thumb Code    22  list.o(i.vListInitialise)
    vListInitialiseItem                      0x000012c9   Thumb Code     6  list.o(i.vListInitialiseItem)
    vListInsert                              0x000012cf   Thumb Code    48  list.o(i.vListInsert)
    vListInsertEnd                           0x000012ff   Thumb Code    24  list.o(i.vListInsertEnd)
    vPortEnterCritical                       0x00001319   Thumb Code    24  port.o(i.vPortEnterCritical)
    vPortExitCritical                        0x00001335   Thumb Code    16  port.o(i.vPortExitCritical)
    vPortFree                                0x00001349   Thumb Code    58  heap_4.o(i.vPortFree)
    vPortSetupTimerInterrupt                 0x00001389   Thumb Code    16  port.o(i.vPortSetupTimerInterrupt)
    vTaskDelayUntil                          0x00001399   Thumb Code    78  tasks.o(i.vTaskDelayUntil)
    vTaskMissedYield                         0x000013f1   Thumb Code     8  tasks.o(i.vTaskMissedYield)
    vTaskPlaceOnEventList                    0x000013fd   Thumb Code    30  tasks.o(i.vTaskPlaceOnEventList)
    vTaskPriorityInherit                     0x00001421   Thumb Code   124  tasks.o(i.vTaskPriorityInherit)
    vTaskSetTimeOutState                     0x000014a5   Thumb Code    12  tasks.o(i.vTaskSetTimeOutState)
    vTaskStartScheduler                      0x000014b5   Thumb Code    66  tasks.o(i.vTaskStartScheduler)
    vTaskSuspendAll                          0x00001509   Thumb Code    10  tasks.o(i.vTaskSuspendAll)
    vTaskSwitchContext                       0x00001519   Thumb Code   104  tasks.o(i.vTaskSwitchContext)
    xPortStartScheduler                      0x00001589   Thumb Code    52  port.o(i.xPortStartScheduler)
    xPortSysTickHandler                      0x000015c9   Thumb Code    38  port.o(i.xPortSysTickHandler)
    xQueueCreateMutex                        0x000015f5   Thumb Code    36  queue.o(i.xQueueCreateMutex)
    xQueueGenericCreate                      0x00001619   Thumb Code    64  queue.o(i.xQueueGenericCreate)
    xQueueGenericReceive                     0x00001659   Thumb Code   286  queue.o(i.xQueueGenericReceive)
    xQueueGenericReset                       0x0000177d   Thumb Code   112  queue.o(i.xQueueGenericReset)
    xQueueGenericSend                        0x000017f1   Thumb Code   250  queue.o(i.xQueueGenericSend)
    xTaskCheckForTimeOut                     0x000018f1   Thumb Code    66  tasks.o(i.xTaskCheckForTimeOut)
    xTaskCreate                              0x00001939   Thumb Code    86  tasks.o(i.xTaskCreate)
    xTaskGetTickCount                        0x00001991   Thumb Code     6  tasks.o(i.xTaskGetTickCount)
    xTaskIncrementTick                       0x0000199d   Thumb Code   170  tasks.o(i.xTaskIncrementTick)
    xTaskPriorityDisinherit                  0x00001a51   Thumb Code   102  tasks.o(i.xTaskPriorityDisinherit)
    xTaskRemoveFromEventList                 0x00001ac1   Thumb Code    88  tasks.o(i.xTaskRemoveFromEventList)
    xTaskResumeAll                           0x00001b25   Thumb Code   164  tasks.o(i.xTaskResumeAll)
    Region$$Table$$Base                      0x00001c48   Number         0  anon$$obj.o(Region$$Table)
    Region$$Table$$Limit                     0x00001c68   Number         0  anon$$obj.o(Region$$Table)
    g_pUARTSemaphore                         0x20000000   Data           4  freertos_demo.o(.data)
    g_pLEDQueue                              0x2000000c   Data           4  led_task.o(.data)
    pxCurrentTCB                             0x20000010   Data           4  tasks.o(.data)
    __initial_sp                             0x20007968   Data           0  startup_rvmdk.o(STACK)



==============================================================================

Memory Map of the image

  Image Entry point : 0x0000026d

  Load Region LR_IROM (Base: 0x00000000, Size: 0x00001ce4, Max: 0x00040000, ABSOLUTE)

    Execution Region ER_IROM (Exec base: 0x00000000, Load base: 0x00000000, Size: 0x00001c68, Max: 0x00040000, ABSOLUTE)

    Exec Addr    Load Addr    Size         Type   Attr      Idx    E Section Name        Object

    0x00000000   0x00000000   0x000002a0   Code   RO          684  * RESET               startup_rvmdk.o
    0x000002a0   0x000002a0   0x00000000   Code   RO         2492  * .ARM.Collect$$$$00000000  mc_w.l(entry.o)
    0x000002a0   0x000002a0   0x00000004   Code   RO         2503    .ARM.Collect$$$$00000001  mc_w.l(entry2.o)
    0x000002a4   0x000002a4   0x00000004   Code   RO         2506    .ARM.Collect$$$$00000004  mc_w.l(entry5.o)
    0x000002a8   0x000002a8   0x00000000   Code   RO         2508    .ARM.Collect$$$$00000008  mc_w.l(entry7b.o)
    0x000002a8   0x000002a8   0x00000000   Code   RO         2510    .ARM.Collect$$$$0000000A  mc_w.l(entry8b.o)
    0x000002a8   0x000002a8   0x00000008   Code   RO         2511    .ARM.Collect$$$$0000000B  mc_w.l(entry9a.o)
    0x000002b0   0x000002b0   0x00000000   Code   RO         2513    .ARM.Collect$$$$0000000D  mc_w.l(entry10a.o)
    0x000002b0   0x000002b0   0x00000000   Code   RO         2515    .ARM.Collect$$$$0000000F  mc_w.l(entry11a.o)
    0x000002b0   0x000002b0   0x00000004   Code   RO         2504    .ARM.Collect$$$$00002712  mc_w.l(entry2.o)
    0x000002b4   0x000002b4   0x000000b6   Code   RO         1238    .emb_text           port.o
    0x0000036a   0x0000036a   0x00000024   Code   RO         2495    .text               mc_w.l(memcpya.o)
    0x0000038e   0x0000038e   0x00000024   Code   RO         2497    .text               mc_w.l(memseta.o)
    0x000003b2   0x000003b2   0x00000002   PAD
    0x000003b4   0x000003b4   0x00000024   Code   RO         2520    .text               mc_w.l(init.o)
    0x000003d8   0x000003d8   0x00000064   Code   RO         1394    i.ButtonsInit       buttons.o
    0x0000043c   0x0000043c   0x00000058   Code   RO         1395    i.ButtonsPoll       buttons.o
    0x00000494   0x00000494   0x0000005c   Code   RO            1    i.ConfigureUART     freertos_demo.o
    0x000004f0   0x000004f0   0x000000f4   Code   RO          140    i.LEDTask           led_task.o
    0x000005e4   0x000005e4   0x000000b8   Code   RO          141    i.LEDTaskInit       led_task.o
    0x0000069c   0x0000069c   0x00000090   Code   RO         1444    i.RGBColorSet       rgb.o
    0x0000072c   0x0000072c   0x000000ac   Code   RO         1446    i.RGBEnable         rgb.o
    0x000007d8   0x000007d8   0x000000d0   Code   RO         1447    i.RGBInit           rgb.o
    0x000008a8   0x000008a8   0x00000014   Code   RO         1448    i.RGBIntensitySet   rgb.o
    0x000008bc   0x000008bc   0x000000f8   Code   RO          180    i.SwitchTask        switch_task.o
    0x000009b4   0x000009b4   0x00000048   Code   RO          181    i.SwitchTaskInit    switch_task.o
    0x000009fc   0x000009fc   0x00000028   Code   RO         1733    i.SysCtlPeripheralEnable  driverlib.lib(sysctl.o)
    0x00000a24   0x00000a24   0x0000002c   Code   RO         1736    i.SysCtlPeripheralPresent  driverlib.lib(sysctl.o)
    0x00000a50   0x00000a50   0x0000000c   Code   RO         2082    i.UARTCharPut       driverlib.lib(uart.o)
    0x00000a5c   0x00000a5c   0x00000006   Code   RO         2086    i.UARTClockSourceSet  driverlib.lib(uart.o)
    0x00000a62   0x00000a62   0x0000006e   Code   RO         2088    i.UARTConfigSetExpClk  driverlib.lib(uart.o)
    0x00000ad0   0x00000ad0   0x00000014   Code   RO         2093    i.UARTEnable        driverlib.lib(uart.o)
    0x00000ae4   0x00000ae4   0x00000050   Code   RO         1638    i.UARTStdioConfig   uartstdio.o
    0x00000b34   0x00000b34   0x00000012   Code   RO         1641    i.UARTprintf        uartstdio.o
    0x00000b46   0x00000b46   0x00000002   PAD
    0x00000b48   0x00000b48   0x000001b4   Code   RO         1642    i.UARTvprintf       uartstdio.o
    0x00000cfc   0x00000cfc   0x00000034   Code   RO         1643    i.UARTwrite         uartstdio.o
    0x00000d30   0x00000d30   0x0000000e   Code   RO         2524    i.__scatterload_copy  mc_w.l(handlers.o)
    0x00000d3e   0x00000d3e   0x00000002   Code   RO         2525    i.__scatterload_null  mc_w.l(handlers.o)
    0x00000d40   0x00000d40   0x0000000e   Code   RO         2526    i.__scatterload_zeroinit  mc_w.l(handlers.o)
    0x00000d4e   0x00000d4e   0x00000002   PAD
    0x00000d50   0x00000d50   0x00000048   Code   RO            2    i.main              freertos_demo.o
    0x00000d98   0x00000d98   0x00000070   Code   RO          708    i.prvAddCurrentTaskToDelayedList  tasks.o
    0x00000e08   0x00000e08   0x000000d0   Code   RO          709    i.prvAddNewTaskToReadyList  tasks.o
    0x00000ed8   0x00000ed8   0x00000054   Code   RO          710    i.prvCheckTasksWaitingTermination  tasks.o
    0x00000f2c   0x00000f2c   0x00000026   Code   RO         1060    i.prvCopyDataFromQueue  queue.o
    0x00000f52   0x00000f52   0x0000006c   Code   RO         1061    i.prvCopyDataToQueue  queue.o
    0x00000fbe   0x00000fbe   0x00000014   Code   RO          711    i.prvDeleteTCB      tasks.o
    0x00000fd2   0x00000fd2   0x00000002   PAD
    0x00000fd4   0x00000fd4   0x00000048   Code   RO         1345    i.prvHeapInit       heap_4.o
    0x0000101c   0x0000101c   0x00000006   Code   RO          712    i.prvIdleTask       tasks.o
    0x00001022   0x00001022   0x0000008a   Code   RO          713    i.prvInitialiseNewTask  tasks.o
    0x000010ac   0x000010ac   0x0000004c   Code   RO         1346    i.prvInsertBlockIntoFreeList  heap_4.o
    0x000010f8   0x000010f8   0x0000001a   Code   RO         1062    i.prvIsQueueEmpty   queue.o
    0x00001112   0x00001112   0x00000002   PAD
    0x00001114   0x00001114   0x00000020   Code   RO          715    i.prvResetNextTaskUnblockTime  tasks.o
    0x00001134   0x00001134   0x00000010   Code   RO         1239    i.prvTaskExitError  port.o
    0x00001144   0x00001144   0x0000006a   Code   RO         1063    i.prvUnlockQueue    queue.o
    0x000011ae   0x000011ae   0x00000002   PAD
    0x000011b0   0x000011b0   0x00000098   Code   RO         1347    i.pvPortMalloc      heap_4.o
    0x00001248   0x00001248   0x00000018   Code   RO          718    i.pvTaskIncrementMutexHeldCount  tasks.o
    0x00001260   0x00001260   0x0000002c   Code   RO         1240    i.pxPortInitialiseStack  port.o
    0x0000128c   0x0000128c   0x00000024   Code   RO         1309    i.uxListRemove      list.o
    0x000012b0   0x000012b0   0x00000002   Code   RO            3    i.vApplicationStackOverflowHook  freertos_demo.o
    0x000012b2   0x000012b2   0x00000016   Code   RO         1310    i.vListInitialise   list.o
    0x000012c8   0x000012c8   0x00000006   Code   RO         1311    i.vListInitialiseItem  list.o
    0x000012ce   0x000012ce   0x00000030   Code   RO         1312    i.vListInsert       list.o
    0x000012fe   0x000012fe   0x00000018   Code   RO         1313    i.vListInsertEnd    list.o
    0x00001316   0x00001316   0x00000002   PAD
    0x00001318   0x00001318   0x0000001c   Code   RO         1242    i.vPortEnterCritical  port.o
    0x00001334   0x00001334   0x00000014   Code   RO         1243    i.vPortExitCritical  port.o
    0x00001348   0x00001348   0x00000040   Code   RO         1348    i.vPortFree         heap_4.o
    0x00001388   0x00001388   0x00000010   Code   RO         1244    i.vPortSetupTimerInterrupt  port.o
    0x00001398   0x00001398   0x00000058   Code   RO          728    i.vTaskDelayUntil   tasks.o
    0x000013f0   0x000013f0   0x0000000c   Code   RO          732    i.vTaskMissedYield  tasks.o
    0x000013fc   0x000013fc   0x00000024   Code   RO          734    i.vTaskPlaceOnEventList  tasks.o
    0x00001420   0x00001420   0x00000084   Code   RO          736    i.vTaskPriorityInherit  tasks.o
    0x000014a4   0x000014a4   0x00000010   Code   RO          740    i.vTaskSetTimeOutState  tasks.o
    0x000014b4   0x000014b4   0x00000054   Code   RO          741    i.vTaskStartScheduler  tasks.o
    0x00001508   0x00001508   0x00000010   Code   RO          743    i.vTaskSuspendAll   tasks.o
    0x00001518   0x00001518   0x00000070   Code   RO          744    i.vTaskSwitchContext  tasks.o
    0x00001588   0x00001588   0x00000040   Code   RO         1245    i.xPortStartScheduler  port.o
    0x000015c8   0x000015c8   0x0000002c   Code   RO         1246    i.xPortSysTickHandler  port.o
    0x000015f4   0x000015f4   0x00000024   Code   RO         1073    i.xQueueCreateMutex  queue.o
    0x00001618   0x00001618   0x00000040   Code   RO         1074    i.xQueueGenericCreate  queue.o
    0x00001658   0x00001658   0x00000124   Code   RO         1075    i.xQueueGenericReceive  queue.o
    0x0000177c   0x0000177c   0x00000074   Code   RO         1076    i.xQueueGenericReset  queue.o
    0x000017f0   0x000017f0   0x00000100   Code   RO         1077    i.xQueueGenericSend  queue.o
    0x000018f0   0x000018f0   0x00000048   Code   RO          745    i.xTaskCheckForTimeOut  tasks.o
    0x00001938   0x00001938   0x00000056   Code   RO          746    i.xTaskCreate       tasks.o
    0x0000198e   0x0000198e   0x00000002   PAD
    0x00001990   0x00001990   0x0000000c   Code   RO          750    i.xTaskGetTickCount  tasks.o
    0x0000199c   0x0000199c   0x000000b4   Code   RO          752    i.xTaskIncrementTick  tasks.o
    0x00001a50   0x00001a50   0x00000070   Code   RO          755    i.xTaskPriorityDisinherit  tasks.o
    0x00001ac0   0x00001ac0   0x00000064   Code   RO          756    i.xTaskRemoveFromEventList  tasks.o
    0x00001b24   0x00001b24   0x000000b0   Code   RO          758    i.xTaskResumeAll    tasks.o
    0x00001bd4   0x00001bd4   0x0000001c   Data   RO         1644    .constdata          uartstdio.o
    0x00001bf0   0x00001bf0   0x00000044   Data   RO            4    .conststring        freertos_demo.o
    0x00001c34   0x00001c34   0x00000011   Data   RO         1645    .conststring        uartstdio.o
    0x00001c45   0x00001c45   0x00000003   PAD
    0x00001c48   0x00001c48   0x00000020   Data   RO         2522    Region$$Table       anon$$obj.o


    Execution Region RW_IRAM (Exec base: 0x20000000, Load base: 0x00001c68, Size: 0x00007968, Max: 0x00008000, ABSOLUTE)

    Exec Addr    Load Addr    Size         Type   Attr      Idx    E Section Name        Object

    0x20000000   0x00001c68   0x00000004   Data   RW           10    .data               freertos_demo.o
    0x20000004   0x00001c6c   0x0000000c   Data   RW          145    .data               led_task.o
    0x20000010   0x00001c78   0x0000003c   Data   RW          761    .data               tasks.o
    0x2000004c   0x00001cb4   0x00000004   Data   RW         1247    .data               port.o
    0x20000050   0x00001cb8   0x00000018   Data   RW         1353    .data               heap_4.o
    0x20000068   0x00001cd0   0x00000003   Data   RW         1396    .data               buttons.o
    0x2000006b   0x00001cd3   0x00000001   PAD
    0x2000006c   0x00001cd4   0x00000008   Data   RW         1451    .data               rgb.o
    0x20000074   0x00001cdc   0x00000008   Data   RW         1646    .data               uartstdio.o
    0x2000007c        -       0x0000000c   Zero   RW          144    .bss                led_task.o
    0x20000088        -       0x000001a4   Zero   RW          760    .bss                tasks.o
    0x2000022c        -       0x00007530   Zero   RW         1352    .bss                heap_4.o
    0x2000775c        -       0x0000000c   Zero   RW         1450    .bss                rgb.o
    0x20007768        -       0x00000200   Zero   RW          682    STACK               startup_rvmdk.o


==============================================================================

Image component sizes


      Code (inc. data)   RO Data    RW Data    ZI Data      Debug   Object Name

         0          0          0          0          0         32   bsp.o
       188         32          0          3          0       2980   buttons.o
       166         30         68          4          0      23246   freertos_demo.o
       364         22          0         24      30000       4267   heap_4.o
       428        168          0         12         12       3806   led_task.o
       136          0          0          0          0       3442   list.o
       414         46          0          4          0      10116   port.o
      1042         16          0          0          0      18462   queue.o
       544         80          0          8         12       5111   rgb.o
       672        620          0          0        512        300   startup_rvmdk.o
       320        126          0          0          0       1401   switch_task.o
      1858        168          0         60        420      30373   tasks.o
       586         30         45          8          0       6048   uartstdio.o

    ----------------------------------------------------------------------
      6730       1338        148        124      30956     109584   Object Totals
         0          0         32          0          0          0   (incl. Generated)
        12          0          3          1          0          0   (incl. Padding)

    ----------------------------------------------------------------------

      Code (inc. data)   RO Data    RW Data    ZI Data      Debug   Library Member Name

        84          8          0          0          0       4075   sysctl.o
       148          0          0          0          0       2986   uart.o
         0          0          0          0          0          0   entry.o
         0          0          0          0          0          0   entry10a.o
         0          0          0          0          0          0   entry11a.o
         8          4          0          0          0          0   entry2.o
         4          0          0          0          0          0   entry5.o
         0          0          0          0          0          0   entry7b.o
         0          0          0          0          0          0   entry8b.o
         8          4          0          0          0          0   entry9a.o
        30          0          0          0          0          0   handlers.o
        36          8          0          0          0         68   init.o
        36          0          0          0          0         68   memcpya.o
        36          0          0          0          0        108   memseta.o

    ----------------------------------------------------------------------
       394         24          0          0          0       7305   Library Totals
         4          0          0          0          0          0   (incl. Padding)

    ----------------------------------------------------------------------

      Code (inc. data)   RO Data    RW Data    ZI Data      Debug   Library Name

       232          8          0          0          0       7061   driverlib.lib
       158         16          0          0          0        244   mc_w.l

    ----------------------------------------------------------------------
       394         24          0          0          0       7305   Library Totals

    ----------------------------------------------------------------------

==============================================================================


      Code (inc. data)   RO Data    RW Data    ZI Data      Debug   

      7124       1362        148        124      30956     110541   Grand Totals
      7124       1362        148        124      30956     110541   ELF Image Totals
      7124       1362        148        124          0          0   ROM Totals

==============================================================================

    Total RO  Size (Code + RO Data)                 7272 (   7.10kB)
    Total RW  Size (RW Data + ZI Data)             31080 (  30.35kB)
    Total ROM Size (Code + RO Data + RW Data)       7396 (   7.22kB)

==============================================================================

