Component: ARM Compiler 5.06 update 5 (build 528) Tool: armlink [4d35e2]

==============================================================================

Section Cross References

    freertos_demo.o(i.ConfigureUART) refers to uart.o(i.UARTClockSourceSet) for UARTClockSourceSet
    freertos_demo.o(i.ConfigureUART) refers to uartstdio.o(i.UARTStdioConfig) for UARTStdioConfig
    freertos_demo.o(i.checkbuttons) refers to bsp.o(i.BSP_Buzzer_Set) for BSP_Buzzer_Set
    freertos_demo.o(i.checkbuttons) refers to bsp.o(i.BSP_Joystick_Input) for BSP_Joystick_Input
    freertos_demo.o(i.checkbuttons) refers to bsp.o(i.BSP_Accelerometer_Input) for BSP_Accelerometer_Input
    freertos_demo.o(i.checkbuttons) refers to bsp.o(i.BSP_Button1_Input) for BSP_Button1_Input
    freertos_demo.o(i.checkbuttons) refers to bsp.o(i.BSP_Button2_Input) for BSP_Button2_Input
    freertos_demo.o(i.checkbuttons) refers to bsp.o(i.BSP_RGB_Set) for BSP_RGB_Set
    freertos_demo.o(i.checkbuttons) refers to freertos_demo.o(.data) for .data
    freertos_demo.o(i.main) refers to freertos_demo.o(i.ConfigureUART) for ConfigureUART
    freertos_demo.o(i.main) refers to uartstdio.o(i.UARTprintf) for UARTprintf
    freertos_demo.o(i.main) refers to queue.o(i.xQueueCreateMutex) for xQueueCreateMutex
    freertos_demo.o(i.main) refers to led_task.o(i.LEDTaskInit) for LEDTaskInit
    freertos_demo.o(i.main) refers to switch_task.o(i.SwitchTaskInit) for SwitchTaskInit
    freertos_demo.o(i.main) refers to accelerometer_task.o(i.AccelerometerTaskInit) for AccelerometerTaskInit
    freertos_demo.o(i.main) refers to tasks.o(i.vTaskStartScheduler) for vTaskStartScheduler
    freertos_demo.o(i.main) refers to freertos_demo.o(.data) for .data
    led_task.o(i.LEDTask) refers to tasks.o(i.xTaskGetTickCount) for xTaskGetTickCount
    led_task.o(i.LEDTask) refers to queue.o(i.xQueueGenericReceive) for xQueueGenericReceive
    led_task.o(i.LEDTask) refers to rgb.o(i.RGBColorSet) for RGBColorSet
    led_task.o(i.LEDTask) refers to uartstdio.o(i.UARTprintf) for UARTprintf
    led_task.o(i.LEDTask) refers to queue.o(i.xQueueGenericSend) for xQueueGenericSend
    led_task.o(i.LEDTask) refers to rgb.o(i.RGBEnable) for RGBEnable
    led_task.o(i.LEDTask) refers to tasks.o(i.vTaskDelayUntil) for vTaskDelayUntil
    led_task.o(i.LEDTask) refers to rgb.o(i.RGBDisable) for RGBDisable
    led_task.o(i.LEDTask) refers to led_task.o(.data) for .data
    led_task.o(i.LEDTask) refers to led_task.o(.bss) for .bss
    led_task.o(i.LEDTask) refers to freertos_demo.o(.data) for g_pUARTSemaphore
    led_task.o(i.LEDTaskInit) refers to rgb.o(i.RGBInit) for RGBInit
    led_task.o(i.LEDTaskInit) refers to rgb.o(i.RGBIntensitySet) for RGBIntensitySet
    led_task.o(i.LEDTaskInit) refers to rgb.o(i.RGBColorSet) for RGBColorSet
    led_task.o(i.LEDTaskInit) refers to bsp.o(i.BSP_LCD_Init) for BSP_LCD_Init
    led_task.o(i.LEDTaskInit) refers to bsp.o(i.BSP_LCD_Color565) for BSP_LCD_Color565
    led_task.o(i.LEDTaskInit) refers to bsp.o(i.BSP_LCD_FillScreen) for BSP_LCD_FillScreen
    led_task.o(i.LEDTaskInit) refers to uartstdio.o(i.UARTprintf) for UARTprintf
    led_task.o(i.LEDTaskInit) refers to queue.o(i.xQueueGenericCreate) for xQueueGenericCreate
    led_task.o(i.LEDTaskInit) refers to tasks.o(i.xTaskCreate) for xTaskCreate
    led_task.o(i.LEDTaskInit) refers to led_task.o(.data) for .data
    led_task.o(i.LEDTaskInit) refers to led_task.o(.bss) for .bss
    led_task.o(i.LEDTaskInit) refers to led_task.o(i.LEDTask) for LEDTask
    startup_rvmdk.o(RESET) refers to startup_rvmdk.o(STACK) for StackMem
    startup_rvmdk.o(RESET) refers to port.o(.emb_text) for vPortSVCHandler
    startup_rvmdk.o(RESET) refers to port.o(i.xPortSysTickHandler) for xPortSysTickHandler
    startup_rvmdk.o(RESET) refers to entry.o(.ARM.Collect$$$$00000000) for __main
    switch_task.o(i.SwitchTask) refers to tasks.o(i.xTaskGetTickCount) for xTaskGetTickCount
    switch_task.o(i.SwitchTask) refers to buttons.o(i.ButtonsPoll) for ButtonsPoll
    switch_task.o(i.SwitchTask) refers to queue.o(i.xQueueGenericReceive) for xQueueGenericReceive
    switch_task.o(i.SwitchTask) refers to uartstdio.o(i.UARTprintf) for UARTprintf
    switch_task.o(i.SwitchTask) refers to queue.o(i.xQueueGenericSend) for xQueueGenericSend
    switch_task.o(i.SwitchTask) refers to tasks.o(i.vTaskDelayUntil) for vTaskDelayUntil
    switch_task.o(i.SwitchTask) refers to freertos_demo.o(.data) for g_pUARTSemaphore
    switch_task.o(i.SwitchTask) refers to led_task.o(.data) for g_pLEDQueue
    switch_task.o(i.SwitchTaskInit) refers to buttons.o(i.ButtonsInit) for ButtonsInit
    switch_task.o(i.SwitchTaskInit) refers to tasks.o(i.xTaskCreate) for xTaskCreate
    switch_task.o(i.SwitchTaskInit) refers to switch_task.o(i.SwitchTask) for SwitchTask
    bsp.o(i.BSP_Accelerometer_Init) refers to bsp.o(i.adcinit) for adcinit
    bsp.o(i.BSP_Buzzer_Init) refers to bsp.o(.data) for .data
[...]
    tasks.o(i.vTaskPlaceOnUnorderedEventList) refers to tasks.o(.data) for .data
    tasks.o(i.vTaskPriorityInherit) refers to list.o(i.uxListRemove) for uxListRemove
    tasks.o(i.vTaskPriorityInherit) refers to list.o(i.vListInsertEnd) for vListInsertEnd
    tasks.o(i.vTaskPriorityInherit) refers to tasks.o(.data) for .data
    tasks.o(i.vTaskPriorityInherit) refers to tasks.o(.bss) for .bss
    tasks.o(i.vTaskPrioritySet) refers to port.o(i.vPortEnterCritical) for vPortEnterCritical
    tasks.o(i.vTaskPrioritySet) refers to list.o(i.uxListRemove) for uxListRemove
    tasks.o(i.vTaskPrioritySet) refers to list.o(i.vListInsertEnd) for vListInsertEnd
    tasks.o(i.vTaskPrioritySet) refers to port.o(i.vPortExitCritical) for vPortExitCritical
    tasks.o(i.vTaskPrioritySet) refers to tasks.o(.data) for .data
    tasks.o(i.vTaskPrioritySet) refers to tasks.o(.bss) for .bss
    tasks.o(i.vTaskResume) refers to port.o(i.vPortEnterCritical) for vPortEnterCritical
    tasks.o(i.vTaskResume) refers to tasks.o(i.prvTaskIsTaskSuspended) for prvTaskIsTaskSuspended
    tasks.o(i.vTaskResume) refers to list.o(i.uxListRemove) for uxListRemove
    tasks.o(i.vTaskResume) refers to list.o(i.vListInsertEnd) for vListInsertEnd
    tasks.o(i.vTaskResume) refers to port.o(i.vPortExitCritical) for vPortExitCritical
    tasks.o(i.vTaskResume) refers to tasks.o(.data) for .data
    tasks.o(i.vTaskResume) refers to tasks.o(.bss) for .bss
    tasks.o(i.vTaskSetTimeOutState) refers to tasks.o(.data) for .data
    tasks.o(i.vTaskStartScheduler) refers to tasks.o(i.xTaskCreate) for xTaskCreate
    tasks.o(i.vTaskStartScheduler) refers to port.o(i.xPortStartScheduler) for xPortStartScheduler
    tasks.o(i.vTaskStartScheduler) refers to tasks.o(.data) for .data
    tasks.o(i.vTaskStartScheduler) refers to tasks.o(i.prvIdleTask) for prvIdleTask
    tasks.o(i.vTaskSuspend) refers to port.o(i.vPortEnterCritical) for vPortEnterCritical
    tasks.o(i.vTaskSuspend) refers to list.o(i.uxListRemove) for uxListRemove
    tasks.o(i.vTaskSuspend) refers to list.o(i.vListInsertEnd) for vListInsertEnd
    tasks.o(i.vTaskSuspend) refers to port.o(i.vPortExitCritical) for vPortExitCritical
    tasks.o(i.vTaskSuspend) refers to tasks.o(i.prvResetNextTaskUnblockTime) for prvResetNextTaskUnblockTime
    tasks.o(i.vTaskSuspend) refers to tasks.o(i.vTaskSwitchContext) for vTaskSwitchContext
    tasks.o(i.vTaskSuspend) refers to tasks.o(.data) for .data
    tasks.o(i.vTaskSuspend) refers to tasks.o(.bss) for .bss
    tasks.o(i.vTaskSuspendAll) refers to tasks.o(.data) for .data
    tasks.o(i.vTaskSwitchContext) refers to freertos_demo.o(i.vApplicationStackOverflowHook) for vApplicationStackOverflowHook
    tasks.o(i.vTaskSwitchContext) refers to tasks.o(.data) for .data
    tasks.o(i.vTaskSwitchContext) refers to tasks.o(.bss) for .bss
    tasks.o(i.xTaskCheckForTimeOut) refers to port.o(i.vPortEnterCritical) for vPortEnterCritical
    tasks.o(i.xTaskCheckForTimeOut) refers to tasks.o(i.vTaskSetTimeOutState) for vTaskSetTimeOutState
    tasks.o(i.xTaskCheckForTimeOut) refers to port.o(i.vPortExitCritical) for vPortExitCritical
    tasks.o(i.xTaskCheckForTimeOut) refers to tasks.o(.data) for .data
    tasks.o(i.xTaskCreate) refers to heap_4.o(i.pvPortMalloc) for pvPortMalloc
    tasks.o(i.xTaskCreate) refers to tasks.o(i.prvInitialiseNewTask) for prvInitialiseNewTask
    tasks.o(i.xTaskCreate) refers to tasks.o(i.prvAddNewTaskToReadyList) for prvAddNewTaskToReadyList
    tasks.o(i.xTaskCreate) refers to heap_4.o(i.vPortFree) for vPortFree
    tasks.o(i.xTaskGenericNotify) refers to port.o(i.vPortEnterCritical) for vPortEnterCritical
    tasks.o(i.xTaskGenericNotify) refers to list.o(i.uxListRemove) for uxListRemove
    tasks.o(i.xTaskGenericNotify) refers to list.o(i.vListInsertEnd) for vListInsertEnd
    tasks.o(i.xTaskGenericNotify) refers to port.o(i.vPortExitCritical) for vPortExitCritical
    tasks.o(i.xTaskGenericNotify) refers to tasks.o(.data) for .data
    tasks.o(i.xTaskGenericNotify) refers to tasks.o(.bss) for .bss
    tasks.o(i.xTaskGenericNotifyFromISR) refers to list.o(i.vListInsertEnd) for vListInsertEnd
    tasks.o(i.xTaskGenericNotifyFromISR) refers to list.o(i.uxListRemove) for uxListRemove
    tasks.o(i.xTaskGenericNotifyFromISR) refers to tasks.o(.data) for .data
    tasks.o(i.xTaskGenericNotifyFromISR) refers to tasks.o(.bss) for .bss
    tasks.o(i.xTaskGetCurrentTaskHandle) refers to tasks.o(.data) for .data
    tasks.o(i.xTaskGetTickCount) refers to tasks.o(.data) for .data
    tasks.o(i.xTaskGetTickCountFromISR) refers to tasks.o(.data) for .data
    tasks.o(i.xTaskIncrementTick) refers to tasks.o(i.prvResetNextTaskUnblockTime) for prvResetNextTaskUnblockTime
    tasks.o(i.xTaskIncrementTick) refers to list.o(i.uxListRemove) for uxListRemove
    tasks.o(i.xTaskIncrementTick) refers to list.o(i.vListInsertEnd) for vListInsertEnd
    tasks.o(i.xTaskIncrementTick) refers to tasks.o(.data) for .data
    tasks.o(i.xTaskIncrementTick) refers to tasks.o(.bss) for .bss
    tasks.o(i.xTaskNotifyStateClear) refers to port.o(i.vPortEnterCritical) for vPortEnterCritical
    tasks.o(i.xTaskNotifyStateClear) refers to port.o(i.vPortExitCritical) for vPortExitCritical
    tasks.o(i.xTaskNotifyStateClear) refers to tasks.o(.data) for .data
    tasks.o(i.xTaskNotifyWait) refers to port.o(i.vPortEnterCritical) for vPortEnterCritical
    tasks.o(i.xTaskNotifyWait) refers to tasks.o(i.prvAddCurrentTaskToDelayedList) for prvAddCurrentTaskToDelayedList
    tasks.o(i.xTaskNotifyWait) refers to port.o(i.vPortExitCritical) for vPortExitCritical
    tasks.o(i.xTaskNotifyWait) refers to tasks.o(.data) for .data
    tasks.o(i.xTaskPriorityDisinherit) refers to list.o(i.uxListRemove) for uxListRemove
    tasks.o(i.xTaskPriorityDisinherit) refers to list.o(i.vListInsertEnd) for vListInsertEnd
    tasks.o(i.xTaskPriorityDisinherit) refers to tasks.o(.bss) for .bss
    tasks.o(i.xTaskPriorityDisinherit) refers to tasks.o(.data) for .data
    tasks.o(i.xTaskRemoveFromEventList) refers to list.o(i.uxListRemove) for uxListRemove
    tasks.o(i.xTaskRemoveFromEventList) refers to list.o(i.vListInsertEnd) for vListInsertEnd
    tasks.o(i.xTaskRemoveFromEventList) refers to tasks.o(.data) for .data
    tasks.o(i.xTaskRemoveFromEventList) refers to tasks.o(.bss) for .bss
    tasks.o(i.xTaskRemoveFromUnorderedEventList) refers to list.o(i.uxListRemove) for uxListRemove
    tasks.o(i.xTaskRemoveFromUnorderedEventList) refers to list.o(i.vListInsertEnd) for vListInsertEnd
    tasks.o(i.xTaskRemoveFromUnorderedEventList) refers to tasks.o(.data) for .data
    tasks.o(i.xTaskRemoveFromUnorderedEventList) refers to tasks.o(.bss) for .bss
    tasks.o(i.xTaskResumeAll) refers to port.o(i.vPortEnterCritical) for vPortEnterCritical
    tasks.o(i.xTaskResumeAll) refers to list.o(i.uxListRemove) for uxListRemove
    tasks.o(i.xTaskResumeAll) refers to list.o(i.vListInsertEnd) for vListInsertEnd
    tasks.o(i.xTaskResumeAll) refers to tasks.o(i.prvResetNextTaskUnblockTime) for prvResetNextTaskUnblockTime
    tasks.o(i.xTaskResumeAll) refers to tasks.o(i.xTaskIncrementTick) for xTaskIncrementTick
    tasks.o(i.xTaskResumeAll) refers to port.o(i.vPortExitCritical) for vPortExitCritical
    tasks.o(i.xTaskResumeAll) refers to tasks.o(.data) for .data
    tasks.o(i.xTaskResumeAll) refers to tasks.o(.bss) for .bss
    tasks.o(i.xTaskResumeFromISR) refers to tasks.o(i.prvTaskIsTaskSuspended) for prvTaskIsTaskSuspended
    tasks.o(i.xTaskResumeFromISR) refers to list.o(i.uxListRemove) for uxListRemove
    tasks.o(i.xTaskResumeFromISR) refers to list.o(i.vListInsertEnd) for vListInsertEnd
    tasks.o(i.xTaskResumeFromISR) refers to tasks.o(.data) for .data
    tasks.o(i.xTaskResumeFromISR) refers to tasks.o(.bss) for .bss
    queue.o(i.pcQueueGetName) refers to queue.o(.bss) for .bss
    queue.o(i.prvCopyDataFromQueue) refers to memcpya.o(.text) for __aeabi_memcpy
    queue.o(i.prvCopyDataToQueue) refers to memcpya.o(.text) for __aeabi_memcpy
    queue.o(i.prvCopyDataToQueue) refers to tasks.o(i.xTaskPriorityDisinherit) for xTaskPriorityDisinherit
    queue.o(i.prvIsQueueEmpty) refers to port.o(i.vPortEnterCritical) for vPortEnterCritical
    queue.o(i.prvIsQueueEmpty) refers to port.o(i.vPortExitCritical) for vPortExitCritical
    queue.o(i.prvUnlockQueue) refers to port.o(i.vPortEnterCritical) for vPortEnterCritical
    queue.o(i.prvUnlockQueue) refers to tasks.o(i.xTaskRemoveFromEventList) for xTaskRemoveFromEventList
    queue.o(i.prvUnlockQueue) refers to tasks.o(i.vTaskMissedYield) for vTaskMissedYield
    queue.o(i.prvUnlockQueue) refers to port.o(i.vPortExitCritical) for vPortExitCritical
    queue.o(i.uxQueueMessagesWaiting) refers to port.o(i.vPortEnterCritical) for vPortEnterCritical
    queue.o(i.uxQueueMessagesWaiting) refers to port.o(i.vPortExitCritical) for vPortExitCritical
    queue.o(i.uxQueueSpacesAvailable) refers to port.o(i.vPortEnterCritical) for vPortEnterCritical
    queue.o(i.uxQueueSpacesAvailable) refers to port.o(i.vPortExitCritical) for vPortExitCritical
    queue.o(i.vQueueAddToRegistry) refers to queue.o(.bss) for .bss
    queue.o(i.vQueueDelete) refers to queue.o(i.vQueueUnregisterQueue) for vQueueUnregisterQueue
    queue.o(i.vQueueDelete) refers to heap_4.o(i.vPortFree) for vPortFree
    queue.o(i.vQueueUnregisterQueue) refers to queue.o(.bss) for .bss
    queue.o(i.xQueueCreateMutex) refers to queue.o(i.xQueueGenericCreate) for xQueueGenericCreate
    queue.o(i.xQueueCreateMutex) refers to queue.o(i.xQueueGenericSend) for xQueueGenericSend
    queue.o(i.xQueueGenericCreate) refers to heap_4.o(i.pvPortMalloc) for pvPortMalloc
    queue.o(i.xQueueGenericCreate) refers to queue.o(i.xQueueGenericReset) for xQueueGenericReset
    queue.o(i.xQueueGenericReceive) refers to port.o(i.vPortEnterCritical) for vPortEnterCritical
    queue.o(i.xQueueGenericReceive) refers to queue.o(i.prvCopyDataFromQueue) for prvCopyDataFromQueue
    queue.o(i.xQueueGenericReceive) refers to tasks.o(i.xTaskRemoveFromEventList) for xTaskRemoveFromEventList
    queue.o(i.xQueueGenericReceive) refers to port.o(i.vPortExitCritical) for vPortExitCritical
    queue.o(i.xQueueGenericReceive) refers to tasks.o(i.pvTaskIncrementMutexHeldCount) for pvTaskIncrementMutexHeldCount
    queue.o(i.xQueueGenericReceive) refers to tasks.o(i.vTaskSetTimeOutState) for vTaskSetTimeOutState
    queue.o(i.xQueueGenericReceive) refers to tasks.o(i.vTaskSuspendAll) for vTaskSuspendAll
    queue.o(i.xQueueGenericReceive) refers to tasks.o(i.xTaskCheckForTimeOut) for xTaskCheckForTimeOut
    queue.o(i.xQueueGenericReceive) refers to queue.o(i.prvUnlockQueue) for prvUnlockQueue
    queue.o(i.xQueueGenericReceive) refers to tasks.o(i.xTaskResumeAll) for xTaskResumeAll
    queue.o(i.xQueueGenericReceive) refers to queue.o(i.prvIsQueueEmpty) for prvIsQueueEmpty
    queue.o(i.xQueueGenericReceive) refers to tasks.o(i.vTaskPriorityInherit) for vTaskPriorityInherit
    queue.o(i.xQueueGenericReceive) refers to tasks.o(i.vTaskPlaceOnEventList) for vTaskPlaceOnEventList
    queue.o(i.xQueueGenericReset) refers to port.o(i.vPortEnterCritical) for vPortEnterCritical
    queue.o(i.xQueueGenericReset) refers to list.o(i.vListInitialise) for vListInitialise
    queue.o(i.xQueueGenericReset) refers to port.o(i.vPortExitCritical) for vPortExitCritical
    queue.o(i.xQueueGenericReset) refers to tasks.o(i.xTaskRemoveFromEventList) for xTaskRemoveFromEventList
    queue.o(i.xQueueGenericSend) refers to port.o(i.vPortEnterCritical) for vPortEnterCritical
    queue.o(i.xQueueGenericSend) refers to queue.o(i.prvCopyDataToQueue) for prvCopyDataToQueue
    queue.o(i.xQueueGenericSend) refers to tasks.o(i.xTaskRemoveFromEventList) for xTaskRemoveFromEventList
    queue.o(i.xQueueGenericSend) refers to port.o(i.vPortExitCritical) for vPortExitCritical
    queue.o(i.xQueueGenericSend) refers to tasks.o(i.vTaskSetTimeOutState) for vTaskSetTimeOutState
    queue.o(i.xQueueGenericSend) refers to tasks.o(i.vTaskSuspendAll) for vTaskSuspendAll
    queue.o(i.xQueueGenericSend) refers to tasks.o(i.xTaskCheckForTimeOut) for xTaskCheckForTimeOut
    queue.o(i.xQueueGenericSend) refers to queue.o(i.prvUnlockQueue) for prvUnlockQueue
    queue.o(i.xQueueGenericSend) refers to tasks.o(i.xTaskResumeAll) for xTaskResumeAll
    queue.o(i.xQueueGenericSend) refers to tasks.o(i.vTaskPlaceOnEventList) for vTaskPlaceOnEventList
    queue.o(i.xQueueGenericSendFromISR) refers to queue.o(i.prvCopyDataToQueue) for prvCopyDataToQueue
    queue.o(i.xQueueGenericSendFromISR) refers to tasks.o(i.xTaskRemoveFromEventList) for xTaskRemoveFromEventList
    queue.o(i.xQueueGiveFromISR) refers to tasks.o(i.xTaskRemoveFromEventList) for xTaskRemoveFromEventList
    queue.o(i.xQueueGiveMutexRecursive) refers to tasks.o(i.xTaskGetCurrentTaskHandle) for xTaskGetCurrentTaskHandle
    queue.o(i.xQueueGiveMutexRecursive) refers to queue.o(i.xQueueGenericSend) for xQueueGenericSend
    queue.o(i.xQueuePeekFromISR) refers to queue.o(i.prvCopyDataFromQueue) for prvCopyDataFromQueue
    queue.o(i.xQueueReceiveFromISR) refers to queue.o(i.prvCopyDataFromQueue) for prvCopyDataFromQueue
    queue.o(i.xQueueReceiveFromISR) refers to tasks.o(i.xTaskRemoveFromEventList) for xTaskRemoveFromEventList
    queue.o(i.xQueueTakeMutexRecursive) refers to tasks.o(i.xTaskGetCurrentTaskHandle) for xTaskGetCurrentTaskHandle
    queue.o(i.xQueueTakeMutexRecursive) refers to queue.o(i.xQueueGenericReceive) for xQueueGenericReceive
    port.o(.emb_text) refers to tasks.o(i.vTaskSwitchContext) for vTaskSwitchContext
    port.o(.emb_text) refers to tasks.o(.data) for pxCurrentTCB
    port.o(i.pxPortInitialiseStack) refers to port.o(i.prvTaskExitError) for prvTaskExitError
    port.o(i.vPortEnterCritical) refers to port.o(.data) for .data
    port.o(i.vPortExitCritical) refers to port.o(.data) for .data
    port.o(i.xPortStartScheduler) refers to port.o(i.vPortSetupTimerInterrupt) for vPortSetupTimerInterrupt
    port.o(i.xPortStartScheduler) refers to port.o(.emb_text) for __asm___6_port_c_39a90d8d__prvEnableVFP
    port.o(i.xPortStartScheduler) refers to port.o(.data) for .data
    port.o(i.xPortSysTickHandler) refers to tasks.o(i.xTaskIncrementTick) for xTaskIncrementTick
    heap_4.o(i.prvHeapInit) refers to heap_4.o(.bss) for .bss
    heap_4.o(i.prvHeapInit) refers to heap_4.o(.data) for .data
    heap_4.o(i.prvInsertBlockIntoFreeList) refers to heap_4.o(.data) for .data
    heap_4.o(i.pvPortMalloc) refers to tasks.o(i.vTaskSuspendAll) for vTaskSuspendAll
    heap_4.o(i.pvPortMalloc) refers to heap_4.o(i.prvHeapInit) for prvHeapInit
    heap_4.o(i.pvPortMalloc) refers to heap_4.o(i.prvInsertBlockIntoFreeList) for prvInsertBlockIntoFreeList
    heap_4.o(i.pvPortMalloc) refers to tasks.o(i.xTaskResumeAll) for xTaskResumeAll
    heap_4.o(i.pvPortMalloc) refers to heap_4.o(.data) for .data
    heap_4.o(i.vPortFree) refers to tasks.o(i.vTaskSuspendAll) for vTaskSuspendAll
    heap_4.o(i.vPortFree) refers to heap_4.o(i.prvInsertBlockIntoFreeList) for prvInsertBlockIntoFreeList
    heap_4.o(i.vPortFree) refers to tasks.o(i.xTaskResumeAll) for xTaskResumeAll
    heap_4.o(i.vPortFree) refers to heap_4.o(.data) for .data
    heap_4.o(i.xPortGetFreeHeapSize) refers to heap_4.o(.data) for .data
    heap_4.o(i.xPortGetMinimumEverFreeHeapSize) refers to heap_4.o(.data) for .data
    buttons.o(i.ButtonsInit) refers to buttons.o(.data) for .data
    buttons.o(i.ButtonsPoll) refers to buttons.o(.data) for .data
    rgb.o(i.RGBBlinkIntHandler) refers to rgb.o(i.RGBEnable) for RGBEnable
    rgb.o(i.RGBBlinkIntHandler) refers to rgb.o(i.RGBDisable) for RGBDisable
    rgb.o(i.RGBBlinkIntHandler) refers to rgb.o(.data) for .data
    rgb.o(i.RGBBlinkRateSet) refers to rgb.o(i.RGBEnable) for RGBEnable
    rgb.o(i.RGBBlinkRateSet) refers to sysctl.o(i.SysCtlClockGet) for SysCtlClockGet
    rgb.o(i.RGBBlinkRateSet) refers to ffixul.o(.text) for __aeabi_f2ulz
    rgb.o(i.RGBColorGet) refers to rgb.o(.bss) for .bss
    rgb.o(i.RGBColorSet) refers to rgb.o(.bss) for .bss
    rgb.o(i.RGBColorSet) refers to rgb.o(.data) for .data
    rgb.o(i.RGBInit) refers to rgb.o(i.RGBEnable) for RGBEnable
    rgb.o(i.RGBIntensitySet) refers to rgb.o(i.RGBColorSet) for RGBColorSet
    rgb.o(i.RGBIntensitySet) refers to rgb.o(.data) for .data
    rgb.o(i.RGBIntensitySet) refers to rgb.o(.bss) for .bss
    rgb.o(i.RGBSet) refers to rgb.o(i.RGBColorSet) for RGBColorSet
    rgb.o(i.RGBSet) refers to rgb.o(i.RGBIntensitySet) for RGBIntensitySet
    uartstdio.o(i.UARTStdioConfig) refers to uartstdio.o(.constdata) for .constdata
    uartstdio.o(i.UARTStdioConfig) refers to uartstdio.o(.data) for .data
    uartstdio.o(i.UARTgetc) refers to uartstdio.o(.data) for .data
    uartstdio.o(i.UARTgets) refers to uartstdio.o(i.UARTwrite) for UARTwrite
    uartstdio.o(i.UARTgets) refers to uartstdio.o(.data) for .data
    uartstdio.o(i.UARTprintf) refers to uartstdio.o(i.UARTvprintf) for UARTvprintf
    uartstdio.o(i.UARTvprintf) refers to uartstdio.o(i.UARTwrite) for UARTwrite
    uartstdio.o(i.UARTvprintf) refers to uartstdio.o(.constdata) for .constdata
    uartstdio.o(i.UARTwrite) refers to uartstdio.o(.data) for .data
    uartstdio.o(.constdata) refers to uartstdio.o(.conststring) for .conststring
    ustdlib.o(i.ulocaltime) refers to ustdlib.o(.constdata) for .constdata
    ustdlib.o(i.umktime) refers to ustdlib.o(i.ulocaltime) for ulocaltime
    ustdlib.o(i.umktime) refers to ustdlib.o(i.ucmptime) for ucmptime
    ustdlib.o(i.urand) refers to ustdlib.o(.data) for .data
    ustdlib.o(i.usnprintf) refers to ustdlib.o(i.uvsnprintf) for uvsnprintf
    ustdlib.o(i.usprintf) refers to ustdlib.o(i.uvsnprintf) for uvsnprintf
    ustdlib.o(i.usrand) refers to ustdlib.o(.data) for .data
    ustdlib.o(i.ustrcasecmp) refers to ustdlib.o(i.ustrncasecmp) for ustrncasecmp
    ustdlib.o(i.ustrcmp) refers to ustdlib.o(i.ustrncmp) for ustrncmp
    ustdlib.o(i.ustrstr) refers to ustdlib.o(i.ustrlen) for ustrlen
    ustdlib.o(i.ustrstr) refers to ustdlib.o(i.ustrncmp) for ustrncmp
    ustdlib.o(i.ustrtof) refers to ustdlib.o(.constdata) for .constdata
    ustdlib.o(i.uvsnprintf) refers to ustdlib.o(i.ustrncpy) for ustrncpy
    ustdlib.o(i.uvsnprintf) refers to ustdlib.o(.constdata) for .constdata
    ustdlib.o(.constdata) refers to ustdlib.o(.conststring) for .conststring
    sysctl.o(i.SysCtlClockFreqSet) refers to sysctl.o(.constdata) for .constdata
    sysctl.o(i.SysCtlClockGet) refers to sysctl.o(.constdata) for .constdata
    sysctl.o(i.SysCtlClockSet) refers to sysctl.o(.emb_text) for SysCtlDelay
    sysctl.o(i.SysCtlDeepSleep) refers to cpu.o(.emb_text) for CPUwfi
    sysctl.o(i.SysCtlIntRegister) refers to interrupt.o(i.IntRegister) for IntRegister
    sysctl.o(i.SysCtlIntRegister) refers to interrupt.o(i.IntEnable) for IntEnable
    sysctl.o(i.SysCtlIntUnregister) refers to interrupt.o(i.IntDisable) for IntDisable
    sysctl.o(i.SysCtlIntUnregister) refers to interrupt.o(i.IntUnregister) for IntUnregister
    sysctl.o(i.SysCtlSleep) refers to cpu.o(.emb_text) for CPUwfi
    sysctl.o(i.SysCtlVCOGet) refers to sysctl.o(.constdata) for .constdata
    uart.o(i.UARTIntRegister) refers to interrupt.o(i.IntRegister) for IntRegister
    uart.o(i.UARTIntRegister) refers to interrupt.o(i.IntEnable) for IntEnable
    uart.o(i.UARTIntRegister) refers to uart.o(.constdata) for .constdata
    uart.o(i.UARTIntUnregister) refers to interrupt.o(i.IntDisable) for IntDisable
    uart.o(i.UARTIntUnregister) refers to interrupt.o(i.IntUnregister) for IntUnregister
    uart.o(i.UARTIntUnregister) refers to uart.o(.constdata) for .constdata
    interrupt.o(i.IntDisable) refers to interrupt.o(.constdata) for .constdata
    interrupt.o(i.IntEnable) refers to interrupt.o(.constdata) for .constdata
    interrupt.o(i.IntIsEnabled) refers to interrupt.o(.constdata) for .constdata
    interrupt.o(i.IntMasterDisable) refers to cpu.o(.emb_text) for CPUcpsid
    interrupt.o(i.IntMasterEnable) refers to cpu.o(.emb_text) for CPUcpsie
    interrupt.o(i.IntPendClear) refers to interrupt.o(.constdata) for .constdata
    interrupt.o(i.IntPendSet) refers to interrupt.o(.constdata) for .constdata
    interrupt.o(i.IntPriorityGet) refers to interrupt.o(.constdata) for .constdata
    interrupt.o(i.IntPriorityGroupingGet) refers to interrupt.o(.constdata) for .constdata
    interrupt.o(i.IntPriorityGroupingSet) refers to interrupt.o(.constdata) for .constdata
    interrupt.o(i.IntPriorityMaskGet) refers to cpu.o(.emb_text) for CPUbasepriGet
    interrupt.o(i.IntPriorityMaskSet) refers to cpu.o(.emb_text) for CPUbasepriSet
    interrupt.o(i.IntPrioritySet) refers to interrupt.o(.constdata) for .constdata
    interrupt.o(i.IntRegister) refers to interrupt.o(vtable) for vtable
    interrupt.o(i.IntUnregister) refers to interrupt.o(i._IntDefaultHandler) for _IntDefaultHandler
    interrupt.o(i.IntUnregister) refers to interrupt.o(vtable) for vtable
    entry.o(.ARM.Collect$$$$00000000) refers (Special) to entry10a.o(.ARM.Collect$$$$0000000D) for __rt_final_cpp
    entry.o(.ARM.Collect$$$$00000000) refers (Special) to entry11a.o(.ARM.Collect$$$$0000000F) for __rt_final_exit
    entry.o(.ARM.Collect$$$$00000000) refers (Special) to entry7b.o(.ARM.Collect$$$$00000008) for _main_clock
    entry.o(.ARM.Collect$$$$00000000) refers (Special) to entry8b.o(.ARM.Collect$$$$0000000A) for _main_cpp_init
    entry.o(.ARM.Collect$$$$00000000) refers (Special) to entry9a.o(.ARM.Collect$$$$0000000B) for _main_init
    entry.o(.ARM.Collect$$$$00000000) refers (Special) to entry5.o(.ARM.Collect$$$$00000004) for _main_scatterload
    entry.o(.ARM.Collect$$$$00000000) refers (Special) to entry2.o(.ARM.Collect$$$$00000001) for _main_stk
    ffixul.o(.text) refers (Special) to iusefp.o(.text) for __I$use$fp
    ffixul.o(.text) refers to llshl.o(.text) for __aeabi_llsl
    entry2.o(.ARM.Collect$$$$00000001) refers to entry2.o(.ARM.Collect$$$$00002712) for __lit__00000000
    entry2.o(.ARM.Collect$$$$00002712) refers to startup_rvmdk.o(STACK) for __initial_sp
    entry2.o(__vectab_stack_and_reset_area) refers to startup_rvmdk.o(STACK) for __initial_sp
    entry2.o(__vectab_stack_and_reset_area) refers to entry.o(.ARM.Collect$$$$00000000) for __main
    entry5.o(.ARM.Collect$$$$00000004) refers to init.o(.text) for __scatterload
    entry9a.o(.ARM.Collect$$$$0000000B) refers to freertos_demo.o(i.main) for main
    entry9b.o(.ARM.Collect$$$$0000000C) refers to freertos_demo.o(i.main) for main
    init.o(.text) refers to entry5.o(.ARM.Collect$$$$00000004) for __main_after_scatterload


==============================================================================

Removing Unused input sections from the image.

    Removing freertos_demo.o(i.checkbuttons), (324 bytes).
    Removing freertos_demo.o(i.numlength), (112 bytes).
    Removing freertos_demo.o(.data), (4 bytes).
    Removing freertos_demo.o(.data), (4 bytes).
    Removing startup_rvmdk.o(HEAP), (0 bytes).
    Removing startup_rvmdk.o(.text), (0 bytes).
    Removing bsp.o(i.BSP_Button1_Init), (104 bytes).
    Removing bsp.o(i.BSP_Button1_Input), (16 bytes).
    Removing bsp.o(i.BSP_Button2_Init), (120 bytes).
    Removing bsp.o(i.BSP_Button2_Input), (16 bytes).
    Removing bsp.o(i.BSP_Buzzer_Init), (164 bytes).
    Removing bsp.o(i.BSP_Buzzer_Set), (28 bytes).
    Removing bsp.o(i.BSP_Clock_GetFreq), (12 bytes).
    Removing bsp.o(i.BSP_Clock_InitFastest), (108 bytes).
    Removing bsp.o(i.BSP_Joystick_Init), (252 bytes).
    Removing bsp.o(i.BSP_Joystick_Input), (44 bytes).
    Removing bsp.o(i.BSP_LCD_DrawBitmap), (228 bytes).
    Removing bsp.o(i.BSP_LCD_DrawChar), (192 bytes).
    Removing bsp.o(i.BSP_LCD_DrawCharS), (188 bytes).
    Removing bsp.o(i.BSP_LCD_DrawFastHLine), (80 bytes).
    Removing bsp.o(i.BSP_LCD_DrawFastVLine), (80 bytes).
    Removing bsp.o(i.BSP_LCD_DrawPixel), (60 bytes).
    Removing bsp.o(i.BSP_LCD_DrawString), (82 bytes).
    Removing bsp.o(i.BSP_LCD_Drawaxes), (240 bytes).
    Removing bsp.o(i.BSP_LCD_OutUDec), (96 bytes).
    Removing bsp.o(i.BSP_LCD_OutUDec4), (92 bytes).
    Removing bsp.o(i.BSP_LCD_OutUDec5), (92 bytes).
    Removing bsp.o(i.BSP_LCD_OutUFix2_1), (148 bytes).
    Removing bsp.o(i.BSP_LCD_OutUHex2), (128 bytes).
    Removing bsp.o(i.BSP_LCD_PlotIncrement), (40 bytes).
    Removing bsp.o(i.BSP_LCD_PlotPoint), (84 bytes).
    Removing bsp.o(i.BSP_LCD_SwapColor), (16 bytes).
    Removing bsp.o(i.BSP_LightSensor_End), (56 bytes).
    Removing bsp.o(i.BSP_LightSensor_Init), (72 bytes).
    Removing bsp.o(i.BSP_LightSensor_Input), (44 bytes).
    Removing bsp.o(i.BSP_LightSensor_Start), (24 bytes).
    Removing bsp.o(i.BSP_Microphone_Init), (140 bytes).
    Removing bsp.o(i.BSP_Microphone_Input), (28 bytes).
    Removing bsp.o(i.BSP_PeriodicTask_Init), (156 bytes).
    Removing bsp.o(i.BSP_PeriodicTask_InitB), (156 bytes).
    Removing bsp.o(i.BSP_PeriodicTask_InitC), (156 bytes).
    Removing bsp.o(i.BSP_PeriodicTask_Restart), (24 bytes).
    Removing bsp.o(i.BSP_PeriodicTask_Stop), (24 bytes).
    Removing bsp.o(i.BSP_PeriodicTask_StopB), (24 bytes).
    Removing bsp.o(i.BSP_PeriodicTask_StopC), (24 bytes).
    Removing bsp.o(i.BSP_RGB_D_Init), (272 bytes).
    Removing bsp.o(i.BSP_RGB_D_Set), (52 bytes).
    Removing bsp.o(i.BSP_RGB_D_Toggle), (52 bytes).
    Removing bsp.o(i.BSP_RGB_Init), (464 bytes).
    Removing bsp.o(i.BSP_RGB_Set), (64 bytes).
    Removing bsp.o(i.BSP_TempSensor_End), (68 bytes).
    Removing bsp.o(i.BSP_TempSensor_Init), (72 bytes).
    Removing bsp.o(i.BSP_TempSensor_Input), (56 bytes).
    Removing bsp.o(i.BSP_TempSensor_Start), (24 bytes).
    Removing bsp.o(i.BSP_Time_Get), (12 bytes).
    Removing bsp.o(i.BSP_Time_Init), (92 bytes).
    Removing bsp.o(i.I2C_Recv2), (80 bytes).
    Removing bsp.o(i.I2C_Send1), (48 bytes).
    Removing bsp.o(i.I2C_Send3), (96 bytes).
    Removing bsp.o(i.WideTimer3A_Handler), (20 bytes).
    Removing bsp.o(i.WideTimer4A_Handler), (20 bytes).
    Removing bsp.o(i.WideTimer5A_Handler), (20 bytes).
    Removing bsp.o(i.fillmessage), (56 bytes).
    Removing bsp.o(i.fillmessage4), (68 bytes).
    Removing bsp.o(i.fillmessage5), (88 bytes).
    Removing bsp.o(i.i2cinit), (120 bytes).
    Removing bsp.o(i.lightsensorend), (84 bytes).
    Removing bsp.o(i.lightsensorstart), (38 bytes).
    Removing bsp.o(i.pushColor), (20 bytes).
    Removing bsp.o(i.tempsensorend), (62 bytes).
    Removing bsp.o(i.tempsensorstart), (12 bytes).
    Removing bsp.o(.bss), (12 bytes).
    Removing tasks.o(i.eTaskGetState), (84 bytes).
    Removing tasks.o(i.pcTaskGetName), (16 bytes).
    Removing tasks.o(i.prvListTasksWithinSingleList), (86 bytes).
    Removing tasks.o(i.prvTaskCheckFreeStackSpace), (20 bytes).
    Removing tasks.o(i.prvTaskIsTaskSuspended), (32 bytes).
    Removing tasks.o(i.ulTaskNotifyTake), (104 bytes).
    Removing tasks.o(i.uxTaskGetNumberOfTasks), (12 bytes).
    Removing tasks.o(i.uxTaskGetStackHighWaterMark), (16 bytes).
    Removing tasks.o(i.uxTaskGetSystemState), (172 bytes).
    Removing tasks.o(i.uxTaskGetTaskNumber), (8 bytes).
    Removing tasks.o(i.uxTaskPriorityGet), (28 bytes).
    Removing tasks.o(i.uxTaskPriorityGetFromISR), (36 bytes).
    Removing tasks.o(i.uxTaskResetEventItemValue), (24 bytes).
    Removing tasks.o(i.vTaskDelay), (48 bytes).
    Removing tasks.o(i.vTaskDelete), (152 bytes).
    Removing tasks.o(i.vTaskEndScheduler), (28 bytes).
    Removing tasks.o(i.vTaskGetInfo), (120 bytes).
    Removing tasks.o(i.vTaskNotifyGiveFromISR), (140 bytes).
    Removing tasks.o(i.vTaskPlaceOnUnorderedEventList), (44 bytes).
    Removing tasks.o(i.vTaskPrioritySet), (180 bytes).
    Removing tasks.o(i.vTaskResume), (108 bytes).
    Removing tasks.o(i.vTaskSetTaskNumber), (8 bytes).
    Removing tasks.o(i.vTaskSuspend), (156 bytes).
    Removing tasks.o(i.xTaskGenericNotify), (164 bytes).
    Removing tasks.o(i.xTaskGenericNotifyFromISR), (192 bytes).
    Removing tasks.o(i.xTaskGetCurrentTaskHandle), (12 bytes).
    Removing tasks.o(i.xTaskGetTickCountFromISR), (12 bytes).
    Removing tasks.o(i.xTaskNotifyStateClear), (48 bytes).
    Removing tasks.o(i.xTaskNotifyWait), (140 bytes).
    Removing tasks.o(i.xTaskRemoveFromUnorderedEventList), (80 bytes).
    Removing tasks.o(i.xTaskResumeFromISR), (116 bytes).
    Removing queue.o(i.pcQueueGetName), (40 bytes).
    Removing queue.o(i.ucQueueGetQueueType), (6 bytes).
    Removing queue.o(i.uxQueueGetQueueNumber), (4 bytes).
    Removing queue.o(i.uxQueueMessagesWaiting), (18 bytes).
    Removing queue.o(i.uxQueueMessagesWaitingFromISR), (4 bytes).
    Removing queue.o(i.uxQueueSpacesAvailable), (22 bytes).
    Removing queue.o(i.vQueueAddToRegistry), (36 bytes).
    Removing queue.o(i.vQueueDelete), (18 bytes).
    Removing queue.o(i.vQueueSetQueueNumber), (4 bytes).
    Removing queue.o(i.vQueueUnregisterQueue), (40 bytes).
    Removing queue.o(i.xQueueGenericSendFromISR), (102 bytes).
    Removing queue.o(i.xQueueGiveFromISR), (86 bytes).
    Removing queue.o(i.xQueueGiveMutexRecursive), (42 bytes).
    Removing queue.o(i.xQueueIsQueueEmptyFromISR), (12 bytes).
    Removing queue.o(i.xQueueIsQueueFullFromISR), (16 bytes).
    Removing queue.o(i.xQueuePeekFromISR), (44 bytes).
    Removing queue.o(i.xQueueReceiveFromISR), (100 bytes).
    Removing queue.o(i.xQueueTakeMutexRecursive), (50 bytes).
    Removing queue.o(.bss), (80 bytes).
    Removing port.o(i.vPortEndScheduler), (2 bytes).
    Removing heap_4.o(i.vPortInitialiseBlocks), (2 bytes).
    Removing heap_4.o(i.xPortGetFreeHeapSize), (12 bytes).
    Removing heap_4.o(i.xPortGetMinimumEverFreeHeapSize), (12 bytes).
    Removing rgb.o(i.RGBBlinkIntHandler), (56 bytes).
    Removing rgb.o(i.RGBBlinkRateSet), (120 bytes).
    Removing rgb.o(i.RGBColorGet), (24 bytes).
    Removing rgb.o(i.RGBSet), (30 bytes).
    Removing uartstdio.o(i.UARTgetc), (24 bytes).
    Removing uartstdio.o(i.UARTgets), (132 bytes).
    Removing ustdlib.o(i.ucmptime), (82 bytes).
    Removing ustdlib.o(i.ulocaltime), (164 bytes).
    Removing ustdlib.o(i.umktime), (58 bytes).
    Removing ustdlib.o(i.urand), (28 bytes).
    Removing ustdlib.o(i.usnprintf), (18 bytes).
    Removing ustdlib.o(i.usprintf), (22 bytes).
    Removing ustdlib.o(i.usrand), (12 bytes).
    Removing ustdlib.o(i.ustrcasecmp), (8 bytes).
    Removing ustdlib.o(i.ustrcmp), (8 bytes).
    Removing ustdlib.o(i.ustrlen), (16 bytes).
    Removing ustdlib.o(i.ustrncasecmp), (70 bytes).
    Removing ustdlib.o(i.ustrncmp), (46 bytes).
    Removing ustdlib.o(i.ustrncpy), (36 bytes).
    Removing ustdlib.o(i.ustrstr), (42 bytes).
    Removing ustdlib.o(i.ustrtof), (316 bytes).
    Removing ustdlib.o(i.ustrtoul), (158 bytes).
    Removing ustdlib.o(i.uvsnprintf), (592 bytes).
    Removing ustdlib.o(.constdata), (76 bytes).
    Removing ustdlib.o(.conststring), (17 bytes).
    Removing ustdlib.o(.data), (4 bytes).
    Removing sysctl.o(.emb_text), (6 bytes).
    Removing sysctl.o(i.SysCtlAltClkConfig), (12 bytes).
    Removing sysctl.o(i.SysCtlClockFreqSet), (740 bytes).
    Removing sysctl.o(i.SysCtlClockGet), (340 bytes).
    Removing sysctl.o(i.SysCtlClockOutConfig), (20 bytes).
    Removing sysctl.o(i.SysCtlClockSet), (288 bytes).
    Removing sysctl.o(i.SysCtlDeepSleep), (32 bytes).
    Removing sysctl.o(i.SysCtlDeepSleepClockConfigSet), (112 bytes).
    Removing sysctl.o(i.SysCtlDeepSleepClockSet), (12 bytes).
    Removing sysctl.o(i.SysCtlDeepSleepPowerSet), (12 bytes).
    Removing sysctl.o(i.SysCtlFlashSectorSizeGet), (56 bytes).
    Removing sysctl.o(i.SysCtlFlashSizeGet), (56 bytes).
    Removing sysctl.o(i.SysCtlGPIOAHBDisable), (28 bytes).
    Removing sysctl.o(i.SysCtlGPIOAHBEnable), (24 bytes).
    Removing sysctl.o(i.SysCtlIntClear), (12 bytes).
    Removing sysctl.o(i.SysCtlIntDisable), (16 bytes).
    Removing sysctl.o(i.SysCtlIntEnable), (16 bytes).
    Removing sysctl.o(i.SysCtlIntRegister), (20 bytes).
    Removing sysctl.o(i.SysCtlIntStatus), (16 bytes).
    Removing sysctl.o(i.SysCtlIntUnregister), (18 bytes).
    Removing sysctl.o(i.SysCtlLDODeepSleepGet), (12 bytes).
    Removing sysctl.o(i.SysCtlLDODeepSleepSet), (12 bytes).
    Removing sysctl.o(i.SysCtlLDOSleepGet), (12 bytes).
    Removing sysctl.o(i.SysCtlLDOSleepSet), (12 bytes).
    Removing sysctl.o(i.SysCtlMOSCConfigSet), (12 bytes).
    Removing sysctl.o(i.SysCtlNMIClear), (16 bytes).
    Removing sysctl.o(i.SysCtlNMIStatus), (12 bytes).
    Removing sysctl.o(i.SysCtlPIOSCCalibrate), (76 bytes).
    Removing sysctl.o(i.SysCtlPWMClockGet), (24 bytes).
    Removing sysctl.o(i.SysCtlPWMClockSet), (20 bytes).
    Removing sysctl.o(i.SysCtlPeripheralClockGating), (68 bytes).
    Removing sysctl.o(i.SysCtlPeripheralDeepSleepDisable), (40 bytes).
    Removing sysctl.o(i.SysCtlPeripheralDeepSleepEnable), (40 bytes).
    Removing sysctl.o(i.SysCtlPeripheralDisable), (40 bytes).
    Removing sysctl.o(i.SysCtlPeripheralEnable), (40 bytes).
    Removing sysctl.o(i.SysCtlPeripheralPowerOff), (40 bytes).
    Removing sysctl.o(i.SysCtlPeripheralPowerOn), (40 bytes).
    Removing sysctl.o(i.SysCtlPeripheralPresent), (44 bytes).
    Removing sysctl.o(i.SysCtlPeripheralReady), (44 bytes).
    Removing sysctl.o(i.SysCtlPeripheralReset), (60 bytes).
    Removing sysctl.o(i.SysCtlPeripheralSleepDisable), (40 bytes).
    Removing sysctl.o(i.SysCtlPeripheralSleepEnable), (40 bytes).
    Removing sysctl.o(i.SysCtlReset), (16 bytes).
    Removing sysctl.o(i.SysCtlResetBehaviorGet), (12 bytes).
    Removing sysctl.o(i.SysCtlResetBehaviorSet), (12 bytes).
    Removing sysctl.o(i.SysCtlResetCauseClear), (16 bytes).
    Removing sysctl.o(i.SysCtlResetCauseGet), (12 bytes).
    Removing sysctl.o(i.SysCtlSRAMSizeGet), (16 bytes).
    Removing sysctl.o(i.SysCtlSleep), (4 bytes).
    Removing sysctl.o(i.SysCtlSleepPowerSet), (12 bytes).
    Removing sysctl.o(i.SysCtlUSBPLLDisable), (16 bytes).
    Removing sysctl.o(i.SysCtlUSBPLLEnable), (16 bytes).
    Removing sysctl.o(i.SysCtlVCOGet), (120 bytes).
    Removing sysctl.o(i.SysCtlVoltageEventClear), (16 bytes).
    Removing sysctl.o(i.SysCtlVoltageEventConfig), (12 bytes).
    Removing sysctl.o(i.SysCtlVoltageEventStatus), (12 bytes).
    Removing sysctl.o(.constdata), (596 bytes).
    Removing uart.o(i.UART9BitAddrSend), (38 bytes).
    Removing uart.o(i.UART9BitAddrSet), (10 bytes).
    Removing uart.o(i.UART9BitDisable), (14 bytes).
    Removing uart.o(i.UART9BitEnable), (14 bytes).
    Removing uart.o(i.UARTBreakCtl), (18 bytes).
    Removing uart.o(i.UARTBusy), (8 bytes).
    Removing uart.o(i.UARTCharGet), (12 bytes).
    Removing uart.o(i.UARTCharGetNonBlocking), (16 bytes).
    Removing uart.o(i.UARTCharPut), (12 bytes).
    Removing uart.o(i.UARTCharPutNonBlocking), (16 bytes).
    Removing uart.o(i.UARTCharsAvail), (10 bytes).
    Removing uart.o(i.UARTClockSourceGet), (6 bytes).
    Removing uart.o(i.UARTConfigGetExpClk), (46 bytes).
    Removing uart.o(i.UARTConfigSetExpClk), (110 bytes).
    Removing uart.o(i.UARTDMADisable), (10 bytes).
    Removing uart.o(i.UARTDMAEnable), (8 bytes).
    Removing uart.o(i.UARTDisable), (30 bytes).
    Removing uart.o(i.UARTDisableSIR), (10 bytes).
    Removing uart.o(i.UARTEnable), (20 bytes).
    Removing uart.o(i.UARTEnableSIR), (18 bytes).
    Removing uart.o(i.UARTFIFODisable), (10 bytes).
    Removing uart.o(i.UARTFIFOEnable), (10 bytes).
    Removing uart.o(i.UARTFIFOLevelGet), (16 bytes).
    Removing uart.o(i.UARTFIFOLevelSet), (6 bytes).
    Removing uart.o(i.UARTFlowControlGet), (8 bytes).
    Removing uart.o(i.UARTFlowControlSet), (12 bytes).
    Removing uart.o(i.UARTIntClear), (4 bytes).
    Removing uart.o(i.UARTIntDisable), (10 bytes).
    Removing uart.o(i.UARTIntEnable), (8 bytes).
    Removing uart.o(i.UARTIntRegister), (88 bytes).
    Removing uart.o(i.UARTIntStatus), (10 bytes).
    Removing uart.o(i.UARTIntUnregister), (88 bytes).
    Removing uart.o(i.UARTLoopbackEnable), (10 bytes).
    Removing uart.o(i.UARTModemControlClear), (14 bytes).
    Removing uart.o(i.UARTModemControlGet), (8 bytes).
    Removing uart.o(i.UARTModemControlSet), (12 bytes).
    Removing uart.o(i.UARTModemStatusGet), (10 bytes).
    Removing uart.o(i.UARTParityModeGet), (8 bytes).
    Removing uart.o(i.UARTParityModeSet), (12 bytes).
    Removing uart.o(i.UARTRxErrorClear), (6 bytes).
    Removing uart.o(i.UARTRxErrorGet), (8 bytes).
    Removing uart.o(i.UARTSmartCardDisable), (10 bytes).
    Removing uart.o(i.UARTSmartCardEnable), (22 bytes).
    Removing uart.o(i.UARTSpaceAvail), (10 bytes).
    Removing uart.o(i.UARTTxIntModeGet), (8 bytes).
    Removing uart.o(i.UARTTxIntModeSet), (12 bytes).
    Removing uart.o(.constdata), (128 bytes).
    Removing cpu.o(.emb_text), (38 bytes).
    Removing interrupt.o(i.IntDisable), (100 bytes).
    Removing interrupt.o(i.IntEnable), (100 bytes).
    Removing interrupt.o(i.IntIsEnabled), (96 bytes).
    Removing interrupt.o(i.IntMasterDisable), (14 bytes).
    Removing interrupt.o(i.IntMasterEnable), (14 bytes).
    Removing interrupt.o(i.IntPendClear), (68 bytes).
    Removing interrupt.o(i.IntPendSet), (84 bytes).
    Removing interrupt.o(i.IntPriorityGet), (28 bytes).
    Removing interrupt.o(i.IntPriorityGroupingGet), (36 bytes).
    Removing interrupt.o(i.IntPriorityGroupingSet), (28 bytes).
    Removing interrupt.o(i.IntPriorityMaskGet), (4 bytes).
    Removing interrupt.o(i.IntPriorityMaskSet), (4 bytes).
    Removing interrupt.o(i.IntPrioritySet), (40 bytes).
    Removing interrupt.o(i.IntRegister), (52 bytes).
    Removing interrupt.o(i.IntTrigger), (12 bytes).
    Removing interrupt.o(i.IntUnregister), (20 bytes).
    Removing interrupt.o(i._IntDefaultHandler), (2 bytes).
    Removing interrupt.o(.constdata), (268 bytes).
    Removing interrupt.o(vtable), (620 bytes).
    Removing ffixul.o(.text), (44 bytes).

277 unused section(s) (total 17565 bytes) removed from the image.

==============================================================================

Image Symbol Table

    Local Symbols

    Symbol Name                              Value     Ov Type        Size  Object(Section)

    RESET                                    0x00000000   Section      672  startup_rvmdk.o(RESET)
    ../clib/microlib/init/entry.s            0x00000000   Number         0  entry11a.o ABSOLUTE
    ../clib/microlib/init/entry.s            0x00000000   Number         0  entry10b.o ABSOLUTE
    ../clib/microlib/init/entry.s            0x00000000   Number         0  entry11b.o ABSOLUTE
    ../clib/microlib/init/entry.s            0x00000000   Number         0  entry8b.o ABSOLUTE
    ../clib/microlib/init/entry.s            0x00000000   Number         0  entry10a.o ABSOLUTE
    ../clib/microlib/init/entry.s            0x00000000   Number         0  entry9b.o ABSOLUTE
    ../clib/microlib/init/entry.s            0x00000000   Number         0  entry.o ABSOLUTE
    ../clib/microlib/init/entry.s            0x00000000   Number         0  entry9a.o ABSOLUTE
    ../clib/microlib/init/entry.s            0x00000000   Number         0  entry5.o ABSOLUTE
    ../clib/microlib/init/entry.s            0x00000000   Number         0  entry2.o ABSOLUTE
    ../clib/microlib/init/entry.s            0x00000000   Number         0  entry8a.o ABSOLUTE
    ../clib/microlib/init/entry.s            0x00000000   Number         0  entry7b.o ABSOLUTE
    ../clib/microlib/init/entry.s            0x00000000   Number         0  entry7a.o ABSOLUTE
    ../clib/microlib/longlong.c              0x00000000   Number         0  llshl.o ABSOLUTE
    ../clib/microlib/string/memcpy.c         0x00000000   Number         0  memcpya.o ABSOLUTE
    ../clib/microlib/string/memcpy.c         0x00000000   Number         0  memcpyb.o ABSOLUTE
    ../clib/microlib/string/memset.c         0x00000000   Number         0  memseta.o ABSOLUTE
    ../clib/microlib/stubs.s                 0x00000000   Number         0  iusefp.o ABSOLUTE
    ../fplib/microlib/fpfix.c                0x00000000   Number         0  ffixul.o ABSOLUTE
    ..\FreeRTOS\Source\list.c                0x00000000   Number         0  list.o ABSOLUTE
    ..\FreeRTOS\Source\portable\MemMang\heap_4.c 0x00000000   Number         0  heap_4.o ABSOLUTE
    ..\FreeRTOS\Source\portable\RVDS\ARM_CM4F\port.c 0x00000000   Number         0  port.o ABSOLUTE
    ..\FreeRTOS\Source\queue.c               0x00000000   Number         0  queue.o ABSOLUTE
    ..\FreeRTOS\Source\tasks.c               0x00000000   Number         0  tasks.o ABSOLUTE
    ..\\FreeRTOS\\Source\\portable\\RVDS\\ARM_CM4F\\port.c 0x00000000   Number         0  port.o ABSOLUTE
    ..\include\drivers\buttons.c             0x00000000   Number         0  buttons.o ABSOLUTE
    ..\include\drivers\rgb.c                 0x00000000   Number         0  rgb.o ABSOLUTE
    ..\include\utils\uartstdio.c             0x00000000   Number         0  uartstdio.o ABSOLUTE
    ..\include\utils\ustdlib.c               0x00000000   Number         0  ustdlib.o ABSOLUTE
    BSP.c                                    0x00000000   Number         0  bsp.o ABSOLUTE
    BSP.c                                    0x00000000   Number         0  bsp.o ABSOLUTE
    accelerometer_task.c                     0x00000000   Number         0  accelerometer_task.o ABSOLUTE
    cpu.c                                    0x00000000   Number         0  cpu.o ABSOLUTE
    cpu.c                                    0x00000000   Number         0  cpu.o ABSOLUTE
    dc.s                                     0x00000000   Number         0  dc.o ABSOLUTE
    freertos_demo.c                          0x00000000   Number         0  freertos_demo.o ABSOLUTE
    handlers.s                               0x00000000   Number         0  handlers.o ABSOLUTE
    init.s                                   0x00000000   Number         0  init.o ABSOLUTE
    interrupt.c                              0x00000000   Number         0  interrupt.o ABSOLUTE
    led_task.c                               0x00000000   Number         0  led_task.o ABSOLUTE
    startup_rvmdk.S                          0x00000000   Number         0  startup_rvmdk.o ABSOLUTE
    switch_task.c                            0x00000000   Number         0  switch_task.o ABSOLUTE
    sysctl.c                                 0x00000000   Number         0  sysctl.o ABSOLUTE
    sysctl.c                                 0x00000000   Number         0  sysctl.o ABSOLUTE
    uart.c                                   0x00000000   Number         0  uart.o ABSOLUTE
    $v0                                      0x0000026c   Number         0  startup_rvmdk.o(RESET)
    NmiSR                                    0x0000029b   Thumb Code     0  startup_rvmdk.o(RESET)
    FaultISR                                 0x0000029d   Thumb Code     0  startup_rvmdk.o(RESET)
    IntDefaultHandler                        0x0000029f   Thumb Code     0  startup_rvmdk.o(RESET)
    .ARM.Collect$$$$00000000                 0x000002a0   Section        0  entry.o(.ARM.Collect$$$$00000000)
    .ARM.Collect$$$$00000001                 0x000002a0   Section        4  entry2.o(.ARM.Collect$$$$00000001)
    .ARM.Collect$$$$00000004                 0x000002a4   Section        4  entry5.o(.ARM.Collect$$$$00000004)
    .ARM.Collect$$$$00000008                 0x000002a8   Section        0  entry7b.o(.ARM.Collect$$$$00000008)
    .ARM.Collect$$$$0000000A                 0x000002a8   Section        0  entry8b.o(.ARM.Collect$$$$0000000A)
    .ARM.Collect$$$$0000000B                 0x000002a8   Section        8  entry9a.o(.ARM.Collect$$$$0000000B)
    .ARM.Collect$$$$0000000D                 0x000002b0   Section        0  entry10a.o(.ARM.Collect$$$$0000000D)
    .ARM.Collect$$$$0000000F                 0x000002b0   Section        0  entry11a.o(.ARM.Collect$$$$0000000F)
    .ARM.Collect$$$$00002712                 0x000002b0   Section        4  entry2.o(.ARM.Collect$$$$00002712)
    __lit__00000000                          0x000002b0   Data           4  entry2.o(.ARM.Collect$$$$00002712)
    .emb_text                                0x000002b4   Section        6  bsp.o(.emb_text)
    $v0                                      0x000002b4   Number         0  bsp.o(.emb_text)
    .emb_text                                0x000002bc   Section      182  port.o(.emb_text)
    $v0                                      0x000002bc   Number         0  port.o(.emb_text)
    .text                                    0x00000372   Section        0  memcpya.o(.text)
    .text                                    0x00000396   Section        0  memseta.o(.text)
    .text                                    0x000003bc   Section       36  init.o(.text)
    i.AccelerometerTask                      0x000003e0   Section        0  accelerometer_task.o(i.AccelerometerTask)
    AccelerometerTask                        0x000003e1   Thumb Code    78  accelerometer_task.o(i.AccelerometerTask)
    i.AccelerometerTaskInit                  0x0000045c   Section        0  accelerometer_task.o(i.AccelerometerTaskInit)
    i.BSP_Accelerometer_Init                 0x000004d4   Section        0  bsp.o(i.BSP_Accelerometer_Init)
    i.BSP_Accelerometer_Input                0x00000564   Section        0  bsp.o(i.BSP_Accelerometer_Input)
    i.BSP_Delay1ms                           0x00000590   Section        0  bsp.o(i.BSP_Delay1ms)
    i.BSP_LCD_Color565                       0x000005a8   Section        0  bsp.o(i.BSP_LCD_Color565)
    i.BSP_LCD_FillRect                       0x000005bc   Section        0  bsp.o(i.BSP_LCD_FillRect)
    i.BSP_LCD_FillScreen                     0x00000634   Section        0  bsp.o(i.BSP_LCD_FillScreen)
    i.BSP_LCD_Init                           0x00000650   Section        0  bsp.o(i.BSP_LCD_Init)
    i.BSP_LCD_SetCursor                      0x00000658   Section        0  bsp.o(i.BSP_LCD_SetCursor)
    i.ButtonsInit                            0x0000066c   Section        0  buttons.o(i.ButtonsInit)
    i.ButtonsPoll                            0x000006d0   Section        0  buttons.o(i.ButtonsPoll)
    i.ConfigureUART                          0x00000728   Section        0  freertos_demo.o(i.ConfigureUART)
    i.LEDTask                                0x00000784   Section        0  led_task.o(i.LEDTask)
    LEDTask                                  0x00000785   Thumb Code   190  led_task.o(i.LEDTask)
    i.LEDTaskInit                            0x00000894   Section        0  led_task.o(i.LEDTaskInit)
    i.RGBColorSet                            0x00000960   Section        0  rgb.o(i.RGBColorSet)
    i.RGBDisable                             0x000009f0   Section        0  rgb.o(i.RGBDisable)
    i.RGBEnable                              0x00000a4c   Section        0  rgb.o(i.RGBEnable)
    i.RGBInit                                0x00000af8   Section        0  rgb.o(i.RGBInit)
    i.RGBIntensitySet                        0x00000bc8   Section        0  rgb.o(i.RGBIntensitySet)
    i.ST7735_InitR                           0x00000bdc   Section        0  bsp.o(i.ST7735_InitR)
    ST7735_InitR                             0x00000bdd   Thumb Code    92  bsp.o(i.ST7735_InitR)
    i.SwitchTask                             0x00000c40   Section        0  switch_task.o(i.SwitchTask)
    SwitchTask                               0x00000c41   Thumb Code   144  switch_task.o(i.SwitchTask)
    i.SwitchTaskInit                         0x00000d38   Section        0  switch_task.o(i.SwitchTaskInit)
    i.UARTClockSourceSet                     0x00000d80   Section        0  uart.o(i.UARTClockSourceSet)
    i.UARTStdioConfig                        0x00000d88   Section        0  uartstdio.o(i.UARTStdioConfig)
    i.UARTprintf                             0x00000de4   Section        0  uartstdio.o(i.UARTprintf)
    i.UARTvprintf                            0x00000df8   Section        0  uartstdio.o(i.UARTvprintf)
    i.UARTwrite                              0x00000fac   Section        0  uartstdio.o(i.UARTwrite)
    i.__scatterload_copy                     0x00000fe8   Section       14  handlers.o(i.__scatterload_copy)
    i.__scatterload_null                     0x00000ff6   Section        2  handlers.o(i.__scatterload_null)
    i.__scatterload_zeroinit                 0x00000ff8   Section       14  handlers.o(i.__scatterload_zeroinit)
    i.adcinit                                0x00001008   Section        0  bsp.o(i.adcinit)
    adcinit                                  0x00001009   Thumb Code    46  bsp.o(i.adcinit)
    i.commandList                            0x00001048   Section        0  bsp.o(i.commandList)
    commandList                              0x00001049   Thumb Code    74  bsp.o(i.commandList)
    i.commonInit                             0x00001094   Section        0  bsp.o(i.commonInit)
    commonInit                               0x00001095   Thumb Code   376  bsp.o(i.commonInit)
    i.main                                   0x00001248   Section        0  freertos_demo.o(i.main)
    i.prvAddCurrentTaskToDelayedList         0x000012c4   Section        0  tasks.o(i.prvAddCurrentTaskToDelayedList)
    prvAddCurrentTaskToDelayedList           0x000012c5   Thumb Code   102  tasks.o(i.prvAddCurrentTaskToDelayedList)
    i.prvAddNewTaskToReadyList               0x00001334   Section        0  tasks.o(i.prvAddNewTaskToReadyList)
    prvAddNewTaskToReadyList                 0x00001335   Thumb Code   192  tasks.o(i.prvAddNewTaskToReadyList)
    i.prvCheckTasksWaitingTermination        0x00001404   Section        0  tasks.o(i.prvCheckTasksWaitingTermination)
    prvCheckTasksWaitingTermination          0x00001405   Thumb Code    74  tasks.o(i.prvCheckTasksWaitingTermination)
    i.prvCopyDataFromQueue                   0x00001458   Section        0  queue.o(i.prvCopyDataFromQueue)
    prvCopyDataFromQueue                     0x00001459   Thumb Code    38  queue.o(i.prvCopyDataFromQueue)
    i.prvCopyDataToQueue                     0x0000147e   Section        0  queue.o(i.prvCopyDataToQueue)
    prvCopyDataToQueue                       0x0000147f   Thumb Code   108  queue.o(i.prvCopyDataToQueue)
    i.prvDeleteTCB                           0x000014ea   Section        0  tasks.o(i.prvDeleteTCB)
    prvDeleteTCB                             0x000014eb   Thumb Code    20  tasks.o(i.prvDeleteTCB)
    i.prvHeapInit                            0x00001500   Section        0  heap_4.o(i.prvHeapInit)
    prvHeapInit                              0x00001501   Thumb Code    64  heap_4.o(i.prvHeapInit)
    i.prvIdleTask                            0x00001548   Section        0  tasks.o(i.prvIdleTask)
    prvIdleTask                              0x00001549   Thumb Code     6  tasks.o(i.prvIdleTask)
    i.prvInitialiseNewTask                   0x0000154e   Section        0  tasks.o(i.prvInitialiseNewTask)
    prvInitialiseNewTask                     0x0000154f   Thumb Code   138  tasks.o(i.prvInitialiseNewTask)
    i.prvInsertBlockIntoFreeList             0x000015d8   Section        0  heap_4.o(i.prvInsertBlockIntoFreeList)
    prvInsertBlockIntoFreeList               0x000015d9   Thumb Code    72  heap_4.o(i.prvInsertBlockIntoFreeList)
    i.prvIsQueueEmpty                        0x00001624   Section        0  queue.o(i.prvIsQueueEmpty)
    prvIsQueueEmpty                          0x00001625   Thumb Code    26  queue.o(i.prvIsQueueEmpty)
    i.prvResetNextTaskUnblockTime            0x00001640   Section        0  tasks.o(i.prvResetNextTaskUnblockTime)
    prvResetNextTaskUnblockTime              0x00001641   Thumb Code    26  tasks.o(i.prvResetNextTaskUnblockTime)
    i.prvTaskExitError                       0x00001660   Section        0  port.o(i.prvTaskExitError)
    prvTaskExitError                         0x00001661   Thumb Code    16  port.o(i.prvTaskExitError)
    i.prvUnlockQueue                         0x00001670   Section        0  queue.o(i.prvUnlockQueue)
    prvUnlockQueue                           0x00001671   Thumb Code   106  queue.o(i.prvUnlockQueue)
    i.pvPortMalloc                           0x000016dc   Section        0  heap_4.o(i.pvPortMalloc)
    i.pvTaskIncrementMutexHeldCount          0x00001774   Section        0  tasks.o(i.pvTaskIncrementMutexHeldCount)
    i.pxPortInitialiseStack                  0x0000178c   Section        0  port.o(i.pxPortInitialiseStack)
    i.setAddrWindow                          0x000017b8   Section        0  bsp.o(i.setAddrWindow)
    setAddrWindow                            0x000017b9   Thumb Code   102  bsp.o(i.setAddrWindow)
    i.uxListRemove                           0x00001824   Section        0  list.o(i.uxListRemove)
    i.vApplicationStackOverflowHook          0x00001848   Section        0  freertos_demo.o(i.vApplicationStackOverflowHook)
    i.vListInitialise                        0x0000184a   Section        0  list.o(i.vListInitialise)
    i.vListInitialiseItem                    0x00001860   Section        0  list.o(i.vListInitialiseItem)
    i.vListInsert                            0x00001866   Section        0  list.o(i.vListInsert)
    i.vListInsertEnd                         0x00001896   Section        0  list.o(i.vListInsertEnd)
    i.vPortEnterCritical                     0x000018b0   Section        0  port.o(i.vPortEnterCritical)
    i.vPortExitCritical                      0x000018cc   Section        0  port.o(i.vPortExitCritical)
    i.vPortFree                              0x000018e0   Section        0  heap_4.o(i.vPortFree)
    i.vPortSetupTimerInterrupt               0x00001920   Section        0  port.o(i.vPortSetupTimerInterrupt)
    i.vTaskDelayUntil                        0x00001930   Section        0  tasks.o(i.vTaskDelayUntil)
    i.vTaskMissedYield                       0x00001988   Section        0  tasks.o(i.vTaskMissedYield)
    i.vTaskPlaceOnEventList                  0x00001994   Section        0  tasks.o(i.vTaskPlaceOnEventList)
    i.vTaskPriorityInherit                   0x000019b8   Section        0  tasks.o(i.vTaskPriorityInherit)
    i.vTaskSetTimeOutState                   0x00001a3c   Section        0  tasks.o(i.vTaskSetTimeOutState)
    i.vTaskStartScheduler                    0x00001a4c   Section        0  tasks.o(i.vTaskStartScheduler)
    i.vTaskSuspendAll                        0x00001aa0   Section        0  tasks.o(i.vTaskSuspendAll)
    i.vTaskSwitchContext                     0x00001ab0   Section        0  tasks.o(i.vTaskSwitchContext)
    i.writecommand                           0x00001b20   Section        0  bsp.o(i.writecommand)
    writecommand                             0x00001b21   Thumb Code    40  bsp.o(i.writecommand)
    i.writedata                              0x00001b50   Section        0  bsp.o(i.writedata)
    writedata                                0x00001b51   Thumb Code    40  bsp.o(i.writedata)
    i.xPortStartScheduler                    0x00001b80   Section        0  port.o(i.xPortStartScheduler)
    i.xPortSysTickHandler                    0x00001bc0   Section        0  port.o(i.xPortSysTickHandler)
    i.xQueueCreateMutex                      0x00001bec   Section        0  queue.o(i.xQueueCreateMutex)
    i.xQueueGenericCreate                    0x00001c10   Section        0  queue.o(i.xQueueGenericCreate)
    i.xQueueGenericReceive                   0x00001c50   Section        0  queue.o(i.xQueueGenericReceive)
    i.xQueueGenericReset                     0x00001d74   Section        0  queue.o(i.xQueueGenericReset)
    i.xQueueGenericSend                      0x00001de8   Section        0  queue.o(i.xQueueGenericSend)
    i.xTaskCheckForTimeOut                   0x00001ee8   Section        0  tasks.o(i.xTaskCheckForTimeOut)
    i.xTaskCreate                            0x00001f30   Section        0  tasks.o(i.xTaskCreate)
    i.xTaskGetTickCount                      0x00001f88   Section        0  tasks.o(i.xTaskGetTickCount)
    i.xTaskIncrementTick                     0x00001f94   Section        0  tasks.o(i.xTaskIncrementTick)
    i.xTaskPriorityDisinherit                0x00002048   Section        0  tasks.o(i.xTaskPriorityDisinherit)
    i.xTaskRemoveFromEventList               0x000020b8   Section        0  tasks.o(i.xTaskRemoveFromEventList)
    i.xTaskResumeAll                         0x0000211c   Section        0  tasks.o(i.xTaskResumeAll)
    .constdata                               0x000021cc   Section     1403  bsp.o(.constdata)
    Font                                     0x000021cc   Data        1275  bsp.o(.constdata)
    Rcmd1                                    0x000026c7   Data          59  bsp.o(.constdata)
    Rcmd2green                               0x00002702   Data          13  bsp.o(.constdata)
    Rcmd2red                                 0x0000270f   Data          13  bsp.o(.constdata)
    Rcmd3                                    0x0000271c   Data          43  bsp.o(.constdata)
    .constdata                               0x00002748   Section       28  uartstdio.o(.constdata)
    g_pcHex                                  0x00002748   Data           4  uartstdio.o(.constdata)
    g_ui32UARTBase                           0x0000274c   Data          12  uartstdio.o(.constdata)
    g_ui32UARTPeriph                         0x00002758   Data          12  uartstdio.o(.constdata)
    .conststring                             0x00002764   Section       17  uartstdio.o(.conststring)
    .data                                    0x20000000   Section       28  freertos_demo.o(.data)
    prev1                                    0x20000000   Data           1  freertos_demo.o(.data)
    prev2                                    0x20000001   Data           1  freertos_demo.o(.data)
    prevS                                    0x20000002   Data           1  freertos_demo.o(.data)
    mode                                     0x20000003   Data           1  freertos_demo.o(.data)
    .data                                    0x2000001c   Section        8  led_task.o(.data)
    g_ui8ColorsIndx                          0x2000001c   Data           1  led_task.o(.data)
    .data                                    0x20000024   Section       64  bsp.o(.data)
    ColStart                                 0x20000024   Data           1  bsp.o(.data)
    RowStart                                 0x20000025   Data           1  bsp.o(.data)
    _width                                   0x20000028   Data           2  bsp.o(.data)
    _height                                  0x2000002a   Data           2  bsp.o(.data)
    PWMCycles                                0x2000002c   Data           2  bsp.o(.data)
    ClockFrequency                           0x20000030   Data           4  bsp.o(.data)
    .data                                    0x20000064   Section        4  accelerometer_task.o(.data)
    .data                                    0x20000068   Section       60  tasks.o(.data)
    uxDeletedTasksWaitingCleanUp             0x2000006c   Data           4  tasks.o(.data)
    uxCurrentNumberOfTasks                   0x20000070   Data           4  tasks.o(.data)
    xTickCount                               0x20000074   Data           4  tasks.o(.data)
    uxTopReadyPriority                       0x20000078   Data           4  tasks.o(.data)
    xSchedulerRunning                        0x2000007c   Data           4  tasks.o(.data)
    uxPendedTicks                            0x20000080   Data           4  tasks.o(.data)
    xYieldPending                            0x20000084   Data           4  tasks.o(.data)
    xNumOfOverflows                          0x20000088   Data           4  tasks.o(.data)
    uxTaskNumber                             0x2000008c   Data           4  tasks.o(.data)
    xNextTaskUnblockTime                     0x20000090   Data           4  tasks.o(.data)
    xIdleTaskHandle                          0x20000094   Data           4  tasks.o(.data)
    uxSchedulerSuspended                     0x20000098   Data           4  tasks.o(.data)
    pxDelayedTaskList                        0x2000009c   Data           4  tasks.o(.data)
    pxOverflowDelayedTaskList                0x200000a0   Data           4  tasks.o(.data)
    .data                                    0x200000a4   Section        4  port.o(.data)
    uxCriticalNesting                        0x200000a4   Data           4  port.o(.data)
    .data                                    0x200000a8   Section       24  heap_4.o(.data)
    pxEnd                                    0x200000a8   Data           4  heap_4.o(.data)
    xFreeBytesRemaining                      0x200000ac   Data           4  heap_4.o(.data)
    xMinimumEverFreeBytesRemaining           0x200000b0   Data           4  heap_4.o(.data)
    xBlockAllocatedBit                       0x200000b4   Data           4  heap_4.o(.data)
    xStart                                   0x200000b8   Data           8  heap_4.o(.data)
    .data                                    0x200000c0   Section        3  buttons.o(.data)
    g_ui8ButtonStates                        0x200000c0   Data           1  buttons.o(.data)
    ui8SwitchClockA                          0x200000c1   Data           1  buttons.o(.data)
    ui8SwitchClockB                          0x200000c2   Data           1  buttons.o(.data)
    .data                                    0x200000c4   Section        8  rgb.o(.data)
    g_fIntensity                             0x200000c4   Data           4  rgb.o(.data)
    ulFlags                                  0x200000c8   Data           4  rgb.o(.data)
    .data                                    0x200000cc   Section        8  uartstdio.o(.data)
    bLastWasCR                               0x200000cc   Data           1  uartstdio.o(.data)
    g_ui32Base                               0x200000d0   Data           4  uartstdio.o(.data)
    .bss                                     0x200000d4   Section       12  led_task.o(.bss)
    g_pui32Colors                            0x200000d4   Data          12  led_task.o(.bss)
    .bss                                     0x200000e0   Section      420  tasks.o(.bss)
    pxReadyTasksLists                        0x200000e0   Data         320  tasks.o(.bss)
    xDelayedTaskList1                        0x20000220   Data          20  tasks.o(.bss)
    xDelayedTaskList2                        0x20000234   Data          20  tasks.o(.bss)
    xPendingReadyList                        0x20000248   Data          20  tasks.o(.bss)
    xTasksWaitingTermination                 0x2000025c   Data          20  tasks.o(.bss)
    xSuspendedTaskList                       0x20000270   Data          20  tasks.o(.bss)
    .bss                                     0x20000284   Section    30000  heap_4.o(.bss)
    ucHeap                                   0x20000284   Data       30000  heap_4.o(.bss)
    .bss                                     0x200077b4   Section       12  rgb.o(.bss)
    g_ui32Colors                             0x200077b4   Data          12  rgb.o(.bss)
    STACK                                    0x200077c0   Section      512  startup_rvmdk.o(STACK)
    StackMem                                 0x200077c0   Data           0  startup_rvmdk.o(STACK)

    Global Symbols

    Symbol Name                              Value     Ov Type        Size  Object(Section)

    BuildAttributes$$THM_ISAv4$E$P$D$K$B$S$7EM$VFPi3$EXTD16$VFPS$VFMA$PE$A:L22UL41UL21$X:L11$S22US41US21$IEEE1$IW$USESV6$~STKCKD$USESV7$~SHL$OTIME$ROPI$EBA8$MICROLIB$REQ8$PRES8$EABIv2 0x00000000   Number         0  anon$$obj.o ABSOLUTE
    __ARM_use_no_argv                        0x00000000   Number         0  freertos_demo.o ABSOLUTE
    __Vectors                                0x00000000   Data           0  startup_rvmdk.o(RESET)
    __cpp_initialize__aeabi_                  - Undefined Weak Reference
    __cxa_finalize                            - Undefined Weak Reference
    __decompress                              - Undefined Weak Reference
    _clock_init                               - Undefined Weak Reference
    _microlib_exit                            - Undefined Weak Reference
    Reset_Handler                            0x0000026d   Thumb Code     0  startup_rvmdk.o(RESET)
    DisableInterrupts                        0x00000281   Thumb Code     0  startup_rvmdk.o(RESET)
    EnableInterrupts                         0x00000285   Thumb Code     0  startup_rvmdk.o(RESET)
    StartCritical                            0x00000289   Thumb Code     0  startup_rvmdk.o(RESET)
    EndCritical                              0x00000291   Thumb Code     0  startup_rvmdk.o(RESET)
    WaitForInterrupt                         0x00000297   Thumb Code     0  startup_rvmdk.o(RESET)
    __main                                   0x000002a1   Thumb Code     0  entry.o(.ARM.Collect$$$$00000000)
    _main_stk                                0x000002a1   Thumb Code     0  entry2.o(.ARM.Collect$$$$00000001)
    _main_scatterload                        0x000002a5   Thumb Code     0  entry5.o(.ARM.Collect$$$$00000004)
    __main_after_scatterload                 0x000002a9   Thumb Code     0  entry5.o(.ARM.Collect$$$$00000004)
    _main_clock                              0x000002a9   Thumb Code     0  entry7b.o(.ARM.Collect$$$$00000008)
    _main_cpp_init                           0x000002a9   Thumb Code     0  entry8b.o(.ARM.Collect$$$$0000000A)
    _main_init                               0x000002a9   Thumb Code     0  entry9a.o(.ARM.Collect$$$$0000000B)
    __rt_final_cpp                           0x000002b1   Thumb Code     0  entry10a.o(.ARM.Collect$$$$0000000D)
    __rt_final_exit                          0x000002b1   Thumb Code     0  entry11a.o(.ARM.Collect$$$$0000000F)
    parrotdelay                              0x000002b5   Thumb Code     6  bsp.o(.emb_text)
    vPortSVCHandler                          0x000002bd   Thumb Code    28  port.o(.emb_text)
    __asm___6_port_c_39a90d8d__prvStartFirstTask 0x000002dd   Thumb Code    28  port.o(.emb_text)
    __asm___6_port_c_39a90d8d__prvEnableVFP  0x000002fd   Thumb Code    16  port.o(.emb_text)
    xPortPendSVHandler                       0x00000311   Thumb Code    88  port.o(.emb_text)
    vPortGetIPSR                             0x0000036d   Thumb Code     6  port.o(.emb_text)
    __aeabi_memcpy                           0x00000373   Thumb Code    36  memcpya.o(.text)
    __aeabi_memcpy4                          0x00000373   Thumb Code     0  memcpya.o(.text)
    __aeabi_memcpy8                          0x00000373   Thumb Code     0  memcpya.o(.text)
    __aeabi_memset                           0x00000397   Thumb Code    14  memseta.o(.text)
    __aeabi_memset4                          0x00000397   Thumb Code     0  memseta.o(.text)
    __aeabi_memset8                          0x00000397   Thumb Code     0  memseta.o(.text)
    __aeabi_memclr                           0x000003a5   Thumb Code     4  memseta.o(.text)
    __aeabi_memclr4                          0x000003a5   Thumb Code     0  memseta.o(.text)
    __aeabi_memclr8                          0x000003a5   Thumb Code     0  memseta.o(.text)
    _memset$wrapper                          0x000003a9   Thumb Code    18  memseta.o(.text)
    __scatterload                            0x000003bd   Thumb Code    28  init.o(.text)
    __scatterload_rt2                        0x000003bd   Thumb Code     0  init.o(.text)
    AccelerometerTaskInit                    0x0000045d   Thumb Code    58  accelerometer_task.o(i.AccelerometerTaskInit)
    BSP_Accelerometer_Init                   0x000004d5   Thumb Code   124  bsp.o(i.BSP_Accelerometer_Init)
    BSP_Accelerometer_Input                  0x00000565   Thumb Code    40  bsp.o(i.BSP_Accelerometer_Input)
    BSP_Delay1ms                             0x00000591   Thumb Code    24  bsp.o(i.BSP_Delay1ms)
    BSP_LCD_Color565                         0x000005a9   Thumb Code    20  bsp.o(i.BSP_LCD_Color565)
    BSP_LCD_FillRect                         0x000005bd   Thumb Code   116  bsp.o(i.BSP_LCD_FillRect)
    BSP_LCD_FillScreen                       0x00000635   Thumb Code    24  bsp.o(i.BSP_LCD_FillScreen)
    BSP_LCD_Init                             0x00000651   Thumb Code     6  bsp.o(i.BSP_LCD_Init)
    BSP_LCD_SetCursor                        0x00000659   Thumb Code    16  bsp.o(i.BSP_LCD_SetCursor)
    ButtonsInit                              0x0000066d   Thumb Code    78  buttons.o(i.ButtonsInit)
    ButtonsPoll                              0x000006d1   Thumb Code    78  buttons.o(i.ButtonsPoll)
    ConfigureUART                            0x00000729   Thumb Code    76  freertos_demo.o(i.ConfigureUART)
    LEDTaskInit                              0x00000895   Thumb Code   114  led_task.o(i.LEDTaskInit)
    RGBColorSet                              0x00000961   Thumb Code   126  rgb.o(i.RGBColorSet)
    RGBDisable                               0x000009f1   Thumb Code    78  rgb.o(i.RGBDisable)
    RGBEnable                                0x00000a4d   Thumb Code   146  rgb.o(i.RGBEnable)
    RGBInit                                  0x00000af9   Thumb Code   180  rgb.o(i.RGBInit)
    RGBIntensitySet                          0x00000bc9   Thumb Code    12  rgb.o(i.RGBIntensitySet)
    SwitchTaskInit                           0x00000d39   Thumb Code    50  switch_task.o(i.SwitchTaskInit)
    UARTClockSourceSet                       0x00000d81   Thumb Code     6  uart.o(i.UARTClockSourceSet)
    UARTStdioConfig                          0x00000d89   Thumb Code    82  uartstdio.o(i.UARTStdioConfig)
    UARTprintf                               0x00000de5   Thumb Code    18  uartstdio.o(i.UARTprintf)
    UARTvprintf                              0x00000df9   Thumb Code   420  uartstdio.o(i.UARTvprintf)
    UARTwrite                                0x00000fad   Thumb Code    56  uartstdio.o(i.UARTwrite)
    __scatterload_copy                       0x00000fe9   Thumb Code    14  handlers.o(i.__scatterload_copy)
    __scatterload_null                       0x00000ff7   Thumb Code     2  handlers.o(i.__scatterload_null)
    __scatterload_zeroinit                   0x00000ff9   Thumb Code    14  handlers.o(i.__scatterload_zeroinit)
    main                                     0x00001249   Thumb Code    68  freertos_demo.o(i.main)
    pvPortMalloc                             0x000016dd   Thumb Code   148  heap_4.o(i.pvPortMalloc)
    pvTaskIncrementMutexHeldCount            0x00001775   Thumb Code    18  tasks.o(i.pvTaskIncrementMutexHeldCount)
    pxPortInitialiseStack                    0x0000178d   Thumb Code    40  port.o(i.pxPortInitialiseStack)
    uxListRemove                             0x00001825   Thumb Code    36  list.o(i.uxListRemove)
    vApplicationStackOverflowHook            0x00001849   Thumb Code     2  freertos_demo.o(i.vApplicationStackOverflowHook)
    vListInitialise                          0x0000184b   Thumb Code    22  list.o(i.vListInitialise)
    vListInitialiseItem                      0x00001861   Thumb Code     6  list.o(i.vListInitialiseItem)
    vListInsert                              0x00001867   Thumb Code    48  list.o(i.vListInsert)
    vListInsertEnd                           0x00001897   Thumb Code    24  list.o(i.vListInsertEnd)
    vPortEnterCritical                       0x000018b1   Thumb Code    24  port.o(i.vPortEnterCritical)
    vPortExitCritical                        0x000018cd   Thumb Code    16  port.o(i.vPortExitCritical)
    vPortFree                                0x000018e1   Thumb Code    58  heap_4.o(i.vPortFree)
    vPortSetupTimerInterrupt                 0x00001921   Thumb Code    16  port.o(i.vPortSetupTimerInterrupt)
    vTaskDelayUntil                          0x00001931   Thumb Code    78  tasks.o(i.vTaskDelayUntil)
    vTaskMissedYield                         0x00001989   Thumb Code     8  tasks.o(i.vTaskMissedYield)
    vTaskPlaceOnEventList                    0x00001995   Thumb Code    30  tasks.o(i.vTaskPlaceOnEventList)
    vTaskPriorityInherit                     0x000019b9   Thumb Code   124  tasks.o(i.vTaskPriorityInherit)
    vTaskSetTimeOutState                     0x00001a3d   Thumb Code    12  tasks.o(i.vTaskSetTimeOutState)
    vTaskStartScheduler                      0x00001a4d   Thumb Code    66  tasks.o(i.vTaskStartScheduler)
    vTaskSuspendAll                          0x00001aa1   Thumb Code    10  tasks.o(i.vTaskSuspendAll)
    vTaskSwitchContext                       0x00001ab1   Thumb Code   104  tasks.o(i.vTaskSwitchContext)
    xPortStartScheduler                      0x00001b81   Thumb Code    52  port.o(i.xPortStartScheduler)
    xPortSysTickHandler                      0x00001bc1   Thumb Code    38  port.o(i.xPortSysTickHandler)
    xQueueCreateMutex                        0x00001bed   Thumb Code    36  queue.o(i.xQueueCreateMutex)
    xQueueGenericCreate                      0x00001c11   Thumb Code    64  queue.o(i.xQueueGenericCreate)
    xQueueGenericReceive                     0x00001c51   Thumb Code   286  queue.o(i.xQueueGenericReceive)
    xQueueGenericReset                       0x00001d75   Thumb Code   112  queue.o(i.xQueueGenericReset)
    xQueueGenericSend                        0x00001de9   Thumb Code   250  queue.o(i.xQueueGenericSend)
    xTaskCheckForTimeOut                     0x00001ee9   Thumb Code    66  tasks.o(i.xTaskCheckForTimeOut)
    xTaskCreate                              0x00001f31   Thumb Code    86  tasks.o(i.xTaskCreate)
    xTaskGetTickCount                        0x00001f89   Thumb Code     6  tasks.o(i.xTaskGetTickCount)
    xTaskIncrementTick                       0x00001f95   Thumb Code   170  tasks.o(i.xTaskIncrementTick)
    xTaskPriorityDisinherit                  0x00002049   Thumb Code   102  tasks.o(i.xTaskPriorityDisinherit)
    xTaskRemoveFromEventList                 0x000020b9   Thumb Code    88  tasks.o(i.xTaskRemoveFromEventList)
    xTaskResumeAll                           0x0000211d   Thumb Code   164  tasks.o(i.xTaskResumeAll)
    Region$$Table$$Base                      0x00002778   Number         0  anon$$obj.o(Region$$Table)
    Region$$Table$$Limit                     0x00002798   Number         0  anon$$obj.o(Region$$Table)
    sw1_mode                                 0x20000004   Data           1  freertos_demo.o(.data)
    sw2_mode                                 0x20000005   Data           1  freertos_demo.o(.data)
    Red                                      0x20000006   Data           2  freertos_demo.o(.data)
    Green                                    0x20000008   Data           2  freertos_demo.o(.data)
    Blue                                     0x2000000a   Data           2  freertos_demo.o(.data)
    JoyX                                     0x2000000c   Data           2  freertos_demo.o(.data)
    JoyY                                     0x2000000e   Data           2  freertos_demo.o(.data)
    AccX                                     0x20000010   Data           2  freertos_demo.o(.data)
    AccY                                     0x20000012   Data           2  freertos_demo.o(.data)
    AccZ                                     0x20000014   Data           2  freertos_demo.o(.data)
    g_pUARTSemaphore                         0x20000018   Data           4  freertos_demo.o(.data)
    g_pLEDQueue                              0x20000020   Data           4  led_task.o(.data)
    StTextColor                              0x20000026   Data           2  bsp.o(.data)
    PlotBGColor                              0x2000002e   Data           2  bsp.o(.data)
    StX                                      0x20000034   Data           4  bsp.o(.data)
    StY                                      0x20000038   Data           4  bsp.o(.data)
    LightBusy                                0x2000003c   Data           4  bsp.o(.data)
    TempBusy                                 0x20000040   Data           4  bsp.o(.data)
    Messageindex                             0x20000044   Data           4  bsp.o(.data)
    TimeIndex                                0x20000048   Data           4  bsp.o(.data)
    Ymax                                     0x2000004c   Data           4  bsp.o(.data)
    Ymin                                     0x20000050   Data           4  bsp.o(.data)
    Yrange                                   0x20000054   Data           4  bsp.o(.data)
    PeriodicTask                             0x20000058   Data           4  bsp.o(.data)
    PeriodicTaskB                            0x2000005c   Data           4  bsp.o(.data)
    PeriodicTaskC                            0x20000060   Data           4  bsp.o(.data)
    g_pACCELEROMETERQueue                    0x20000064   Data           4  accelerometer_task.o(.data)
    pxCurrentTCB                             0x20000068   Data           4  tasks.o(.data)
    __initial_sp                             0x200079c0   Data           0  startup_rvmdk.o(STACK)



==============================================================================

Memory Map of the image

  Image Entry point : 0x0000026d

  Load Region LR_IROM (Base: 0x00000000, Size: 0x0000286c, Max: 0x00040000, ABSOLUTE)

    Execution Region ER_IROM (Exec base: 0x00000000, Load base: 0x00000000, Size: 0x00002798, Max: 0x00040000, ABSOLUTE)

    Exec Addr    Load Addr    Size         Type   Attr      Idx    E Section Name        Object

    0x00000000   0x00000000   0x000002a0   Code   RO          161  * RESET               startup_rvmdk.o
    0x000002a0   0x000002a0   0x00000000   Code   RO         2489  * .ARM.Collect$$$$00000000  mc_w.l(entry.o)
    0x000002a0   0x000002a0   0x00000004   Code   RO         2500    .ARM.Collect$$$$00000001  mc_w.l(entry2.o)
    0x000002a4   0x000002a4   0x00000004   Code   RO         2503    .ARM.Collect$$$$00000004  mc_w.l(entry5.o)
    0x000002a8   0x000002a8   0x00000000   Code   RO         2505    .ARM.Collect$$$$00000008  mc_w.l(entry7b.o)
    0x000002a8   0x000002a8   0x00000000   Code   RO         2507    .ARM.Collect$$$$0000000A  mc_w.l(entry8b.o)
    0x000002a8   0x000002a8   0x00000008   Code   RO         2508    .ARM.Collect$$$$0000000B  mc_w.l(entry9a.o)
    0x000002b0   0x000002b0   0x00000000   Code   RO         2510    .ARM.Collect$$$$0000000D  mc_w.l(entry10a.o)
    0x000002b0   0x000002b0   0x00000000   Code   RO         2512    .ARM.Collect$$$$0000000F  mc_w.l(entry11a.o)
    0x000002b0   0x000002b0   0x00000004   Code   RO         2501    .ARM.Collect$$$$00002712  mc_w.l(entry2.o)
    0x000002b4   0x000002b4   0x00000006   Code   RO          187    .emb_text           bsp.o
    0x000002ba   0x000002ba   0x00000002   PAD
    0x000002bc   0x000002bc   0x000000b6   Code   RO         1217    .emb_text           port.o
    0x00000372   0x00000372   0x00000024   Code   RO         2492    .text               mc_w.l(memcpya.o)
    0x00000396   0x00000396   0x00000024   Code   RO         2494    .text               mc_w.l(memseta.o)
    0x000003ba   0x000003ba   0x00000002   PAD
    0x000003bc   0x000003bc   0x00000024   Code   RO         2517    .text               mc_w.l(init.o)
    0x000003e0   0x000003e0   0x0000007c   Code   RO          664    i.AccelerometerTask  accelerometer_task.o
    0x0000045c   0x0000045c   0x00000078   Code   RO          665    i.AccelerometerTaskInit  accelerometer_task.o
    0x000004d4   0x000004d4   0x00000090   Code   RO          188    i.BSP_Accelerometer_Init  bsp.o
    0x00000564   0x00000564   0x0000002c   Code   RO          189    i.BSP_Accelerometer_Input  bsp.o
    0x00000590   0x00000590   0x00000018   Code   RO          198    i.BSP_Delay1ms      bsp.o
    0x000005a8   0x000005a8   0x00000014   Code   RO          201    i.BSP_LCD_Color565  bsp.o
    0x000005bc   0x000005bc   0x00000078   Code   RO          210    i.BSP_LCD_FillRect  bsp.o
    0x00000634   0x00000634   0x0000001c   Code   RO          211    i.BSP_LCD_FillScreen  bsp.o
    0x00000650   0x00000650   0x00000006   Code   RO          212    i.BSP_LCD_Init      bsp.o
    0x00000656   0x00000656   0x00000002   PAD
    0x00000658   0x00000658   0x00000014   Code   RO          220    i.BSP_LCD_SetCursor  bsp.o
    0x0000066c   0x0000066c   0x00000064   Code   RO         1373    i.ButtonsInit       buttons.o
    0x000006d0   0x000006d0   0x00000058   Code   RO         1374    i.ButtonsPoll       buttons.o
    0x00000728   0x00000728   0x0000005c   Code   RO            1    i.ConfigureUART     freertos_demo.o
    0x00000784   0x00000784   0x00000110   Code   RO          134    i.LEDTask           led_task.o
    0x00000894   0x00000894   0x000000cc   Code   RO          135    i.LEDTaskInit       led_task.o
    0x00000960   0x00000960   0x00000090   Code   RO         1423    i.RGBColorSet       rgb.o
    0x000009f0   0x000009f0   0x0000005c   Code   RO         1424    i.RGBDisable        rgb.o
    0x00000a4c   0x00000a4c   0x000000ac   Code   RO         1425    i.RGBEnable         rgb.o
    0x00000af8   0x00000af8   0x000000d0   Code   RO         1426    i.RGBInit           rgb.o
    0x00000bc8   0x00000bc8   0x00000014   Code   RO         1427    i.RGBIntensitySet   rgb.o
    0x00000bdc   0x00000bdc   0x00000064   Code   RO          249    i.ST7735_InitR      bsp.o
    0x00000c40   0x00000c40   0x000000f8   Code   RO          166    i.SwitchTask        switch_task.o
    0x00000d38   0x00000d38   0x00000048   Code   RO          167    i.SwitchTaskInit    switch_task.o
    0x00000d80   0x00000d80   0x00000006   Code   RO         2083    i.UARTClockSourceSet  driverlib.lib(uart.o)
    0x00000d86   0x00000d86   0x00000002   PAD
    0x00000d88   0x00000d88   0x0000005c   Code   RO         1498    i.UARTStdioConfig   uartstdio.o
    0x00000de4   0x00000de4   0x00000012   Code   RO         1501    i.UARTprintf        uartstdio.o
    0x00000df6   0x00000df6   0x00000002   PAD
    0x00000df8   0x00000df8   0x000001b4   Code   RO         1502    i.UARTvprintf       uartstdio.o
    0x00000fac   0x00000fac   0x0000003c   Code   RO         1503    i.UARTwrite         uartstdio.o
    0x00000fe8   0x00000fe8   0x0000000e   Code   RO         2521    i.__scatterload_copy  mc_w.l(handlers.o)
    0x00000ff6   0x00000ff6   0x00000002   Code   RO         2522    i.__scatterload_null  mc_w.l(handlers.o)
    0x00000ff8   0x00000ff8   0x0000000e   Code   RO         2523    i.__scatterload_zeroinit  mc_w.l(handlers.o)
    0x00001006   0x00001006   0x00000002   PAD
    0x00001008   0x00001008   0x00000040   Code   RO          253    i.adcinit           bsp.o
    0x00001048   0x00001048   0x0000004a   Code   RO          254    i.commandList       bsp.o
    0x00001092   0x00001092   0x00000002   PAD
    0x00001094   0x00001094   0x000001b4   Code   RO          255    i.commonInit        bsp.o
    0x00001248   0x00001248   0x0000007c   Code   RO            3    i.main              freertos_demo.o
    0x000012c4   0x000012c4   0x00000070   Code   RO          687    i.prvAddCurrentTaskToDelayedList  tasks.o
    0x00001334   0x00001334   0x000000d0   Code   RO          688    i.prvAddNewTaskToReadyList  tasks.o
    0x00001404   0x00001404   0x00000054   Code   RO          689    i.prvCheckTasksWaitingTermination  tasks.o
    0x00001458   0x00001458   0x00000026   Code   RO         1039    i.prvCopyDataFromQueue  queue.o
    0x0000147e   0x0000147e   0x0000006c   Code   RO         1040    i.prvCopyDataToQueue  queue.o
    0x000014ea   0x000014ea   0x00000014   Code   RO          690    i.prvDeleteTCB      tasks.o
    0x000014fe   0x000014fe   0x00000002   PAD
    0x00001500   0x00001500   0x00000048   Code   RO         1324    i.prvHeapInit       heap_4.o
    0x00001548   0x00001548   0x00000006   Code   RO          691    i.prvIdleTask       tasks.o
    0x0000154e   0x0000154e   0x0000008a   Code   RO          692    i.prvInitialiseNewTask  tasks.o
    0x000015d8   0x000015d8   0x0000004c   Code   RO         1325    i.prvInsertBlockIntoFreeList  heap_4.o
    0x00001624   0x00001624   0x0000001a   Code   RO         1041    i.prvIsQueueEmpty   queue.o
    0x0000163e   0x0000163e   0x00000002   PAD
    0x00001640   0x00001640   0x00000020   Code   RO          694    i.prvResetNextTaskUnblockTime  tasks.o
    0x00001660   0x00001660   0x00000010   Code   RO         1218    i.prvTaskExitError  port.o
    0x00001670   0x00001670   0x0000006a   Code   RO         1042    i.prvUnlockQueue    queue.o
    0x000016da   0x000016da   0x00000002   PAD
    0x000016dc   0x000016dc   0x00000098   Code   RO         1326    i.pvPortMalloc      heap_4.o
    0x00001774   0x00001774   0x00000018   Code   RO          697    i.pvTaskIncrementMutexHeldCount  tasks.o
    0x0000178c   0x0000178c   0x0000002c   Code   RO         1219    i.pxPortInitialiseStack  port.o
    0x000017b8   0x000017b8   0x0000006c   Code   RO          263    i.setAddrWindow     bsp.o
    0x00001824   0x00001824   0x00000024   Code   RO         1288    i.uxListRemove      list.o
    0x00001848   0x00001848   0x00000002   Code   RO            5    i.vApplicationStackOverflowHook  freertos_demo.o
    0x0000184a   0x0000184a   0x00000016   Code   RO         1289    i.vListInitialise   list.o
    0x00001860   0x00001860   0x00000006   Code   RO         1290    i.vListInitialiseItem  list.o
    0x00001866   0x00001866   0x00000030   Code   RO         1291    i.vListInsert       list.o
    0x00001896   0x00001896   0x00000018   Code   RO         1292    i.vListInsertEnd    list.o
    0x000018ae   0x000018ae   0x00000002   PAD
    0x000018b0   0x000018b0   0x0000001c   Code   RO         1221    i.vPortEnterCritical  port.o
    0x000018cc   0x000018cc   0x00000014   Code   RO         1222    i.vPortExitCritical  port.o
    0x000018e0   0x000018e0   0x00000040   Code   RO         1327    i.vPortFree         heap_4.o
    0x00001920   0x00001920   0x00000010   Code   RO         1223    i.vPortSetupTimerInterrupt  port.o
    0x00001930   0x00001930   0x00000058   Code   RO          707    i.vTaskDelayUntil   tasks.o
    0x00001988   0x00001988   0x0000000c   Code   RO          711    i.vTaskMissedYield  tasks.o
    0x00001994   0x00001994   0x00000024   Code   RO          713    i.vTaskPlaceOnEventList  tasks.o
    0x000019b8   0x000019b8   0x00000084   Code   RO          715    i.vTaskPriorityInherit  tasks.o
    0x00001a3c   0x00001a3c   0x00000010   Code   RO          719    i.vTaskSetTimeOutState  tasks.o
    0x00001a4c   0x00001a4c   0x00000054   Code   RO          720    i.vTaskStartScheduler  tasks.o
    0x00001aa0   0x00001aa0   0x00000010   Code   RO          722    i.vTaskSuspendAll   tasks.o
    0x00001ab0   0x00001ab0   0x00000070   Code   RO          723    i.vTaskSwitchContext  tasks.o
    0x00001b20   0x00001b20   0x00000030   Code   RO          266    i.writecommand      bsp.o
    0x00001b50   0x00001b50   0x00000030   Code   RO          267    i.writedata         bsp.o
    0x00001b80   0x00001b80   0x00000040   Code   RO         1224    i.xPortStartScheduler  port.o
    0x00001bc0   0x00001bc0   0x0000002c   Code   RO         1225    i.xPortSysTickHandler  port.o
    0x00001bec   0x00001bec   0x00000024   Code   RO         1052    i.xQueueCreateMutex  queue.o
    0x00001c10   0x00001c10   0x00000040   Code   RO         1053    i.xQueueGenericCreate  queue.o
    0x00001c50   0x00001c50   0x00000124   Code   RO         1054    i.xQueueGenericReceive  queue.o
    0x00001d74   0x00001d74   0x00000074   Code   RO         1055    i.xQueueGenericReset  queue.o
    0x00001de8   0x00001de8   0x00000100   Code   RO         1056    i.xQueueGenericSend  queue.o
    0x00001ee8   0x00001ee8   0x00000048   Code   RO          724    i.xTaskCheckForTimeOut  tasks.o
    0x00001f30   0x00001f30   0x00000056   Code   RO          725    i.xTaskCreate       tasks.o
    0x00001f86   0x00001f86   0x00000002   PAD
    0x00001f88   0x00001f88   0x0000000c   Code   RO          729    i.xTaskGetTickCount  tasks.o
    0x00001f94   0x00001f94   0x000000b4   Code   RO          731    i.xTaskIncrementTick  tasks.o
    0x00002048   0x00002048   0x00000070   Code   RO          734    i.xTaskPriorityDisinherit  tasks.o
    0x000020b8   0x000020b8   0x00000064   Code   RO          735    i.xTaskRemoveFromEventList  tasks.o
    0x0000211c   0x0000211c   0x000000b0   Code   RO          737    i.xTaskResumeAll    tasks.o
    0x000021cc   0x000021cc   0x0000057b   Data   RO          269    .constdata          bsp.o
    0x00002747   0x00002747   0x00000001   PAD
    0x00002748   0x00002748   0x0000001c   Data   RO         1504    .constdata          uartstdio.o
    0x00002764   0x00002764   0x00000011   Data   RO         1505    .conststring        uartstdio.o
    0x00002775   0x00002775   0x00000003   PAD
    0x00002778   0x00002778   0x00000020   Data   RO         2519    Region$$Table       anon$$obj.o


    Execution Region RW_IRAM (Exec base: 0x20000000, Load base: 0x00002798, Size: 0x000079c0, Max: 0x00008000, ABSOLUTE)

    Exec Addr    Load Addr    Size         Type   Attr      Idx    E Section Name        Object

    0x20000000   0x00002798   0x0000001c   Data   RW            6    .data               freertos_demo.o
    0x2000001c   0x000027b4   0x00000008   Data   RW          137    .data               led_task.o
    0x20000024   0x000027bc   0x00000040   Data   RW          270    .data               bsp.o
    0x20000064   0x000027fc   0x00000004   Data   RW          666    .data               accelerometer_task.o
    0x20000068   0x00002800   0x0000003c   Data   RW          740    .data               tasks.o
    0x200000a4   0x0000283c   0x00000004   Data   RW         1226    .data               port.o
    0x200000a8   0x00002840   0x00000018   Data   RW         1332    .data               heap_4.o
    0x200000c0   0x00002858   0x00000003   Data   RW         1375    .data               buttons.o
    0x200000c3   0x0000285b   0x00000001   PAD
    0x200000c4   0x0000285c   0x00000008   Data   RW         1430    .data               rgb.o
    0x200000cc   0x00002864   0x00000008   Data   RW         1506    .data               uartstdio.o
    0x200000d4        -       0x0000000c   Zero   RW          136    .bss                led_task.o
    0x200000e0        -       0x000001a4   Zero   RW          739    .bss                tasks.o
    0x20000284        -       0x00007530   Zero   RW         1331    .bss                heap_4.o
    0x200077b4        -       0x0000000c   Zero   RW         1429    .bss                rgb.o
    0x200077c0        -       0x00000200   Zero   RW          159    STACK               startup_rvmdk.o


==============================================================================

Image component sizes


      Code (inc. data)   RO Data    RW Data    ZI Data      Debug   Object Name

       244        108          0          4          0       1568   accelerometer_task.o
      1290        144       1403         64          0      12870   bsp.o
       188         32          0          3          0       2336   buttons.o
       218         72          0         28          0      23875   freertos_demo.o
       364         22          0         24      30000       4331   heap_4.o
       476        172          0          8         12       2801   led_task.o
       136          0          0          0          0       3498   list.o
       414         46          0          4          0      10224   port.o
      1042         16          0          0          0      18586   queue.o
       636         94          0          8         12       4640   rgb.o
       672        620          0          0        512        340   startup_rvmdk.o
       320        126          0          0          0       1425   switch_task.o
      1858        168          0         60        420      30649   tasks.o
       606         30         45          8          0       5592   uartstdio.o

    ----------------------------------------------------------------------
      8482       1650       1484        212      30956     122735   Object Totals
         0          0         32          0          0          0   (incl. Generated)
        18          0          4          1          0          0   (incl. Padding)

    ----------------------------------------------------------------------

      Code (inc. data)   RO Data    RW Data    ZI Data      Debug   Library Member Name

         0          0          0          0          0       3048   sysctl.o
         6          0          0          0          0        497   uart.o
         0          0          0          0          0          0   entry.o
         0          0          0          0          0          0   entry10a.o
         0          0          0          0          0          0   entry11a.o
         8          4          0          0          0          0   entry2.o
         4          0          0          0          0          0   entry5.o
         0          0          0          0          0          0   entry7b.o
         0          0          0          0          0          0   entry8b.o
         8          4          0          0          0          0   entry9a.o
        30          0          0          0          0          0   handlers.o
        36          8          0          0          0         68   init.o
        36          0          0          0          0         68   memcpya.o
        36          0          0          0          0        108   memseta.o

    ----------------------------------------------------------------------
       170         16          0          0          0       3789   Library Totals
         6          0          0          0          0          0   (incl. Padding)

    ----------------------------------------------------------------------

      Code (inc. data)   RO Data    RW Data    ZI Data      Debug   Library Name

         6          0          0          0          0       3545   driverlib.lib
       158         16          0          0          0        244   mc_w.l

    ----------------------------------------------------------------------
       170         16          0          0          0       3789   Library Totals

    ----------------------------------------------------------------------

==============================================================================


      Code (inc. data)   RO Data    RW Data    ZI Data      Debug   

      8652       1666       1484        212      30956     118676   Grand Totals
      8652       1666       1484        212      30956     118676   ELF Image Totals
      8652       1666       1484        212          0          0   ROM Totals

==============================================================================

    Total RO  Size (Code + RO Data)                10136 (   9.90kB)
    Total RW  Size (RW Data + ZI Data)             31168 (  30.44kB)
    Total ROM Size (Code + RO Data + RW Data)      10348 (  10.11kB)

==============================================================================

