Component: ARM Compiler 5.06 update 5 (build 528) Tool: armlink [4d35e2]

==============================================================================

Section Cross References

    freertos_demo.o(i.ConfigureUART) refers to uart.o(i.UARTClockSourceSet) for UARTClockSourceSet
    freertos_demo.o(i.ConfigureUART) refers to uartstdio.o(i.UARTStdioConfig) for UARTStdioConfig
    freertos_demo.o(i.main) refers to freertos_demo.o(i.ConfigureUART) for ConfigureUART
    freertos_demo.o(i.main) refers to uartstdio.o(i.UARTprintf) for UARTprintf
    freertos_demo.o(i.main) refers to queue.o(i.xQueueCreateMutex) for xQueueCreateMutex
    freertos_demo.o(i.main) refers to led_task.o(i.LEDTaskInit) for LEDTaskInit
    freertos_demo.o(i.main) refers to switch_task.o(i.SwitchTaskInit) for SwitchTaskInit
    freertos_demo.o(i.main) refers to accelerometer_task.o(i.AccelerometerTaskInit) for AccelerometerTaskInit
    freertos_demo.o(i.main) refers to tasks.o(i.vTaskStartScheduler) for vTaskStartScheduler
    freertos_demo.o(i.main) refers to freertos_demo.o(.data) for .data
    led_task.o(i.LEDTask) refers to tasks.o(i.xTaskGetTickCount) for xTaskGetTickCount
    led_task.o(i.LEDTask) refers to queue.o(i.xQueueGenericReceive) for xQueueGenericReceive
    led_task.o(i.LEDTask) refers to startup_rvmdk.o(RESET) for DisableInterrupts
    led_task.o(i.LEDTask) refers to bsp.o(i.BSP_LCD_Color565) for BSP_LCD_Color565
    led_task.o(i.LEDTask) refers to bsp.o(i.BSP_LCD_DrawString) for BSP_LCD_DrawString
    led_task.o(i.LEDTask) refers to bsp.o(i.BSP_LCD_SetCursor) for BSP_LCD_SetCursor
    led_task.o(i.LEDTask) refers to bsp.o(i.BSP_LCD_OutUDec) for BSP_LCD_OutUDec
    led_task.o(i.LEDTask) refers to uartstdio.o(i.UARTprintf) for UARTprintf
    led_task.o(i.LEDTask) refers to queue.o(i.xQueueGenericSend) for xQueueGenericSend
    led_task.o(i.LEDTask) refers to tasks.o(i.vTaskDelayUntil) for vTaskDelayUntil
    led_task.o(i.LEDTask) refers to freertos_demo.o(.data) for AccX
    led_task.o(i.LEDTask) refers to freertos_demo.o(.data) for AccY
    led_task.o(i.LEDTask) refers to freertos_demo.o(.data) for AccZ
    led_task.o(i.LEDTask) refers to freertos_demo.o(.data) for prev_AccX
    led_task.o(i.LEDTask) refers to led_task.o(.data) for .data
    led_task.o(i.LEDTaskInit) refers to bsp.o(i.BSP_LCD_Init) for BSP_LCD_Init
    led_task.o(i.LEDTaskInit) refers to bsp.o(i.BSP_LCD_Color565) for BSP_LCD_Color565
    led_task.o(i.LEDTaskInit) refers to bsp.o(i.BSP_LCD_FillScreen) for BSP_LCD_FillScreen
    led_task.o(i.LEDTaskInit) refers to uartstdio.o(i.UARTprintf) for UARTprintf
    led_task.o(i.LEDTaskInit) refers to queue.o(i.xQueueGenericCreate) for xQueueGenericCreate
    led_task.o(i.LEDTaskInit) refers to tasks.o(i.xTaskCreate) for xTaskCreate
    led_task.o(i.LEDTaskInit) refers to led_task.o(.data) for .data
    led_task.o(i.LEDTaskInit) refers to led_task.o(i.LEDTask) for LEDTask
    startup_rvmdk.o(RESET) refers to startup_rvmdk.o(STACK) for StackMem
    startup_rvmdk.o(RESET) refers to port.o(.emb_text) for vPortSVCHandler
    startup_rvmdk.o(RESET) refers to port.o(i.xPortSysTickHandler) for xPortSysTickHandler
    startup_rvmdk.o(RESET) refers to entry.o(.ARM.Collect$$$$00000000) for __main
    switch_task.o(i.SwitchTask) refers to tasks.o(i.xTaskGetTickCount) for xTaskGetTickCount
    switch_task.o(i.SwitchTask) refers to switch_task.o(i.poll_MDKII) for poll_MDKII
    switch_task.o(i.SwitchTask) refers to queue.o(i.xQueueGenericSend) for xQueueGenericSend
    switch_task.o(i.SwitchTask) refers to uartstdio.o(i.UARTprintf) for UARTprintf
    switch_task.o(i.SwitchTask) refers to tasks.o(i.vTaskDelayUntil) for vTaskDelayUntil
    switch_task.o(i.SwitchTask) refers to freertos_demo.o(.data) for sw1_mode
    switch_task.o(i.SwitchTask) refers to led_task.o(.data) for g_pLEDQueue
    switch_task.o(i.SwitchTaskInit) refers to bsp.o(i.BSP_Joystick_Init) for BSP_Joystick_Init
    switch_task.o(i.SwitchTaskInit) refers to bsp.o(i.BSP_Button1_Init) for BSP_Button1_Init
    switch_task.o(i.SwitchTaskInit) refers to bsp.o(i.BSP_Button2_Init) for BSP_Button2_Init
    switch_task.o(i.SwitchTaskInit) refers to tasks.o(i.xTaskCreate) for xTaskCreate
    switch_task.o(i.SwitchTaskInit) refers to switch_task.o(i.SwitchTask) for SwitchTask
    switch_task.o(i.poll_MDKII) refers to bsp.o(i.BSP_Button1_Input) for BSP_Button1_Input
    switch_task.o(i.poll_MDKII) refers to queue.o(i.xQueueGenericReceive) for xQueueGenericReceive
    switch_task.o(i.poll_MDKII) refers to uartstdio.o(i.UARTprintf) for UARTprintf
    switch_task.o(i.poll_MDKII) refers to queue.o(i.xQueueGenericSend) for xQueueGenericSend
    switch_task.o(i.poll_MDKII) refers to bsp.o(i.BSP_Button2_Input) for BSP_Button2_Input
    switch_task.o(i.poll_MDKII) refers to freertos_demo.o(.data) for current
    switch_task.o(i.poll_MDKII) refers to freertos_demo.o(.data) for g_pUARTSemaphore
    bsp.o(i.BSP_Accelerometer_Init) refers to bsp.o(i.adcinit) for adcinit
[...]
    tasks.o(i.vTaskResume) refers to list.o(i.uxListRemove) for uxListRemove
    tasks.o(i.vTaskResume) refers to list.o(i.vListInsertEnd) for vListInsertEnd
    tasks.o(i.vTaskResume) refers to port.o(i.vPortExitCritical) for vPortExitCritical
    tasks.o(i.vTaskResume) refers to tasks.o(.data) for .data
    tasks.o(i.vTaskResume) refers to tasks.o(.bss) for .bss
    tasks.o(i.vTaskSetTimeOutState) refers to tasks.o(.data) for .data
    tasks.o(i.vTaskStartScheduler) refers to tasks.o(i.xTaskCreate) for xTaskCreate
    tasks.o(i.vTaskStartScheduler) refers to port.o(i.xPortStartScheduler) for xPortStartScheduler
    tasks.o(i.vTaskStartScheduler) refers to tasks.o(.data) for .data
    tasks.o(i.vTaskStartScheduler) refers to tasks.o(i.prvIdleTask) for prvIdleTask
    tasks.o(i.vTaskSuspend) refers to port.o(i.vPortEnterCritical) for vPortEnterCritical
    tasks.o(i.vTaskSuspend) refers to list.o(i.uxListRemove) for uxListRemove
    tasks.o(i.vTaskSuspend) refers to list.o(i.vListInsertEnd) for vListInsertEnd
    tasks.o(i.vTaskSuspend) refers to port.o(i.vPortExitCritical) for vPortExitCritical
    tasks.o(i.vTaskSuspend) refers to tasks.o(i.prvResetNextTaskUnblockTime) for prvResetNextTaskUnblockTime
    tasks.o(i.vTaskSuspend) refers to tasks.o(i.vTaskSwitchContext) for vTaskSwitchContext
    tasks.o(i.vTaskSuspend) refers to tasks.o(.data) for .data
    tasks.o(i.vTaskSuspend) refers to tasks.o(.bss) for .bss
    tasks.o(i.vTaskSuspendAll) refers to tasks.o(.data) for .data
    tasks.o(i.vTaskSwitchContext) refers to freertos_demo.o(i.vApplicationStackOverflowHook) for vApplicationStackOverflowHook
    tasks.o(i.vTaskSwitchContext) refers to tasks.o(.data) for .data
    tasks.o(i.vTaskSwitchContext) refers to tasks.o(.bss) for .bss
    tasks.o(i.xTaskCheckForTimeOut) refers to port.o(i.vPortEnterCritical) for vPortEnterCritical
    tasks.o(i.xTaskCheckForTimeOut) refers to tasks.o(i.vTaskSetTimeOutState) for vTaskSetTimeOutState
    tasks.o(i.xTaskCheckForTimeOut) refers to port.o(i.vPortExitCritical) for vPortExitCritical
    tasks.o(i.xTaskCheckForTimeOut) refers to tasks.o(.data) for .data
    tasks.o(i.xTaskCreate) refers to heap_4.o(i.pvPortMalloc) for pvPortMalloc
    tasks.o(i.xTaskCreate) refers to tasks.o(i.prvInitialiseNewTask) for prvInitialiseNewTask
    tasks.o(i.xTaskCreate) refers to tasks.o(i.prvAddNewTaskToReadyList) for prvAddNewTaskToReadyList
    tasks.o(i.xTaskCreate) refers to heap_4.o(i.vPortFree) for vPortFree
    tasks.o(i.xTaskGenericNotify) refers to port.o(i.vPortEnterCritical) for vPortEnterCritical
    tasks.o(i.xTaskGenericNotify) refers to list.o(i.uxListRemove) for uxListRemove
    tasks.o(i.xTaskGenericNotify) refers to list.o(i.vListInsertEnd) for vListInsertEnd
    tasks.o(i.xTaskGenericNotify) refers to port.o(i.vPortExitCritical) for vPortExitCritical
    tasks.o(i.xTaskGenericNotify) refers to tasks.o(.data) for .data
    tasks.o(i.xTaskGenericNotify) refers to tasks.o(.bss) for .bss
    tasks.o(i.xTaskGenericNotifyFromISR) refers to list.o(i.vListInsertEnd) for vListInsertEnd
    tasks.o(i.xTaskGenericNotifyFromISR) refers to list.o(i.uxListRemove) for uxListRemove
    tasks.o(i.xTaskGenericNotifyFromISR) refers to tasks.o(.data) for .data
    tasks.o(i.xTaskGenericNotifyFromISR) refers to tasks.o(.bss) for .bss
    tasks.o(i.xTaskGetCurrentTaskHandle) refers to tasks.o(.data) for .data
    tasks.o(i.xTaskGetTickCount) refers to tasks.o(.data) for .data
    tasks.o(i.xTaskGetTickCountFromISR) refers to tasks.o(.data) for .data
    tasks.o(i.xTaskIncrementTick) refers to tasks.o(i.prvResetNextTaskUnblockTime) for prvResetNextTaskUnblockTime
    tasks.o(i.xTaskIncrementTick) refers to list.o(i.uxListRemove) for uxListRemove
    tasks.o(i.xTaskIncrementTick) refers to list.o(i.vListInsertEnd) for vListInsertEnd
    tasks.o(i.xTaskIncrementTick) refers to tasks.o(.data) for .data
    tasks.o(i.xTaskIncrementTick) refers to tasks.o(.bss) for .bss
    tasks.o(i.xTaskNotifyStateClear) refers to port.o(i.vPortEnterCritical) for vPortEnterCritical
    tasks.o(i.xTaskNotifyStateClear) refers to port.o(i.vPortExitCritical) for vPortExitCritical
    tasks.o(i.xTaskNotifyStateClear) refers to tasks.o(.data) for .data
    tasks.o(i.xTaskNotifyWait) refers to port.o(i.vPortEnterCritical) for vPortEnterCritical
    tasks.o(i.xTaskNotifyWait) refers to tasks.o(i.prvAddCurrentTaskToDelayedList) for prvAddCurrentTaskToDelayedList
    tasks.o(i.xTaskNotifyWait) refers to port.o(i.vPortExitCritical) for vPortExitCritical
    tasks.o(i.xTaskNotifyWait) refers to tasks.o(.data) for .data
    tasks.o(i.xTaskPriorityDisinherit) refers to list.o(i.uxListRemove) for uxListRemove
    tasks.o(i.xTaskPriorityDisinherit) refers to list.o(i.vListInsertEnd) for vListInsertEnd
    tasks.o(i.xTaskPriorityDisinherit) refers to tasks.o(.bss) for .bss
    tasks.o(i.xTaskPriorityDisinherit) refers to tasks.o(.data) for .data
    tasks.o(i.xTaskRemoveFromEventList) refers to list.o(i.uxListRemove) for uxListRemove
    tasks.o(i.xTaskRemoveFromEventList) refers to list.o(i.vListInsertEnd) for vListInsertEnd
    tasks.o(i.xTaskRemoveFromEventList) refers to tasks.o(.data) for .data
    tasks.o(i.xTaskRemoveFromEventList) refers to tasks.o(.bss) for .bss
    tasks.o(i.xTaskRemoveFromUnorderedEventList) refers to list.o(i.uxListRemove) for uxListRemove
    tasks.o(i.xTaskRemoveFromUnorderedEventList) refers to list.o(i.vListInsertEnd) for vListInsertEnd
    tasks.o(i.xTaskRemoveFromUnorderedEventList) refers to tasks.o(.data) for .data
    tasks.o(i.xTaskRemoveFromUnorderedEventList) refers to tasks.o(.bss) for .bss
    tasks.o(i.xTaskResumeAll) refers to port.o(i.vPortEnterCritical) for vPortEnterCritical
    tasks.o(i.xTaskResumeAll) refers to list.o(i.uxListRemove) for uxListRemove
    tasks.o(i.xTaskResumeAll) refers to list.o(i.vListInsertEnd) for vListInsertEnd
    tasks.o(i.xTaskResumeAll) refers to tasks.o(i.prvResetNextTaskUnblockTime) for prvResetNextTaskUnblockTime
    tasks.o(i.xTaskResumeAll) refers to tasks.o(i.xTaskIncrementTick) for xTaskIncrementTick
    tasks.o(i.xTaskResumeAll) refers to port.o(i.vPortExitCritical) for vPortExitCritical
    tasks.o(i.xTaskResumeAll) refers to tasks.o(.data) for .data
    tasks.o(i.xTaskResumeAll) refers to tasks.o(.bss) for .bss
    tasks.o(i.xTaskResumeFromISR) refers to tasks.o(i.prvTaskIsTaskSuspended) for prvTaskIsTaskSuspended
    tasks.o(i.xTaskResumeFromISR) refers to list.o(i.uxListRemove) for uxListRemove
    tasks.o(i.xTaskResumeFromISR) refers to list.o(i.vListInsertEnd) for vListInsertEnd
    tasks.o(i.xTaskResumeFromISR) refers to tasks.o(.data) for .data
    tasks.o(i.xTaskResumeFromISR) refers to tasks.o(.bss) for .bss
    queue.o(i.pcQueueGetName) refers to queue.o(.bss) for .bss
    queue.o(i.prvCopyDataFromQueue) refers to memcpya.o(.text) for __aeabi_memcpy
    queue.o(i.prvCopyDataToQueue) refers to memcpya.o(.text) for __aeabi_memcpy
    queue.o(i.prvCopyDataToQueue) refers to tasks.o(i.xTaskPriorityDisinherit) for xTaskPriorityDisinherit
    queue.o(i.prvIsQueueEmpty) refers to port.o(i.vPortEnterCritical) for vPortEnterCritical
    queue.o(i.prvIsQueueEmpty) refers to port.o(i.vPortExitCritical) for vPortExitCritical
    queue.o(i.prvUnlockQueue) refers to port.o(i.vPortEnterCritical) for vPortEnterCritical
    queue.o(i.prvUnlockQueue) refers to tasks.o(i.xTaskRemoveFromEventList) for xTaskRemoveFromEventList
    queue.o(i.prvUnlockQueue) refers to tasks.o(i.vTaskMissedYield) for vTaskMissedYield
    queue.o(i.prvUnlockQueue) refers to port.o(i.vPortExitCritical) for vPortExitCritical
    queue.o(i.uxQueueMessagesWaiting) refers to port.o(i.vPortEnterCritical) for vPortEnterCritical
    queue.o(i.uxQueueMessagesWaiting) refers to port.o(i.vPortExitCritical) for vPortExitCritical
    queue.o(i.uxQueueSpacesAvailable) refers to port.o(i.vPortEnterCritical) for vPortEnterCritical
    queue.o(i.uxQueueSpacesAvailable) refers to port.o(i.vPortExitCritical) for vPortExitCritical
    queue.o(i.vQueueAddToRegistry) refers to queue.o(.bss) for .bss
    queue.o(i.vQueueDelete) refers to queue.o(i.vQueueUnregisterQueue) for vQueueUnregisterQueue
    queue.o(i.vQueueDelete) refers to heap_4.o(i.vPortFree) for vPortFree
    queue.o(i.vQueueUnregisterQueue) refers to queue.o(.bss) for .bss
    queue.o(i.xQueueCreateMutex) refers to queue.o(i.xQueueGenericCreate) for xQueueGenericCreate
    queue.o(i.xQueueCreateMutex) refers to queue.o(i.xQueueGenericSend) for xQueueGenericSend
    queue.o(i.xQueueGenericCreate) refers to heap_4.o(i.pvPortMalloc) for pvPortMalloc
    queue.o(i.xQueueGenericCreate) refers to queue.o(i.xQueueGenericReset) for xQueueGenericReset
    queue.o(i.xQueueGenericReceive) refers to port.o(i.vPortEnterCritical) for vPortEnterCritical
    queue.o(i.xQueueGenericReceive) refers to queue.o(i.prvCopyDataFromQueue) for prvCopyDataFromQueue
    queue.o(i.xQueueGenericReceive) refers to tasks.o(i.xTaskRemoveFromEventList) for xTaskRemoveFromEventList
    queue.o(i.xQueueGenericReceive) refers to port.o(i.vPortExitCritical) for vPortExitCritical
    queue.o(i.xQueueGenericReceive) refers to tasks.o(i.pvTaskIncrementMutexHeldCount) for pvTaskIncrementMutexHeldCount
    queue.o(i.xQueueGenericReceive) refers to tasks.o(i.vTaskSetTimeOutState) for vTaskSetTimeOutState
    queue.o(i.xQueueGenericReceive) refers to tasks.o(i.vTaskSuspendAll) for vTaskSuspendAll
    queue.o(i.xQueueGenericReceive) refers to tasks.o(i.xTaskCheckForTimeOut) for xTaskCheckForTimeOut
    queue.o(i.xQueueGenericReceive) refers to queue.o(i.prvUnlockQueue) for prvUnlockQueue
    queue.o(i.xQueueGenericReceive) refers to tasks.o(i.xTaskResumeAll) for xTaskResumeAll
    queue.o(i.xQueueGenericReceive) refers to queue.o(i.prvIsQueueEmpty) for prvIsQueueEmpty
    queue.o(i.xQueueGenericReceive) refers to tasks.o(i.vTaskPriorityInherit) for vTaskPriorityInherit
    queue.o(i.xQueueGenericReceive) refers to tasks.o(i.vTaskPlaceOnEventList) for vTaskPlaceOnEventList
    queue.o(i.xQueueGenericReset) refers to port.o(i.vPortEnterCritical) for vPortEnterCritical
    queue.o(i.xQueueGenericReset) refers to list.o(i.vListInitialise) for vListInitialise
    queue.o(i.xQueueGenericReset) refers to port.o(i.vPortExitCritical) for vPortExitCritical
    queue.o(i.xQueueGenericReset) refers to tasks.o(i.xTaskRemoveFromEventList) for xTaskRemoveFromEventList
    queue.o(i.xQueueGenericSend) refers to port.o(i.vPortEnterCritical) for vPortEnterCritical
    queue.o(i.xQueueGenericSend) refers to queue.o(i.prvCopyDataToQueue) for prvCopyDataToQueue
    queue.o(i.xQueueGenericSend) refers to tasks.o(i.xTaskRemoveFromEventList) for xTaskRemoveFromEventList
    queue.o(i.xQueueGenericSend) refers to port.o(i.vPortExitCritical) for vPortExitCritical
    queue.o(i.xQueueGenericSend) refers to tasks.o(i.vTaskSetTimeOutState) for vTaskSetTimeOutState
    queue.o(i.xQueueGenericSend) refers to tasks.o(i.vTaskSuspendAll) for vTaskSuspendAll
    queue.o(i.xQueueGenericSend) refers to tasks.o(i.xTaskCheckForTimeOut) for xTaskCheckForTimeOut
    queue.o(i.xQueueGenericSend) refers to queue.o(i.prvUnlockQueue) for prvUnlockQueue
    queue.o(i.xQueueGenericSend) refers to tasks.o(i.xTaskResumeAll) for xTaskResumeAll
    queue.o(i.xQueueGenericSend) refers to tasks.o(i.vTaskPlaceOnEventList) for vTaskPlaceOnEventList
    queue.o(i.xQueueGenericSendFromISR) refers to queue.o(i.prvCopyDataToQueue) for prvCopyDataToQueue
    queue.o(i.xQueueGenericSendFromISR) refers to tasks.o(i.xTaskRemoveFromEventList) for xTaskRemoveFromEventList
    queue.o(i.xQueueGiveFromISR) refers to tasks.o(i.xTaskRemoveFromEventList) for xTaskRemoveFromEventList
    queue.o(i.xQueueGiveMutexRecursive) refers to tasks.o(i.xTaskGetCurrentTaskHandle) for xTaskGetCurrentTaskHandle
    queue.o(i.xQueueGiveMutexRecursive) refers to queue.o(i.xQueueGenericSend) for xQueueGenericSend
    queue.o(i.xQueuePeekFromISR) refers to queue.o(i.prvCopyDataFromQueue) for prvCopyDataFromQueue
    queue.o(i.xQueueReceiveFromISR) refers to queue.o(i.prvCopyDataFromQueue) for prvCopyDataFromQueue
    queue.o(i.xQueueReceiveFromISR) refers to tasks.o(i.xTaskRemoveFromEventList) for xTaskRemoveFromEventList
    queue.o(i.xQueueTakeMutexRecursive) refers to tasks.o(i.xTaskGetCurrentTaskHandle) for xTaskGetCurrentTaskHandle
    queue.o(i.xQueueTakeMutexRecursive) refers to queue.o(i.xQueueGenericReceive) for xQueueGenericReceive
    port.o(.emb_text) refers to tasks.o(i.vTaskSwitchContext) for vTaskSwitchContext
    port.o(.emb_text) refers to tasks.o(.data) for pxCurrentTCB
    port.o(i.pxPortInitialiseStack) refers to port.o(i.prvTaskExitError) for prvTaskExitError
    port.o(i.vPortEnterCritical) refers to port.o(.data) for .data
    port.o(i.vPortExitCritical) refers to port.o(.data) for .data
    port.o(i.xPortStartScheduler) refers to port.o(i.vPortSetupTimerInterrupt) for vPortSetupTimerInterrupt
    port.o(i.xPortStartScheduler) refers to port.o(.emb_text) for __asm___6_port_c_39a90d8d__prvEnableVFP
    port.o(i.xPortStartScheduler) refers to port.o(.data) for .data
    port.o(i.xPortSysTickHandler) refers to tasks.o(i.xTaskIncrementTick) for xTaskIncrementTick
    heap_4.o(i.prvHeapInit) refers to heap_4.o(.bss) for .bss
    heap_4.o(i.prvHeapInit) refers to heap_4.o(.data) for .data
    heap_4.o(i.prvInsertBlockIntoFreeList) refers to heap_4.o(.data) for .data
    heap_4.o(i.pvPortMalloc) refers to tasks.o(i.vTaskSuspendAll) for vTaskSuspendAll
    heap_4.o(i.pvPortMalloc) refers to heap_4.o(i.prvHeapInit) for prvHeapInit
    heap_4.o(i.pvPortMalloc) refers to heap_4.o(i.prvInsertBlockIntoFreeList) for prvInsertBlockIntoFreeList
    heap_4.o(i.pvPortMalloc) refers to tasks.o(i.xTaskResumeAll) for xTaskResumeAll
    heap_4.o(i.pvPortMalloc) refers to heap_4.o(.data) for .data
    heap_4.o(i.vPortFree) refers to tasks.o(i.vTaskSuspendAll) for vTaskSuspendAll
    heap_4.o(i.vPortFree) refers to heap_4.o(i.prvInsertBlockIntoFreeList) for prvInsertBlockIntoFreeList
    heap_4.o(i.vPortFree) refers to tasks.o(i.xTaskResumeAll) for xTaskResumeAll
    heap_4.o(i.vPortFree) refers to heap_4.o(.data) for .data
    heap_4.o(i.xPortGetFreeHeapSize) refers to heap_4.o(.data) for .data
    heap_4.o(i.xPortGetMinimumEverFreeHeapSize) refers to heap_4.o(.data) for .data
    buttons.o(i.ButtonsInit) refers to buttons.o(.data) for .data
    buttons.o(i.ButtonsPoll) refers to buttons.o(.data) for .data
    rgb.o(i.RGBBlinkIntHandler) refers to rgb.o(i.RGBEnable) for RGBEnable
    rgb.o(i.RGBBlinkIntHandler) refers to rgb.o(i.RGBDisable) for RGBDisable
    rgb.o(i.RGBBlinkIntHandler) refers to rgb.o(.data) for .data
    rgb.o(i.RGBBlinkRateSet) refers to rgb.o(i.RGBEnable) for RGBEnable
    rgb.o(i.RGBBlinkRateSet) refers to sysctl.o(i.SysCtlClockGet) for SysCtlClockGet
    rgb.o(i.RGBBlinkRateSet) refers to ffixul.o(.text) for __aeabi_f2ulz
    rgb.o(i.RGBColorGet) refers to rgb.o(.bss) for .bss
    rgb.o(i.RGBColorSet) refers to rgb.o(.bss) for .bss
    rgb.o(i.RGBColorSet) refers to rgb.o(.data) for .data
    rgb.o(i.RGBInit) refers to rgb.o(i.RGBEnable) for RGBEnable
    rgb.o(i.RGBIntensitySet) refers to rgb.o(i.RGBColorSet) for RGBColorSet
    rgb.o(i.RGBIntensitySet) refers to rgb.o(.data) for .data
    rgb.o(i.RGBIntensitySet) refers to rgb.o(.bss) for .bss
    rgb.o(i.RGBSet) refers to rgb.o(i.RGBColorSet) for RGBColorSet
    rgb.o(i.RGBSet) refers to rgb.o(i.RGBIntensitySet) for RGBIntensitySet
    uartstdio.o(i.UARTStdioConfig) refers to uartstdio.o(.constdata) for .constdata
    uartstdio.o(i.UARTStdioConfig) refers to uartstdio.o(.data) for .data
    uartstdio.o(i.UARTgetc) refers to uartstdio.o(.data) for .data
    uartstdio.o(i.UARTgets) refers to uartstdio.o(i.UARTwrite) for UARTwrite
    uartstdio.o(i.UARTgets) refers to uartstdio.o(.data) for .data
    uartstdio.o(i.UARTprintf) refers to uartstdio.o(i.UARTvprintf) for UARTvprintf
    uartstdio.o(i.UARTvprintf) refers to uartstdio.o(i.UARTwrite) for UARTwrite
    uartstdio.o(i.UARTvprintf) refers to uartstdio.o(.constdata) for .constdata
    uartstdio.o(i.UARTwrite) refers to uartstdio.o(.data) for .data
    uartstdio.o(.constdata) refers to uartstdio.o(.conststring) for .conststring
    ustdlib.o(i.ulocaltime) refers to ustdlib.o(.constdata) for .constdata
    ustdlib.o(i.umktime) refers to ustdlib.o(i.ulocaltime) for ulocaltime
    ustdlib.o(i.umktime) refers to ustdlib.o(i.ucmptime) for ucmptime
    ustdlib.o(i.urand) refers to ustdlib.o(.data) for .data
    ustdlib.o(i.usnprintf) refers to ustdlib.o(i.uvsnprintf) for uvsnprintf
    ustdlib.o(i.usprintf) refers to ustdlib.o(i.uvsnprintf) for uvsnprintf
    ustdlib.o(i.usrand) refers to ustdlib.o(.data) for .data
    ustdlib.o(i.ustrcasecmp) refers to ustdlib.o(i.ustrncasecmp) for ustrncasecmp
    ustdlib.o(i.ustrcmp) refers to ustdlib.o(i.ustrncmp) for ustrncmp
    ustdlib.o(i.ustrstr) refers to ustdlib.o(i.ustrlen) for ustrlen
    ustdlib.o(i.ustrstr) refers to ustdlib.o(i.ustrncmp) for ustrncmp
    ustdlib.o(i.ustrtof) refers to ustdlib.o(.constdata) for .constdata
    ustdlib.o(i.uvsnprintf) refers to ustdlib.o(i.ustrncpy) for ustrncpy
    ustdlib.o(i.uvsnprintf) refers to ustdlib.o(.constdata) for .constdata
    ustdlib.o(.constdata) refers to ustdlib.o(.conststring) for .conststring
    sysctl.o(i.SysCtlClockFreqSet) refers to sysctl.o(.constdata) for .constdata
    sysctl.o(i.SysCtlClockGet) refers to sysctl.o(.constdata) for .constdata
    sysctl.o(i.SysCtlClockSet) refers to sysctl.o(.emb_text) for SysCtlDelay
    sysctl.o(i.SysCtlDeepSleep) refers to cpu.o(.emb_text) for CPUwfi
    sysctl.o(i.SysCtlIntRegister) refers to interrupt.o(i.IntRegister) for IntRegister
    sysctl.o(i.SysCtlIntRegister) refers to interrupt.o(i.IntEnable) for IntEnable
    sysctl.o(i.SysCtlIntUnregister) refers to interrupt.o(i.IntDisable) for IntDisable
    sysctl.o(i.SysCtlIntUnregister) refers to interrupt.o(i.IntUnregister) for IntUnregister
    sysctl.o(i.SysCtlSleep) refers to cpu.o(.emb_text) for CPUwfi
    sysctl.o(i.SysCtlVCOGet) refers to sysctl.o(.constdata) for .constdata
    uart.o(i.UARTIntRegister) refers to interrupt.o(i.IntRegister) for IntRegister
    uart.o(i.UARTIntRegister) refers to interrupt.o(i.IntEnable) for IntEnable
    uart.o(i.UARTIntRegister) refers to uart.o(.constdata) for .constdata
    uart.o(i.UARTIntUnregister) refers to interrupt.o(i.IntDisable) for IntDisable
    uart.o(i.UARTIntUnregister) refers to interrupt.o(i.IntUnregister) for IntUnregister
    uart.o(i.UARTIntUnregister) refers to uart.o(.constdata) for .constdata
    interrupt.o(i.IntDisable) refers to interrupt.o(.constdata) for .constdata
    interrupt.o(i.IntEnable) refers to interrupt.o(.constdata) for .constdata
    interrupt.o(i.IntIsEnabled) refers to interrupt.o(.constdata) for .constdata
    interrupt.o(i.IntMasterDisable) refers to cpu.o(.emb_text) for CPUcpsid
    interrupt.o(i.IntMasterEnable) refers to cpu.o(.emb_text) for CPUcpsie
    interrupt.o(i.IntPendClear) refers to interrupt.o(.constdata) for .constdata
    interrupt.o(i.IntPendSet) refers to interrupt.o(.constdata) for .constdata
    interrupt.o(i.IntPriorityGet) refers to interrupt.o(.constdata) for .constdata
    interrupt.o(i.IntPriorityGroupingGet) refers to interrupt.o(.constdata) for .constdata
    interrupt.o(i.IntPriorityGroupingSet) refers to interrupt.o(.constdata) for .constdata
    interrupt.o(i.IntPriorityMaskGet) refers to cpu.o(.emb_text) for CPUbasepriGet
    interrupt.o(i.IntPriorityMaskSet) refers to cpu.o(.emb_text) for CPUbasepriSet
    interrupt.o(i.IntPrioritySet) refers to interrupt.o(.constdata) for .constdata
    interrupt.o(i.IntRegister) refers to interrupt.o(vtable) for vtable
    interrupt.o(i.IntUnregister) refers to interrupt.o(i._IntDefaultHandler) for _IntDefaultHandler
    interrupt.o(i.IntUnregister) refers to interrupt.o(vtable) for vtable
    entry.o(.ARM.Collect$$$$00000000) refers (Special) to entry10a.o(.ARM.Collect$$$$0000000D) for __rt_final_cpp
    entry.o(.ARM.Collect$$$$00000000) refers (Special) to entry11a.o(.ARM.Collect$$$$0000000F) for __rt_final_exit
    entry.o(.ARM.Collect$$$$00000000) refers (Special) to entry7b.o(.ARM.Collect$$$$00000008) for _main_clock
    entry.o(.ARM.Collect$$$$00000000) refers (Special) to entry8b.o(.ARM.Collect$$$$0000000A) for _main_cpp_init
    entry.o(.ARM.Collect$$$$00000000) refers (Special) to entry9a.o(.ARM.Collect$$$$0000000B) for _main_init
    entry.o(.ARM.Collect$$$$00000000) refers (Special) to entry5.o(.ARM.Collect$$$$00000004) for _main_scatterload
    entry.o(.ARM.Collect$$$$00000000) refers (Special) to entry2.o(.ARM.Collect$$$$00000001) for _main_stk
    ffixul.o(.text) refers (Special) to iusefp.o(.text) for __I$use$fp
    ffixul.o(.text) refers to llshl.o(.text) for __aeabi_llsl
    entry2.o(.ARM.Collect$$$$00000001) refers to entry2.o(.ARM.Collect$$$$00002712) for __lit__00000000
    entry2.o(.ARM.Collect$$$$00002712) refers to startup_rvmdk.o(STACK) for __initial_sp
    entry2.o(__vectab_stack_and_reset_area) refers to startup_rvmdk.o(STACK) for __initial_sp
    entry2.o(__vectab_stack_and_reset_area) refers to entry.o(.ARM.Collect$$$$00000000) for __main
    entry5.o(.ARM.Collect$$$$00000004) refers to init.o(.text) for __scatterload
    entry9a.o(.ARM.Collect$$$$0000000B) refers to freertos_demo.o(i.main) for main
    entry9b.o(.ARM.Collect$$$$0000000C) refers to freertos_demo.o(i.main) for main
    init.o(.text) refers to entry5.o(.ARM.Collect$$$$00000004) for __main_after_scatterload


==============================================================================

Removing Unused input sections from the image.

    Removing freertos_demo.o(i.numlength), (112 bytes).
    Removing freertos_demo.o(.data), (2 bytes).
    Removing freertos_demo.o(.data), (2 bytes).
    Removing freertos_demo.o(.data), (2 bytes).
    Removing freertos_demo.o(.data), (1 bytes).
    Removing freertos_demo.o(.data), (1 bytes).
    Removing freertos_demo.o(.data), (4 bytes).
    Removing freertos_demo.o(.data), (2 bytes).
    Removing freertos_demo.o(.data), (2 bytes).
    Removing led_task.o(.data), (4 bytes).
    Removing startup_rvmdk.o(HEAP), (0 bytes).
    Removing startup_rvmdk.o(.text), (0 bytes).
    Removing bsp.o(i.BSP_Buzzer_Init), (164 bytes).
    Removing bsp.o(i.BSP_Buzzer_Set), (28 bytes).
    Removing bsp.o(i.BSP_Clock_GetFreq), (12 bytes).
    Removing bsp.o(i.BSP_Clock_InitFastest), (108 bytes).
    Removing bsp.o(i.BSP_Joystick_Input), (44 bytes).
    Removing bsp.o(i.BSP_LCD_DrawBitmap), (228 bytes).
    Removing bsp.o(i.BSP_LCD_DrawCharS), (188 bytes).
    Removing bsp.o(i.BSP_LCD_DrawFastHLine), (80 bytes).
    Removing bsp.o(i.BSP_LCD_DrawFastVLine), (80 bytes).
    Removing bsp.o(i.BSP_LCD_DrawPixel), (60 bytes).
    Removing bsp.o(i.BSP_LCD_Drawaxes), (240 bytes).
    Removing bsp.o(i.BSP_LCD_OutUDec4), (92 bytes).
    Removing bsp.o(i.BSP_LCD_OutUDec5), (92 bytes).
    Removing bsp.o(i.BSP_LCD_OutUFix2_1), (148 bytes).
    Removing bsp.o(i.BSP_LCD_OutUHex2), (128 bytes).
    Removing bsp.o(i.BSP_LCD_PlotIncrement), (40 bytes).
    Removing bsp.o(i.BSP_LCD_PlotPoint), (84 bytes).
    Removing bsp.o(i.BSP_LCD_SwapColor), (16 bytes).
    Removing bsp.o(i.BSP_LightSensor_End), (56 bytes).
    Removing bsp.o(i.BSP_LightSensor_Init), (72 bytes).
    Removing bsp.o(i.BSP_LightSensor_Input), (44 bytes).
    Removing bsp.o(i.BSP_LightSensor_Start), (24 bytes).
    Removing bsp.o(i.BSP_Microphone_Init), (140 bytes).
    Removing bsp.o(i.BSP_Microphone_Input), (28 bytes).
    Removing bsp.o(i.BSP_PeriodicTask_Init), (156 bytes).
    Removing bsp.o(i.BSP_PeriodicTask_InitB), (156 bytes).
    Removing bsp.o(i.BSP_PeriodicTask_InitC), (156 bytes).
    Removing bsp.o(i.BSP_PeriodicTask_Restart), (24 bytes).
    Removing bsp.o(i.BSP_PeriodicTask_Stop), (24 bytes).
    Removing bsp.o(i.BSP_PeriodicTask_StopB), (24 bytes).
    Removing bsp.o(i.BSP_PeriodicTask_StopC), (24 bytes).
    Removing bsp.o(i.BSP_RGB_D_Init), (272 bytes).
    Removing bsp.o(i.BSP_RGB_D_Set), (52 bytes).
    Removing bsp.o(i.BSP_RGB_D_Toggle), (52 bytes).
    Removing bsp.o(i.BSP_RGB_Init), (464 bytes).
    Removing bsp.o(i.BSP_RGB_Set), (64 bytes).
    Removing bsp.o(i.BSP_TempSensor_End), (68 bytes).
    Removing bsp.o(i.BSP_TempSensor_Init), (72 bytes).
    Removing bsp.o(i.BSP_TempSensor_Input), (56 bytes).
    Removing bsp.o(i.BSP_TempSensor_Start), (24 bytes).
    Removing bsp.o(i.BSP_Time_Get), (12 bytes).
    Removing bsp.o(i.BSP_Time_Init), (92 bytes).
    Removing bsp.o(i.I2C_Recv2), (80 bytes).
    Removing bsp.o(i.I2C_Send1), (48 bytes).
    Removing bsp.o(i.I2C_Send3), (96 bytes).
    Removing bsp.o(i.WideTimer3A_Handler), (20 bytes).
    Removing bsp.o(i.WideTimer4A_Handler), (20 bytes).
    Removing bsp.o(i.WideTimer5A_Handler), (20 bytes).
    Removing bsp.o(i.fillmessage4), (68 bytes).
    Removing bsp.o(i.fillmessage5), (88 bytes).
    Removing bsp.o(i.i2cinit), (120 bytes).
    Removing bsp.o(i.lightsensorend), (84 bytes).
    Removing bsp.o(i.lightsensorstart), (38 bytes).
    Removing bsp.o(i.tempsensorend), (62 bytes).
    Removing bsp.o(i.tempsensorstart), (12 bytes).
    Removing tasks.o(i.eTaskGetState), (84 bytes).
    Removing tasks.o(i.pcTaskGetName), (16 bytes).
    Removing tasks.o(i.prvListTasksWithinSingleList), (86 bytes).
    Removing tasks.o(i.prvTaskCheckFreeStackSpace), (20 bytes).
    Removing tasks.o(i.prvTaskIsTaskSuspended), (32 bytes).
    Removing tasks.o(i.ulTaskNotifyTake), (104 bytes).
    Removing tasks.o(i.uxTaskGetNumberOfTasks), (12 bytes).
    Removing tasks.o(i.uxTaskGetStackHighWaterMark), (16 bytes).
    Removing tasks.o(i.uxTaskGetSystemState), (172 bytes).
    Removing tasks.o(i.uxTaskGetTaskNumber), (8 bytes).
    Removing tasks.o(i.uxTaskPriorityGet), (28 bytes).
    Removing tasks.o(i.uxTaskPriorityGetFromISR), (36 bytes).
    Removing tasks.o(i.uxTaskResetEventItemValue), (24 bytes).
    Removing tasks.o(i.vTaskDelay), (48 bytes).
    Removing tasks.o(i.vTaskDelete), (152 bytes).
    Removing tasks.o(i.vTaskEndScheduler), (28 bytes).
    Removing tasks.o(i.vTaskGetInfo), (120 bytes).
    Removing tasks.o(i.vTaskNotifyGiveFromISR), (140 bytes).
    Removing tasks.o(i.vTaskPlaceOnUnorderedEventList), (44 bytes).
    Removing tasks.o(i.vTaskPrioritySet), (180 bytes).
    Removing tasks.o(i.vTaskResume), (108 bytes).
    Removing tasks.o(i.vTaskSetTaskNumber), (8 bytes).
    Removing tasks.o(i.vTaskSuspend), (156 bytes).
    Removing tasks.o(i.xTaskGenericNotify), (164 bytes).
    Removing tasks.o(i.xTaskGenericNotifyFromISR), (192 bytes).
    Removing tasks.o(i.xTaskGetCurrentTaskHandle), (12 bytes).
    Removing tasks.o(i.xTaskGetTickCountFromISR), (12 bytes).
    Removing tasks.o(i.xTaskNotifyStateClear), (48 bytes).
    Removing tasks.o(i.xTaskNotifyWait), (140 bytes).
    Removing tasks.o(i.xTaskRemoveFromUnorderedEventList), (80 bytes).
    Removing tasks.o(i.xTaskResumeFromISR), (116 bytes).
    Removing queue.o(i.pcQueueGetName), (40 bytes).
    Removing queue.o(i.ucQueueGetQueueType), (6 bytes).
    Removing queue.o(i.uxQueueGetQueueNumber), (4 bytes).
    Removing queue.o(i.uxQueueMessagesWaiting), (18 bytes).
    Removing queue.o(i.uxQueueMessagesWaitingFromISR), (4 bytes).
    Removing queue.o(i.uxQueueSpacesAvailable), (22 bytes).
    Removing queue.o(i.vQueueAddToRegistry), (36 bytes).
    Removing queue.o(i.vQueueDelete), (18 bytes).
    Removing queue.o(i.vQueueSetQueueNumber), (4 bytes).
    Removing queue.o(i.vQueueUnregisterQueue), (40 bytes).
    Removing queue.o(i.xQueueGenericSendFromISR), (102 bytes).
    Removing queue.o(i.xQueueGiveFromISR), (86 bytes).
    Removing queue.o(i.xQueueGiveMutexRecursive), (42 bytes).
    Removing queue.o(i.xQueueIsQueueEmptyFromISR), (12 bytes).
    Removing queue.o(i.xQueueIsQueueFullFromISR), (16 bytes).
    Removing queue.o(i.xQueuePeekFromISR), (44 bytes).
    Removing queue.o(i.xQueueReceiveFromISR), (100 bytes).
    Removing queue.o(i.xQueueTakeMutexRecursive), (50 bytes).
    Removing queue.o(.bss), (80 bytes).
    Removing port.o(i.vPortEndScheduler), (2 bytes).
    Removing heap_4.o(i.vPortInitialiseBlocks), (2 bytes).
    Removing heap_4.o(i.xPortGetFreeHeapSize), (12 bytes).
    Removing heap_4.o(i.xPortGetMinimumEverFreeHeapSize), (12 bytes).
    Removing buttons.o(i.ButtonsInit), (100 bytes).
    Removing buttons.o(i.ButtonsPoll), (88 bytes).
    Removing buttons.o(.data), (3 bytes).
    Removing rgb.o(i.RGBBlinkIntHandler), (56 bytes).
    Removing rgb.o(i.RGBBlinkRateSet), (120 bytes).
    Removing rgb.o(i.RGBColorGet), (24 bytes).
    Removing rgb.o(i.RGBColorSet), (144 bytes).
    Removing rgb.o(i.RGBDisable), (92 bytes).
    Removing rgb.o(i.RGBEnable), (172 bytes).
    Removing rgb.o(i.RGBInit), (208 bytes).
    Removing rgb.o(i.RGBIntensitySet), (20 bytes).
    Removing rgb.o(i.RGBSet), (30 bytes).
    Removing rgb.o(.bss), (12 bytes).
    Removing rgb.o(.data), (8 bytes).
    Removing uartstdio.o(i.UARTgetc), (24 bytes).
    Removing uartstdio.o(i.UARTgets), (132 bytes).
    Removing ustdlib.o(i.ucmptime), (82 bytes).
    Removing ustdlib.o(i.ulocaltime), (164 bytes).
    Removing ustdlib.o(i.umktime), (58 bytes).
    Removing ustdlib.o(i.urand), (28 bytes).
    Removing ustdlib.o(i.usnprintf), (18 bytes).
    Removing ustdlib.o(i.usprintf), (22 bytes).
    Removing ustdlib.o(i.usrand), (12 bytes).
    Removing ustdlib.o(i.ustrcasecmp), (8 bytes).
    Removing ustdlib.o(i.ustrcmp), (8 bytes).
    Removing ustdlib.o(i.ustrlen), (16 bytes).
    Removing ustdlib.o(i.ustrncasecmp), (70 bytes).
    Removing ustdlib.o(i.ustrncmp), (46 bytes).
    Removing ustdlib.o(i.ustrncpy), (36 bytes).
    Removing ustdlib.o(i.ustrstr), (42 bytes).
    Removing ustdlib.o(i.ustrtof), (316 bytes).
    Removing ustdlib.o(i.ustrtoul), (158 bytes).
    Removing ustdlib.o(i.uvsnprintf), (592 bytes).
    Removing ustdlib.o(.constdata), (76 bytes).
    Removing ustdlib.o(.conststring), (17 bytes).
    Removing ustdlib.o(.data), (4 bytes).
    Removing sysctl.o(.emb_text), (6 bytes).
    Removing sysctl.o(i.SysCtlAltClkConfig), (12 bytes).
    Removing sysctl.o(i.SysCtlClockFreqSet), (740 bytes).
    Removing sysctl.o(i.SysCtlClockGet), (340 bytes).
    Removing sysctl.o(i.SysCtlClockOutConfig), (20 bytes).
    Removing sysctl.o(i.SysCtlClockSet), (288 bytes).
    Removing sysctl.o(i.SysCtlDeepSleep), (32 bytes).
    Removing sysctl.o(i.SysCtlDeepSleepClockConfigSet), (112 bytes).
    Removing sysctl.o(i.SysCtlDeepSleepClockSet), (12 bytes).
    Removing sysctl.o(i.SysCtlDeepSleepPowerSet), (12 bytes).
    Removing sysctl.o(i.SysCtlFlashSectorSizeGet), (56 bytes).
    Removing sysctl.o(i.SysCtlFlashSizeGet), (56 bytes).
    Removing sysctl.o(i.SysCtlGPIOAHBDisable), (28 bytes).
    Removing sysctl.o(i.SysCtlGPIOAHBEnable), (24 bytes).
    Removing sysctl.o(i.SysCtlIntClear), (12 bytes).
    Removing sysctl.o(i.SysCtlIntDisable), (16 bytes).
    Removing sysctl.o(i.SysCtlIntEnable), (16 bytes).
    Removing sysctl.o(i.SysCtlIntRegister), (20 bytes).
    Removing sysctl.o(i.SysCtlIntStatus), (16 bytes).
    Removing sysctl.o(i.SysCtlIntUnregister), (18 bytes).
    Removing sysctl.o(i.SysCtlLDODeepSleepGet), (12 bytes).
    Removing sysctl.o(i.SysCtlLDODeepSleepSet), (12 bytes).
    Removing sysctl.o(i.SysCtlLDOSleepGet), (12 bytes).
    Removing sysctl.o(i.SysCtlLDOSleepSet), (12 bytes).
    Removing sysctl.o(i.SysCtlMOSCConfigSet), (12 bytes).
    Removing sysctl.o(i.SysCtlNMIClear), (16 bytes).
    Removing sysctl.o(i.SysCtlNMIStatus), (12 bytes).
    Removing sysctl.o(i.SysCtlPIOSCCalibrate), (76 bytes).
    Removing sysctl.o(i.SysCtlPWMClockGet), (24 bytes).
    Removing sysctl.o(i.SysCtlPWMClockSet), (20 bytes).
    Removing sysctl.o(i.SysCtlPeripheralClockGating), (68 bytes).
    Removing sysctl.o(i.SysCtlPeripheralDeepSleepDisable), (40 bytes).
    Removing sysctl.o(i.SysCtlPeripheralDeepSleepEnable), (40 bytes).
    Removing sysctl.o(i.SysCtlPeripheralDisable), (40 bytes).
    Removing sysctl.o(i.SysCtlPeripheralEnable), (40 bytes).
    Removing sysctl.o(i.SysCtlPeripheralPowerOff), (40 bytes).
    Removing sysctl.o(i.SysCtlPeripheralPowerOn), (40 bytes).
    Removing sysctl.o(i.SysCtlPeripheralPresent), (44 bytes).
    Removing sysctl.o(i.SysCtlPeripheralReady), (44 bytes).
    Removing sysctl.o(i.SysCtlPeripheralReset), (60 bytes).
    Removing sysctl.o(i.SysCtlPeripheralSleepDisable), (40 bytes).
    Removing sysctl.o(i.SysCtlPeripheralSleepEnable), (40 bytes).
    Removing sysctl.o(i.SysCtlReset), (16 bytes).
    Removing sysctl.o(i.SysCtlResetBehaviorGet), (12 bytes).
    Removing sysctl.o(i.SysCtlResetBehaviorSet), (12 bytes).
    Removing sysctl.o(i.SysCtlResetCauseClear), (16 bytes).
    Removing sysctl.o(i.SysCtlResetCauseGet), (12 bytes).
    Removing sysctl.o(i.SysCtlSRAMSizeGet), (16 bytes).
    Removing sysctl.o(i.SysCtlSleep), (4 bytes).
    Removing sysctl.o(i.SysCtlSleepPowerSet), (12 bytes).
    Removing sysctl.o(i.SysCtlUSBPLLDisable), (16 bytes).
    Removing sysctl.o(i.SysCtlUSBPLLEnable), (16 bytes).
    Removing sysctl.o(i.SysCtlVCOGet), (120 bytes).
    Removing sysctl.o(i.SysCtlVoltageEventClear), (16 bytes).
    Removing sysctl.o(i.SysCtlVoltageEventConfig), (12 bytes).
    Removing sysctl.o(i.SysCtlVoltageEventStatus), (12 bytes).
    Removing sysctl.o(.constdata), (596 bytes).
    Removing uart.o(i.UART9BitAddrSend), (38 bytes).
    Removing uart.o(i.UART9BitAddrSet), (10 bytes).
    Removing uart.o(i.UART9BitDisable), (14 bytes).
    Removing uart.o(i.UART9BitEnable), (14 bytes).
    Removing uart.o(i.UARTBreakCtl), (18 bytes).
    Removing uart.o(i.UARTBusy), (8 bytes).
    Removing uart.o(i.UARTCharGet), (12 bytes).
    Removing uart.o(i.UARTCharGetNonBlocking), (16 bytes).
    Removing uart.o(i.UARTCharPut), (12 bytes).
    Removing uart.o(i.UARTCharPutNonBlocking), (16 bytes).
    Removing uart.o(i.UARTCharsAvail), (10 bytes).
    Removing uart.o(i.UARTClockSourceGet), (6 bytes).
    Removing uart.o(i.UARTConfigGetExpClk), (46 bytes).
    Removing uart.o(i.UARTConfigSetExpClk), (110 bytes).
    Removing uart.o(i.UARTDMADisable), (10 bytes).
    Removing uart.o(i.UARTDMAEnable), (8 bytes).
    Removing uart.o(i.UARTDisable), (30 bytes).
    Removing uart.o(i.UARTDisableSIR), (10 bytes).
    Removing uart.o(i.UARTEnable), (20 bytes).
    Removing uart.o(i.UARTEnableSIR), (18 bytes).
    Removing uart.o(i.UARTFIFODisable), (10 bytes).
    Removing uart.o(i.UARTFIFOEnable), (10 bytes).
    Removing uart.o(i.UARTFIFOLevelGet), (16 bytes).
    Removing uart.o(i.UARTFIFOLevelSet), (6 bytes).
    Removing uart.o(i.UARTFlowControlGet), (8 bytes).
    Removing uart.o(i.UARTFlowControlSet), (12 bytes).
    Removing uart.o(i.UARTIntClear), (4 bytes).
    Removing uart.o(i.UARTIntDisable), (10 bytes).
    Removing uart.o(i.UARTIntEnable), (8 bytes).
    Removing uart.o(i.UARTIntRegister), (88 bytes).
    Removing uart.o(i.UARTIntStatus), (10 bytes).
    Removing uart.o(i.UARTIntUnregister), (88 bytes).
    Removing uart.o(i.UARTLoopbackEnable), (10 bytes).
    Removing uart.o(i.UARTModemControlClear), (14 bytes).
    Removing uart.o(i.UARTModemControlGet), (8 bytes).
    Removing uart.o(i.UARTModemControlSet), (12 bytes).
    Removing uart.o(i.UARTModemStatusGet), (10 bytes).
    Removing uart.o(i.UARTParityModeGet), (8 bytes).
    Removing uart.o(i.UARTParityModeSet), (12 bytes).
    Removing uart.o(i.UARTRxErrorClear), (6 bytes).
    Removing uart.o(i.UARTRxErrorGet), (8 bytes).
    Removing uart.o(i.UARTSmartCardDisable), (10 bytes).
    Removing uart.o(i.UARTSmartCardEnable), (22 bytes).
    Removing uart.o(i.UARTSpaceAvail), (10 bytes).
    Removing uart.o(i.UARTTxIntModeGet), (8 bytes).
    Removing uart.o(i.UARTTxIntModeSet), (12 bytes).
    Removing uart.o(.constdata), (128 bytes).
    Removing cpu.o(.emb_text), (38 bytes).
    Removing interrupt.o(i.IntDisable), (100 bytes).
    Removing interrupt.o(i.IntEnable), (100 bytes).
    Removing interrupt.o(i.IntIsEnabled), (96 bytes).
    Removing interrupt.o(i.IntMasterDisable), (14 bytes).
    Removing interrupt.o(i.IntMasterEnable), (14 bytes).
    Removing interrupt.o(i.IntPendClear), (68 bytes).
    Removing interrupt.o(i.IntPendSet), (84 bytes).
    Removing interrupt.o(i.IntPriorityGet), (28 bytes).
    Removing interrupt.o(i.IntPriorityGroupingGet), (36 bytes).
    Removing interrupt.o(i.IntPriorityGroupingSet), (28 bytes).
    Removing interrupt.o(i.IntPriorityMaskGet), (4 bytes).
    Removing interrupt.o(i.IntPriorityMaskSet), (4 bytes).
    Removing interrupt.o(i.IntPrioritySet), (40 bytes).
    Removing interrupt.o(i.IntRegister), (52 bytes).
    Removing interrupt.o(i.IntTrigger), (12 bytes).
    Removing interrupt.o(i.IntUnregister), (20 bytes).
    Removing interrupt.o(i._IntDefaultHandler), (2 bytes).
    Removing interrupt.o(.constdata), (268 bytes).
    Removing interrupt.o(vtable), (620 bytes).
    Removing ffixul.o(.text), (44 bytes).

282 unused section(s) (total 17134 bytes) removed from the image.

==============================================================================

Image Symbol Table

    Local Symbols

    Symbol Name                              Value     Ov Type        Size  Object(Section)

    RESET                                    0x00000000   Section      672  startup_rvmdk.o(RESET)
    ../clib/microlib/init/entry.s            0x00000000   Number         0  entry7b.o ABSOLUTE
    ../clib/microlib/init/entry.s            0x00000000   Number         0  entry7a.o ABSOLUTE
    ../clib/microlib/init/entry.s            0x00000000   Number         0  entry5.o ABSOLUTE
    ../clib/microlib/init/entry.s            0x00000000   Number         0  entry2.o ABSOLUTE
    ../clib/microlib/init/entry.s            0x00000000   Number         0  entry10a.o ABSOLUTE
    ../clib/microlib/init/entry.s            0x00000000   Number         0  entry11b.o ABSOLUTE
    ../clib/microlib/init/entry.s            0x00000000   Number         0  entry11a.o ABSOLUTE
    ../clib/microlib/init/entry.s            0x00000000   Number         0  entry10b.o ABSOLUTE
    ../clib/microlib/init/entry.s            0x00000000   Number         0  entry9b.o ABSOLUTE
    ../clib/microlib/init/entry.s            0x00000000   Number         0  entry9a.o ABSOLUTE
    ../clib/microlib/init/entry.s            0x00000000   Number         0  entry.o ABSOLUTE
    ../clib/microlib/init/entry.s            0x00000000   Number         0  entry8b.o ABSOLUTE
    ../clib/microlib/init/entry.s            0x00000000   Number         0  entry8a.o ABSOLUTE
    ../clib/microlib/longlong.c              0x00000000   Number         0  llshl.o ABSOLUTE
    ../clib/microlib/string/memcpy.c         0x00000000   Number         0  memcpyb.o ABSOLUTE
    ../clib/microlib/string/memcpy.c         0x00000000   Number         0  memcpya.o ABSOLUTE
    ../clib/microlib/string/memset.c         0x00000000   Number         0  memseta.o ABSOLUTE
    ../clib/microlib/stubs.s                 0x00000000   Number         0  iusefp.o ABSOLUTE
    ../fplib/microlib/fpfix.c                0x00000000   Number         0  ffixul.o ABSOLUTE
    ..\FreeRTOS\Source\list.c                0x00000000   Number         0  list.o ABSOLUTE
    ..\FreeRTOS\Source\portable\MemMang\heap_4.c 0x00000000   Number         0  heap_4.o ABSOLUTE
    ..\FreeRTOS\Source\portable\RVDS\ARM_CM4F\port.c 0x00000000   Number         0  port.o ABSOLUTE
    ..\FreeRTOS\Source\queue.c               0x00000000   Number         0  queue.o ABSOLUTE
    ..\FreeRTOS\Source\tasks.c               0x00000000   Number         0  tasks.o ABSOLUTE
    ..\\FreeRTOS\\Source\\portable\\RVDS\\ARM_CM4F\\port.c 0x00000000   Number         0  port.o ABSOLUTE
    ..\include\drivers\buttons.c             0x00000000   Number         0  buttons.o ABSOLUTE
    ..\include\drivers\rgb.c                 0x00000000   Number         0  rgb.o ABSOLUTE
    ..\include\utils\uartstdio.c             0x00000000   Number         0  uartstdio.o ABSOLUTE
    ..\include\utils\ustdlib.c               0x00000000   Number         0  ustdlib.o ABSOLUTE
    BSP.c                                    0x00000000   Number         0  bsp.o ABSOLUTE
    BSP.c                                    0x00000000   Number         0  bsp.o ABSOLUTE
    accelerometer_task.c                     0x00000000   Number         0  accelerometer_task.o ABSOLUTE
    cpu.c                                    0x00000000   Number         0  cpu.o ABSOLUTE
    cpu.c                                    0x00000000   Number         0  cpu.o ABSOLUTE
    dc.s                                     0x00000000   Number         0  dc.o ABSOLUTE
    freertos_demo.c                          0x00000000   Number         0  freertos_demo.o ABSOLUTE
    handlers.s                               0x00000000   Number         0  handlers.o ABSOLUTE
    init.s                                   0x00000000   Number         0  init.o ABSOLUTE
    interrupt.c                              0x00000000   Number         0  interrupt.o ABSOLUTE
    led_task.c                               0x00000000   Number         0  led_task.o ABSOLUTE
    startup_rvmdk.S                          0x00000000   Number         0  startup_rvmdk.o ABSOLUTE
    switch_task.c                            0x00000000   Number         0  switch_task.o ABSOLUTE
    sysctl.c                                 0x00000000   Number         0  sysctl.o ABSOLUTE
    sysctl.c                                 0x00000000   Number         0  sysctl.o ABSOLUTE
    uart.c                                   0x00000000   Number         0  uart.o ABSOLUTE
    $v0                                      0x0000026c   Number         0  startup_rvmdk.o(RESET)
    NmiSR                                    0x0000029b   Thumb Code     0  startup_rvmdk.o(RESET)
    FaultISR                                 0x0000029d   Thumb Code     0  startup_rvmdk.o(RESET)
    IntDefaultHandler                        0x0000029f   Thumb Code     0  startup_rvmdk.o(RESET)
    .ARM.Collect$$$$00000000                 0x000002a0   Section        0  entry.o(.ARM.Collect$$$$00000000)
    .ARM.Collect$$$$00000001                 0x000002a0   Section        4  entry2.o(.ARM.Collect$$$$00000001)
    .ARM.Collect$$$$00000004                 0x000002a4   Section        4  entry5.o(.ARM.Collect$$$$00000004)
    .ARM.Collect$$$$00000008                 0x000002a8   Section        0  entry7b.o(.ARM.Collect$$$$00000008)
    .ARM.Collect$$$$0000000A                 0x000002a8   Section        0  entry8b.o(.ARM.Collect$$$$0000000A)
    .ARM.Collect$$$$0000000B                 0x000002a8   Section        8  entry9a.o(.ARM.Collect$$$$0000000B)
    .ARM.Collect$$$$0000000D                 0x000002b0   Section        0  entry10a.o(.ARM.Collect$$$$0000000D)
    .ARM.Collect$$$$0000000F                 0x000002b0   Section        0  entry11a.o(.ARM.Collect$$$$0000000F)
    .ARM.Collect$$$$00002712                 0x000002b0   Section        4  entry2.o(.ARM.Collect$$$$00002712)
    __lit__00000000                          0x000002b0   Data           4  entry2.o(.ARM.Collect$$$$00002712)
    .emb_text                                0x000002b4   Section        6  bsp.o(.emb_text)
    $v0                                      0x000002b4   Number         0  bsp.o(.emb_text)
    .emb_text                                0x000002bc   Section      182  port.o(.emb_text)
    $v0                                      0x000002bc   Number         0  port.o(.emb_text)
    .text                                    0x00000372   Section        0  memcpya.o(.text)
    .text                                    0x00000396   Section        0  memseta.o(.text)
    .text                                    0x000003bc   Section       36  init.o(.text)
    i.AccelerometerTask                      0x000003e0   Section        0  accelerometer_task.o(i.AccelerometerTask)
    AccelerometerTask                        0x000003e1   Thumb Code   160  accelerometer_task.o(i.AccelerometerTask)
    i.AccelerometerTaskInit                  0x000004b8   Section        0  accelerometer_task.o(i.AccelerometerTaskInit)
    i.BSP_Accelerometer_Init                 0x00000530   Section        0  bsp.o(i.BSP_Accelerometer_Init)
    i.BSP_Accelerometer_Input                0x000005c0   Section        0  bsp.o(i.BSP_Accelerometer_Input)
    i.BSP_Button1_Init                       0x000005ec   Section        0  bsp.o(i.BSP_Button1_Init)
    i.BSP_Button1_Input                      0x00000654   Section        0  bsp.o(i.BSP_Button1_Input)
    i.BSP_Button2_Init                       0x00000664   Section        0  bsp.o(i.BSP_Button2_Init)
    i.BSP_Button2_Input                      0x000006dc   Section        0  bsp.o(i.BSP_Button2_Input)
    i.BSP_Delay1ms                           0x000006ec   Section        0  bsp.o(i.BSP_Delay1ms)
    i.BSP_Joystick_Init                      0x00000704   Section        0  bsp.o(i.BSP_Joystick_Init)
    i.BSP_LCD_Color565                       0x00000800   Section        0  bsp.o(i.BSP_LCD_Color565)
    i.BSP_LCD_DrawChar                       0x00000814   Section        0  bsp.o(i.BSP_LCD_DrawChar)
    i.BSP_LCD_DrawString                     0x000008d4   Section        0  bsp.o(i.BSP_LCD_DrawString)
    i.BSP_LCD_FillRect                       0x00000928   Section        0  bsp.o(i.BSP_LCD_FillRect)
    i.BSP_LCD_FillScreen                     0x000009a0   Section        0  bsp.o(i.BSP_LCD_FillScreen)
    i.BSP_LCD_Init                           0x000009bc   Section        0  bsp.o(i.BSP_LCD_Init)
    i.BSP_LCD_OutUDec                        0x000009c4   Section        0  bsp.o(i.BSP_LCD_OutUDec)
    i.BSP_LCD_SetCursor                      0x00000a24   Section        0  bsp.o(i.BSP_LCD_SetCursor)
    i.ConfigureUART                          0x00000a38   Section        0  freertos_demo.o(i.ConfigureUART)
    i.LEDTask                                0x00000a94   Section        0  led_task.o(i.LEDTask)
    LEDTask                                  0x00000a95   Thumb Code   662  led_task.o(i.LEDTask)
    i.LEDTaskInit                            0x00000e0c   Section        0  led_task.o(i.LEDTaskInit)
    i.ST7735_InitR                           0x00000eb0   Section        0  bsp.o(i.ST7735_InitR)
    ST7735_InitR                             0x00000eb1   Thumb Code    92  bsp.o(i.ST7735_InitR)
    i.SwitchTask                             0x00000f14   Section        0  switch_task.o(i.SwitchTask)
    SwitchTask                               0x00000f15   Thumb Code    74  switch_task.o(i.SwitchTask)
    i.SwitchTaskInit                         0x00000f94   Section        0  switch_task.o(i.SwitchTaskInit)
    i.UARTClockSourceSet                     0x00000fe4   Section        0  uart.o(i.UARTClockSourceSet)
    i.UARTStdioConfig                        0x00000fec   Section        0  uartstdio.o(i.UARTStdioConfig)
    i.UARTprintf                             0x00001048   Section        0  uartstdio.o(i.UARTprintf)
    i.UARTvprintf                            0x0000105c   Section        0  uartstdio.o(i.UARTvprintf)
    i.UARTwrite                              0x00001210   Section        0  uartstdio.o(i.UARTwrite)
    i.__scatterload_copy                     0x0000124c   Section       14  handlers.o(i.__scatterload_copy)
    i.__scatterload_null                     0x0000125a   Section        2  handlers.o(i.__scatterload_null)
    i.__scatterload_zeroinit                 0x0000125c   Section       14  handlers.o(i.__scatterload_zeroinit)
    i.adcinit                                0x0000126c   Section        0  bsp.o(i.adcinit)
    adcinit                                  0x0000126d   Thumb Code    46  bsp.o(i.adcinit)
    i.commandList                            0x000012ac   Section        0  bsp.o(i.commandList)
    commandList                              0x000012ad   Thumb Code    74  bsp.o(i.commandList)
    i.commonInit                             0x000012f8   Section        0  bsp.o(i.commonInit)
    commonInit                               0x000012f9   Thumb Code   376  bsp.o(i.commonInit)
    i.fillmessage                            0x000014ac   Section        0  bsp.o(i.fillmessage)
    fillmessage                              0x000014ad   Thumb Code    46  bsp.o(i.fillmessage)
    i.main                                   0x000014e4   Section        0  freertos_demo.o(i.main)
    i.poll_MDKII                             0x00001570   Section        0  switch_task.o(i.poll_MDKII)
    i.prvAddCurrentTaskToDelayedList         0x000016c0   Section        0  tasks.o(i.prvAddCurrentTaskToDelayedList)
    prvAddCurrentTaskToDelayedList           0x000016c1   Thumb Code   102  tasks.o(i.prvAddCurrentTaskToDelayedList)
    i.prvAddNewTaskToReadyList               0x00001730   Section        0  tasks.o(i.prvAddNewTaskToReadyList)
    prvAddNewTaskToReadyList                 0x00001731   Thumb Code   192  tasks.o(i.prvAddNewTaskToReadyList)
    i.prvCheckTasksWaitingTermination        0x00001800   Section        0  tasks.o(i.prvCheckTasksWaitingTermination)
    prvCheckTasksWaitingTermination          0x00001801   Thumb Code    74  tasks.o(i.prvCheckTasksWaitingTermination)
    i.prvCopyDataFromQueue                   0x00001854   Section        0  queue.o(i.prvCopyDataFromQueue)
    prvCopyDataFromQueue                     0x00001855   Thumb Code    38  queue.o(i.prvCopyDataFromQueue)
    i.prvCopyDataToQueue                     0x0000187a   Section        0  queue.o(i.prvCopyDataToQueue)
    prvCopyDataToQueue                       0x0000187b   Thumb Code   108  queue.o(i.prvCopyDataToQueue)
    i.prvDeleteTCB                           0x000018e6   Section        0  tasks.o(i.prvDeleteTCB)
    prvDeleteTCB                             0x000018e7   Thumb Code    20  tasks.o(i.prvDeleteTCB)
    i.prvHeapInit                            0x000018fc   Section        0  heap_4.o(i.prvHeapInit)
    prvHeapInit                              0x000018fd   Thumb Code    64  heap_4.o(i.prvHeapInit)
    i.prvIdleTask                            0x00001944   Section        0  tasks.o(i.prvIdleTask)
    prvIdleTask                              0x00001945   Thumb Code     6  tasks.o(i.prvIdleTask)
    i.prvInitialiseNewTask                   0x0000194a   Section        0  tasks.o(i.prvInitialiseNewTask)
    prvInitialiseNewTask                     0x0000194b   Thumb Code   138  tasks.o(i.prvInitialiseNewTask)
    i.prvInsertBlockIntoFreeList             0x000019d4   Section        0  heap_4.o(i.prvInsertBlockIntoFreeList)
    prvInsertBlockIntoFreeList               0x000019d5   Thumb Code    72  heap_4.o(i.prvInsertBlockIntoFreeList)
    i.prvIsQueueEmpty                        0x00001a20   Section        0  queue.o(i.prvIsQueueEmpty)
    prvIsQueueEmpty                          0x00001a21   Thumb Code    26  queue.o(i.prvIsQueueEmpty)
    i.prvResetNextTaskUnblockTime            0x00001a3c   Section        0  tasks.o(i.prvResetNextTaskUnblockTime)
    prvResetNextTaskUnblockTime              0x00001a3d   Thumb Code    26  tasks.o(i.prvResetNextTaskUnblockTime)
    i.prvTaskExitError                       0x00001a5c   Section        0  port.o(i.prvTaskExitError)
    prvTaskExitError                         0x00001a5d   Thumb Code    16  port.o(i.prvTaskExitError)
    i.prvUnlockQueue                         0x00001a6c   Section        0  queue.o(i.prvUnlockQueue)
    prvUnlockQueue                           0x00001a6d   Thumb Code   106  queue.o(i.prvUnlockQueue)
    i.pushColor                              0x00001ad6   Section        0  bsp.o(i.pushColor)
    pushColor                                0x00001ad7   Thumb Code    20  bsp.o(i.pushColor)
    i.pvPortMalloc                           0x00001aec   Section        0  heap_4.o(i.pvPortMalloc)
    i.pvTaskIncrementMutexHeldCount          0x00001b84   Section        0  tasks.o(i.pvTaskIncrementMutexHeldCount)
    i.pxPortInitialiseStack                  0x00001b9c   Section        0  port.o(i.pxPortInitialiseStack)
    i.setAddrWindow                          0x00001bc8   Section        0  bsp.o(i.setAddrWindow)
    setAddrWindow                            0x00001bc9   Thumb Code   102  bsp.o(i.setAddrWindow)
    i.uxListRemove                           0x00001c34   Section        0  list.o(i.uxListRemove)
    i.vApplicationStackOverflowHook          0x00001c58   Section        0  freertos_demo.o(i.vApplicationStackOverflowHook)
    i.vListInitialise                        0x00001c5a   Section        0  list.o(i.vListInitialise)
    i.vListInitialiseItem                    0x00001c70   Section        0  list.o(i.vListInitialiseItem)
    i.vListInsert                            0x00001c76   Section        0  list.o(i.vListInsert)
    i.vListInsertEnd                         0x00001ca6   Section        0  list.o(i.vListInsertEnd)
    i.vPortEnterCritical                     0x00001cc0   Section        0  port.o(i.vPortEnterCritical)
    i.vPortExitCritical                      0x00001cdc   Section        0  port.o(i.vPortExitCritical)
    i.vPortFree                              0x00001cf0   Section        0  heap_4.o(i.vPortFree)
    i.vPortSetupTimerInterrupt               0x00001d30   Section        0  port.o(i.vPortSetupTimerInterrupt)
    i.vTaskDelayUntil                        0x00001d40   Section        0  tasks.o(i.vTaskDelayUntil)
    i.vTaskMissedYield                       0x00001d98   Section        0  tasks.o(i.vTaskMissedYield)
    i.vTaskPlaceOnEventList                  0x00001da4   Section        0  tasks.o(i.vTaskPlaceOnEventList)
    i.vTaskPriorityInherit                   0x00001dc8   Section        0  tasks.o(i.vTaskPriorityInherit)
    i.vTaskSetTimeOutState                   0x00001e4c   Section        0  tasks.o(i.vTaskSetTimeOutState)
    i.vTaskStartScheduler                    0x00001e5c   Section        0  tasks.o(i.vTaskStartScheduler)
    i.vTaskSuspendAll                        0x00001eb0   Section        0  tasks.o(i.vTaskSuspendAll)
    i.vTaskSwitchContext                     0x00001ec0   Section        0  tasks.o(i.vTaskSwitchContext)
    i.writecommand                           0x00001f30   Section        0  bsp.o(i.writecommand)
    writecommand                             0x00001f31   Thumb Code    40  bsp.o(i.writecommand)
    i.writedata                              0x00001f60   Section        0  bsp.o(i.writedata)
    writedata                                0x00001f61   Thumb Code    40  bsp.o(i.writedata)
    i.xPortStartScheduler                    0x00001f90   Section        0  port.o(i.xPortStartScheduler)
    i.xPortSysTickHandler                    0x00001fd0   Section        0  port.o(i.xPortSysTickHandler)
    i.xQueueCreateMutex                      0x00001ffc   Section        0  queue.o(i.xQueueCreateMutex)
    i.xQueueGenericCreate                    0x00002020   Section        0  queue.o(i.xQueueGenericCreate)
    i.xQueueGenericReceive                   0x00002060   Section        0  queue.o(i.xQueueGenericReceive)
    i.xQueueGenericReset                     0x00002184   Section        0  queue.o(i.xQueueGenericReset)
    i.xQueueGenericSend                      0x000021f8   Section        0  queue.o(i.xQueueGenericSend)
    i.xTaskCheckForTimeOut                   0x000022f8   Section        0  tasks.o(i.xTaskCheckForTimeOut)
    i.xTaskCreate                            0x00002340   Section        0  tasks.o(i.xTaskCreate)
    i.xTaskGetTickCount                      0x00002398   Section        0  tasks.o(i.xTaskGetTickCount)
    i.xTaskIncrementTick                     0x000023a4   Section        0  tasks.o(i.xTaskIncrementTick)
    i.xTaskPriorityDisinherit                0x00002458   Section        0  tasks.o(i.xTaskPriorityDisinherit)
    i.xTaskRemoveFromEventList               0x000024c8   Section        0  tasks.o(i.xTaskRemoveFromEventList)
    i.xTaskResumeAll                         0x0000252c   Section        0  tasks.o(i.xTaskResumeAll)
    .constdata                               0x000025dc   Section     1403  bsp.o(.constdata)
    Font                                     0x000025dc   Data        1275  bsp.o(.constdata)
    Rcmd1                                    0x00002ad7   Data          59  bsp.o(.constdata)
    Rcmd2green                               0x00002b12   Data          13  bsp.o(.constdata)
    Rcmd2red                                 0x00002b1f   Data          13  bsp.o(.constdata)
    Rcmd3                                    0x00002b2c   Data          43  bsp.o(.constdata)
    .constdata                               0x00002b58   Section       28  uartstdio.o(.constdata)
    g_pcHex                                  0x00002b58   Data           4  uartstdio.o(.constdata)
    g_ui32UARTBase                           0x00002b5c   Data          12  uartstdio.o(.constdata)
    g_ui32UARTPeriph                         0x00002b68   Data          12  uartstdio.o(.constdata)
    .conststring                             0x00002b74   Section       17  uartstdio.o(.conststring)
    .data                                    0x20000000   Section       20  freertos_demo.o(.data)
    .data                                    0x20000014   Section        1  freertos_demo.o(.data)
    .data                                    0x20000016   Section        2  freertos_demo.o(.data)
    .data                                    0x20000018   Section        2  freertos_demo.o(.data)
    .data                                    0x2000001a   Section        2  freertos_demo.o(.data)
    .data                                    0x2000001c   Section        1  freertos_demo.o(.data)
    .data                                    0x20000020   Section        8  led_task.o(.data)
    g_ui8ColorsIndx                          0x20000020   Data           1  led_task.o(.data)
    .data                                    0x20000028   Section       64  bsp.o(.data)
    ColStart                                 0x20000028   Data           1  bsp.o(.data)
    RowStart                                 0x20000029   Data           1  bsp.o(.data)
    _width                                   0x2000002c   Data           2  bsp.o(.data)
    _height                                  0x2000002e   Data           2  bsp.o(.data)
    PWMCycles                                0x20000030   Data           2  bsp.o(.data)
    ClockFrequency                           0x20000034   Data           4  bsp.o(.data)
    .data                                    0x20000068   Section        4  accelerometer_task.o(.data)
    .data                                    0x2000006c   Section       60  tasks.o(.data)
    uxDeletedTasksWaitingCleanUp             0x20000070   Data           4  tasks.o(.data)
    uxCurrentNumberOfTasks                   0x20000074   Data           4  tasks.o(.data)
    xTickCount                               0x20000078   Data           4  tasks.o(.data)
    uxTopReadyPriority                       0x2000007c   Data           4  tasks.o(.data)
    xSchedulerRunning                        0x20000080   Data           4  tasks.o(.data)
    uxPendedTicks                            0x20000084   Data           4  tasks.o(.data)
    xYieldPending                            0x20000088   Data           4  tasks.o(.data)
    xNumOfOverflows                          0x2000008c   Data           4  tasks.o(.data)
    uxTaskNumber                             0x20000090   Data           4  tasks.o(.data)
    xNextTaskUnblockTime                     0x20000094   Data           4  tasks.o(.data)
    xIdleTaskHandle                          0x20000098   Data           4  tasks.o(.data)
    uxSchedulerSuspended                     0x2000009c   Data           4  tasks.o(.data)
    pxDelayedTaskList                        0x200000a0   Data           4  tasks.o(.data)
    pxOverflowDelayedTaskList                0x200000a4   Data           4  tasks.o(.data)
    .data                                    0x200000a8   Section        4  port.o(.data)
    uxCriticalNesting                        0x200000a8   Data           4  port.o(.data)
    .data                                    0x200000ac   Section       24  heap_4.o(.data)
    pxEnd                                    0x200000ac   Data           4  heap_4.o(.data)
    xFreeBytesRemaining                      0x200000b0   Data           4  heap_4.o(.data)
    xMinimumEverFreeBytesRemaining           0x200000b4   Data           4  heap_4.o(.data)
    xBlockAllocatedBit                       0x200000b8   Data           4  heap_4.o(.data)
    xStart                                   0x200000bc   Data           8  heap_4.o(.data)
    .data                                    0x200000c4   Section        8  uartstdio.o(.data)
    bLastWasCR                               0x200000c4   Data           1  uartstdio.o(.data)
    g_ui32Base                               0x200000c8   Data           4  uartstdio.o(.data)
    .bss                                     0x200000cc   Section       12  bsp.o(.bss)
    .bss                                     0x200000d8   Section      420  tasks.o(.bss)
    pxReadyTasksLists                        0x200000d8   Data         320  tasks.o(.bss)
    xDelayedTaskList1                        0x20000218   Data          20  tasks.o(.bss)
    xDelayedTaskList2                        0x2000022c   Data          20  tasks.o(.bss)
    xPendingReadyList                        0x20000240   Data          20  tasks.o(.bss)
    xTasksWaitingTermination                 0x20000254   Data          20  tasks.o(.bss)
    xSuspendedTaskList                       0x20000268   Data          20  tasks.o(.bss)
    .bss                                     0x2000027c   Section    30000  heap_4.o(.bss)
    ucHeap                                   0x2000027c   Data       30000  heap_4.o(.bss)
    STACK                                    0x200077b0   Section      512  startup_rvmdk.o(STACK)
    StackMem                                 0x200077b0   Data           0  startup_rvmdk.o(STACK)

    Global Symbols

    Symbol Name                              Value     Ov Type        Size  Object(Section)

    BuildAttributes$$THM_ISAv4$E$P$D$K$B$S$7EM$VFPi3$EXTD16$VFPS$VFMA$PE$A:L22UL41UL21$X:L11$S22US41US21$IEEE1$IW$USESV6$~STKCKD$USESV7$~SHL$OTIME$ROPI$EBA8$MICROLIB$REQ8$PRES8$EABIv2 0x00000000   Number         0  anon$$obj.o ABSOLUTE
    __ARM_use_no_argv                        0x00000000   Number         0  freertos_demo.o ABSOLUTE
    __Vectors                                0x00000000   Data           0  startup_rvmdk.o(RESET)
    __cpp_initialize__aeabi_                  - Undefined Weak Reference
    __cxa_finalize                            - Undefined Weak Reference
    __decompress                              - Undefined Weak Reference
    _clock_init                               - Undefined Weak Reference
    _microlib_exit                            - Undefined Weak Reference
    Reset_Handler                            0x0000026d   Thumb Code     0  startup_rvmdk.o(RESET)
    DisableInterrupts                        0x00000281   Thumb Code     0  startup_rvmdk.o(RESET)
    EnableInterrupts                         0x00000285   Thumb Code     0  startup_rvmdk.o(RESET)
    StartCritical                            0x00000289   Thumb Code     0  startup_rvmdk.o(RESET)
    EndCritical                              0x00000291   Thumb Code     0  startup_rvmdk.o(RESET)
    WaitForInterrupt                         0x00000297   Thumb Code     0  startup_rvmdk.o(RESET)
    __main                                   0x000002a1   Thumb Code     0  entry.o(.ARM.Collect$$$$00000000)
    _main_stk                                0x000002a1   Thumb Code     0  entry2.o(.ARM.Collect$$$$00000001)
    _main_scatterload                        0x000002a5   Thumb Code     0  entry5.o(.ARM.Collect$$$$00000004)
    __main_after_scatterload                 0x000002a9   Thumb Code     0  entry5.o(.ARM.Collect$$$$00000004)
    _main_clock                              0x000002a9   Thumb Code     0  entry7b.o(.ARM.Collect$$$$00000008)
    _main_cpp_init                           0x000002a9   Thumb Code     0  entry8b.o(.ARM.Collect$$$$0000000A)
    _main_init                               0x000002a9   Thumb Code     0  entry9a.o(.ARM.Collect$$$$0000000B)
    __rt_final_cpp                           0x000002b1   Thumb Code     0  entry10a.o(.ARM.Collect$$$$0000000D)
    __rt_final_exit                          0x000002b1   Thumb Code     0  entry11a.o(.ARM.Collect$$$$0000000F)
    parrotdelay                              0x000002b5   Thumb Code     6  bsp.o(.emb_text)
    vPortSVCHandler                          0x000002bd   Thumb Code    28  port.o(.emb_text)
    __asm___6_port_c_39a90d8d__prvStartFirstTask 0x000002dd   Thumb Code    28  port.o(.emb_text)
    __asm___6_port_c_39a90d8d__prvEnableVFP  0x000002fd   Thumb Code    16  port.o(.emb_text)
    xPortPendSVHandler                       0x00000311   Thumb Code    88  port.o(.emb_text)
    vPortGetIPSR                             0x0000036d   Thumb Code     6  port.o(.emb_text)
    __aeabi_memcpy                           0x00000373   Thumb Code    36  memcpya.o(.text)
    __aeabi_memcpy4                          0x00000373   Thumb Code     0  memcpya.o(.text)
    __aeabi_memcpy8                          0x00000373   Thumb Code     0  memcpya.o(.text)
    __aeabi_memset                           0x00000397   Thumb Code    14  memseta.o(.text)
    __aeabi_memset4                          0x00000397   Thumb Code     0  memseta.o(.text)
    __aeabi_memset8                          0x00000397   Thumb Code     0  memseta.o(.text)
    __aeabi_memclr                           0x000003a5   Thumb Code     4  memseta.o(.text)
    __aeabi_memclr4                          0x000003a5   Thumb Code     0  memseta.o(.text)
    __aeabi_memclr8                          0x000003a5   Thumb Code     0  memseta.o(.text)
    _memset$wrapper                          0x000003a9   Thumb Code    18  memseta.o(.text)
    __scatterload                            0x000003bd   Thumb Code    28  init.o(.text)
    __scatterload_rt2                        0x000003bd   Thumb Code     0  init.o(.text)
    AccelerometerTaskInit                    0x000004b9   Thumb Code    58  accelerometer_task.o(i.AccelerometerTaskInit)
    BSP_Accelerometer_Init                   0x00000531   Thumb Code   124  bsp.o(i.BSP_Accelerometer_Init)
    BSP_Accelerometer_Input                  0x000005c1   Thumb Code    40  bsp.o(i.BSP_Accelerometer_Input)
    BSP_Button1_Init                         0x000005ed   Thumb Code    86  bsp.o(i.BSP_Button1_Init)
    BSP_Button1_Input                        0x00000655   Thumb Code    10  bsp.o(i.BSP_Button1_Input)
    BSP_Button2_Init                         0x00000665   Thumb Code    98  bsp.o(i.BSP_Button2_Init)
    BSP_Button2_Input                        0x000006dd   Thumb Code    10  bsp.o(i.BSP_Button2_Input)
    BSP_Delay1ms                             0x000006ed   Thumb Code    24  bsp.o(i.BSP_Delay1ms)
    BSP_Joystick_Init                        0x00000705   Thumb Code   216  bsp.o(i.BSP_Joystick_Init)
    BSP_LCD_Color565                         0x00000801   Thumb Code    20  bsp.o(i.BSP_LCD_Color565)
    BSP_LCD_DrawChar                         0x00000815   Thumb Code   184  bsp.o(i.BSP_LCD_DrawChar)
    BSP_LCD_DrawString                       0x000008d5   Thumb Code    82  bsp.o(i.BSP_LCD_DrawString)
    BSP_LCD_FillRect                         0x00000929   Thumb Code   116  bsp.o(i.BSP_LCD_FillRect)
    BSP_LCD_FillScreen                       0x000009a1   Thumb Code    24  bsp.o(i.BSP_LCD_FillScreen)
    BSP_LCD_Init                             0x000009bd   Thumb Code     6  bsp.o(i.BSP_LCD_Init)
    BSP_LCD_OutUDec                          0x000009c5   Thumb Code    82  bsp.o(i.BSP_LCD_OutUDec)
    BSP_LCD_SetCursor                        0x00000a25   Thumb Code    16  bsp.o(i.BSP_LCD_SetCursor)
    ConfigureUART                            0x00000a39   Thumb Code    76  freertos_demo.o(i.ConfigureUART)
    LEDTaskInit                              0x00000e0d   Thumb Code    84  led_task.o(i.LEDTaskInit)
    SwitchTaskInit                           0x00000f95   Thumb Code    58  switch_task.o(i.SwitchTaskInit)
    UARTClockSourceSet                       0x00000fe5   Thumb Code     6  uart.o(i.UARTClockSourceSet)
    UARTStdioConfig                          0x00000fed   Thumb Code    82  uartstdio.o(i.UARTStdioConfig)
    UARTprintf                               0x00001049   Thumb Code    18  uartstdio.o(i.UARTprintf)
    UARTvprintf                              0x0000105d   Thumb Code   420  uartstdio.o(i.UARTvprintf)
    UARTwrite                                0x00001211   Thumb Code    56  uartstdio.o(i.UARTwrite)
    __scatterload_copy                       0x0000124d   Thumb Code    14  handlers.o(i.__scatterload_copy)
    __scatterload_null                       0x0000125b   Thumb Code     2  handlers.o(i.__scatterload_null)
    __scatterload_zeroinit                   0x0000125d   Thumb Code    14  handlers.o(i.__scatterload_zeroinit)
    main                                     0x000014e5   Thumb Code    84  freertos_demo.o(i.main)
    poll_MDKII                               0x00001571   Thumb Code   194  switch_task.o(i.poll_MDKII)
    pvPortMalloc                             0x00001aed   Thumb Code   148  heap_4.o(i.pvPortMalloc)
    pvTaskIncrementMutexHeldCount            0x00001b85   Thumb Code    18  tasks.o(i.pvTaskIncrementMutexHeldCount)
    pxPortInitialiseStack                    0x00001b9d   Thumb Code    40  port.o(i.pxPortInitialiseStack)
    uxListRemove                             0x00001c35   Thumb Code    36  list.o(i.uxListRemove)
    vApplicationStackOverflowHook            0x00001c59   Thumb Code     2  freertos_demo.o(i.vApplicationStackOverflowHook)
    vListInitialise                          0x00001c5b   Thumb Code    22  list.o(i.vListInitialise)
    vListInitialiseItem                      0x00001c71   Thumb Code     6  list.o(i.vListInitialiseItem)
    vListInsert                              0x00001c77   Thumb Code    48  list.o(i.vListInsert)
    vListInsertEnd                           0x00001ca7   Thumb Code    24  list.o(i.vListInsertEnd)
    vPortEnterCritical                       0x00001cc1   Thumb Code    24  port.o(i.vPortEnterCritical)
    vPortExitCritical                        0x00001cdd   Thumb Code    16  port.o(i.vPortExitCritical)
    vPortFree                                0x00001cf1   Thumb Code    58  heap_4.o(i.vPortFree)
    vPortSetupTimerInterrupt                 0x00001d31   Thumb Code    16  port.o(i.vPortSetupTimerInterrupt)
    vTaskDelayUntil                          0x00001d41   Thumb Code    78  tasks.o(i.vTaskDelayUntil)
    vTaskMissedYield                         0x00001d99   Thumb Code     8  tasks.o(i.vTaskMissedYield)
    vTaskPlaceOnEventList                    0x00001da5   Thumb Code    30  tasks.o(i.vTaskPlaceOnEventList)
    vTaskPriorityInherit                     0x00001dc9   Thumb Code   124  tasks.o(i.vTaskPriorityInherit)
    vTaskSetTimeOutState                     0x00001e4d   Thumb Code    12  tasks.o(i.vTaskSetTimeOutState)
    vTaskStartScheduler                      0x00001e5d   Thumb Code    66  tasks.o(i.vTaskStartScheduler)
    vTaskSuspendAll                          0x00001eb1   Thumb Code    10  tasks.o(i.vTaskSuspendAll)
    vTaskSwitchContext                       0x00001ec1   Thumb Code   104  tasks.o(i.vTaskSwitchContext)
    xPortStartScheduler                      0x00001f91   Thumb Code    52  port.o(i.xPortStartScheduler)
    xPortSysTickHandler                      0x00001fd1   Thumb Code    38  port.o(i.xPortSysTickHandler)
    xQueueCreateMutex                        0x00001ffd   Thumb Code    36  queue.o(i.xQueueCreateMutex)
    xQueueGenericCreate                      0x00002021   Thumb Code    64  queue.o(i.xQueueGenericCreate)
    xQueueGenericReceive                     0x00002061   Thumb Code   286  queue.o(i.xQueueGenericReceive)
    xQueueGenericReset                       0x00002185   Thumb Code   112  queue.o(i.xQueueGenericReset)
    xQueueGenericSend                        0x000021f9   Thumb Code   250  queue.o(i.xQueueGenericSend)
    xTaskCheckForTimeOut                     0x000022f9   Thumb Code    66  tasks.o(i.xTaskCheckForTimeOut)
    xTaskCreate                              0x00002341   Thumb Code    86  tasks.o(i.xTaskCreate)
    xTaskGetTickCount                        0x00002399   Thumb Code     6  tasks.o(i.xTaskGetTickCount)
    xTaskIncrementTick                       0x000023a5   Thumb Code   170  tasks.o(i.xTaskIncrementTick)
    xTaskPriorityDisinherit                  0x00002459   Thumb Code   102  tasks.o(i.xTaskPriorityDisinherit)
    xTaskRemoveFromEventList                 0x000024c9   Thumb Code    88  tasks.o(i.xTaskRemoveFromEventList)
    xTaskResumeAll                           0x0000252d   Thumb Code   164  tasks.o(i.xTaskResumeAll)
    Region$$Table$$Base                      0x00002b88   Number         0  anon$$obj.o(Region$$Table)
    Region$$Table$$Limit                     0x00002ba8   Number         0  anon$$obj.o(Region$$Table)
    sw1_mode                                 0x20000000   Data           1  freertos_demo.o(.data)
    sw2_mode                                 0x20000001   Data           1  freertos_demo.o(.data)
    just_unlocked                            0x20000002   Data           1  freertos_demo.o(.data)
    prev_AccX                                0x20000004   Data           2  freertos_demo.o(.data)
    prev_AccY                                0x20000006   Data           2  freertos_demo.o(.data)
    prev_AccZ                                0x20000008   Data           2  freertos_demo.o(.data)
    g_pUARTSemaphore                         0x2000000c   Data           4  freertos_demo.o(.data)
    g_pAccelerometerSemaphore                0x20000010   Data           4  freertos_demo.o(.data)
    store_prev_accel                         0x20000014   Data           1  freertos_demo.o(.data)
    AccX                                     0x20000016   Data           2  freertos_demo.o(.data)
    AccY                                     0x20000018   Data           2  freertos_demo.o(.data)
    AccZ                                     0x2000001a   Data           2  freertos_demo.o(.data)
    current                                  0x2000001c   Data           1  freertos_demo.o(.data)
    g_pLEDQueue                              0x20000024   Data           4  led_task.o(.data)
    StTextColor                              0x2000002a   Data           2  bsp.o(.data)
    PlotBGColor                              0x20000032   Data           2  bsp.o(.data)
    StX                                      0x20000038   Data           4  bsp.o(.data)
    StY                                      0x2000003c   Data           4  bsp.o(.data)
    LightBusy                                0x20000040   Data           4  bsp.o(.data)
    TempBusy                                 0x20000044   Data           4  bsp.o(.data)
    Messageindex                             0x20000048   Data           4  bsp.o(.data)
    TimeIndex                                0x2000004c   Data           4  bsp.o(.data)
    Ymax                                     0x20000050   Data           4  bsp.o(.data)
    Ymin                                     0x20000054   Data           4  bsp.o(.data)
    Yrange                                   0x20000058   Data           4  bsp.o(.data)
    PeriodicTask                             0x2000005c   Data           4  bsp.o(.data)
    PeriodicTaskB                            0x20000060   Data           4  bsp.o(.data)
    PeriodicTaskC                            0x20000064   Data           4  bsp.o(.data)
    g_pACCELEROMETERQueue                    0x20000068   Data           4  accelerometer_task.o(.data)
    pxCurrentTCB                             0x2000006c   Data           4  tasks.o(.data)
    Message                                  0x200000cc   Data          12  bsp.o(.bss)
    __initial_sp                             0x200079b0   Data           0  startup_rvmdk.o(STACK)



==============================================================================

Memory Map of the image

  Image Entry point : 0x0000026d

  Load Region LR_IROM (Base: 0x00000000, Size: 0x00002c74, Max: 0x00040000, ABSOLUTE)

    Execution Region ER_IROM (Exec base: 0x00000000, Load base: 0x00000000, Size: 0x00002ba8, Max: 0x00040000, ABSOLUTE)

    Exec Addr    Load Addr    Size         Type   Attr      Idx    E Section Name        Object

    0x00000000   0x00000000   0x000002a0   Code   RO          166  * RESET               startup_rvmdk.o
    0x000002a0   0x000002a0   0x00000000   Code   RO         2500  * .ARM.Collect$$$$00000000  mc_w.l(entry.o)
    0x000002a0   0x000002a0   0x00000004   Code   RO         2511    .ARM.Collect$$$$00000001  mc_w.l(entry2.o)
    0x000002a4   0x000002a4   0x00000004   Code   RO         2514    .ARM.Collect$$$$00000004  mc_w.l(entry5.o)
    0x000002a8   0x000002a8   0x00000000   Code   RO         2516    .ARM.Collect$$$$00000008  mc_w.l(entry7b.o)
    0x000002a8   0x000002a8   0x00000000   Code   RO         2518    .ARM.Collect$$$$0000000A  mc_w.l(entry8b.o)
    0x000002a8   0x000002a8   0x00000008   Code   RO         2519    .ARM.Collect$$$$0000000B  mc_w.l(entry9a.o)
    0x000002b0   0x000002b0   0x00000000   Code   RO         2521    .ARM.Collect$$$$0000000D  mc_w.l(entry10a.o)
    0x000002b0   0x000002b0   0x00000000   Code   RO         2523    .ARM.Collect$$$$0000000F  mc_w.l(entry11a.o)
    0x000002b0   0x000002b0   0x00000004   Code   RO         2512    .ARM.Collect$$$$00002712  mc_w.l(entry2.o)
    0x000002b4   0x000002b4   0x00000006   Code   RO          198    .emb_text           bsp.o
    0x000002ba   0x000002ba   0x00000002   PAD
    0x000002bc   0x000002bc   0x000000b6   Code   RO         1228    .emb_text           port.o
    0x00000372   0x00000372   0x00000024   Code   RO         2503    .text               mc_w.l(memcpya.o)
    0x00000396   0x00000396   0x00000024   Code   RO         2505    .text               mc_w.l(memseta.o)
    0x000003ba   0x000003ba   0x00000002   PAD
    0x000003bc   0x000003bc   0x00000024   Code   RO         2528    .text               mc_w.l(init.o)
    0x000003e0   0x000003e0   0x000000d8   Code   RO          675    i.AccelerometerTask  accelerometer_task.o
    0x000004b8   0x000004b8   0x00000078   Code   RO          676    i.AccelerometerTaskInit  accelerometer_task.o
    0x00000530   0x00000530   0x00000090   Code   RO          199    i.BSP_Accelerometer_Init  bsp.o
    0x000005c0   0x000005c0   0x0000002c   Code   RO          200    i.BSP_Accelerometer_Input  bsp.o
    0x000005ec   0x000005ec   0x00000068   Code   RO          201    i.BSP_Button1_Init  bsp.o
    0x00000654   0x00000654   0x00000010   Code   RO          202    i.BSP_Button1_Input  bsp.o
    0x00000664   0x00000664   0x00000078   Code   RO          203    i.BSP_Button2_Init  bsp.o
    0x000006dc   0x000006dc   0x00000010   Code   RO          204    i.BSP_Button2_Input  bsp.o
    0x000006ec   0x000006ec   0x00000018   Code   RO          209    i.BSP_Delay1ms      bsp.o
    0x00000704   0x00000704   0x000000fc   Code   RO          210    i.BSP_Joystick_Init  bsp.o
    0x00000800   0x00000800   0x00000014   Code   RO          212    i.BSP_LCD_Color565  bsp.o
    0x00000814   0x00000814   0x000000c0   Code   RO          214    i.BSP_LCD_DrawChar  bsp.o
    0x000008d4   0x000008d4   0x00000052   Code   RO          219    i.BSP_LCD_DrawString  bsp.o
    0x00000926   0x00000926   0x00000002   PAD
    0x00000928   0x00000928   0x00000078   Code   RO          221    i.BSP_LCD_FillRect  bsp.o
    0x000009a0   0x000009a0   0x0000001c   Code   RO          222    i.BSP_LCD_FillScreen  bsp.o
    0x000009bc   0x000009bc   0x00000006   Code   RO          223    i.BSP_LCD_Init      bsp.o
    0x000009c2   0x000009c2   0x00000002   PAD
    0x000009c4   0x000009c4   0x00000060   Code   RO          224    i.BSP_LCD_OutUDec   bsp.o
    0x00000a24   0x00000a24   0x00000014   Code   RO          231    i.BSP_LCD_SetCursor  bsp.o
    0x00000a38   0x00000a38   0x0000005c   Code   RO            1    i.ConfigureUART     freertos_demo.o
    0x00000a94   0x00000a94   0x00000378   Code   RO          139    i.LEDTask           led_task.o
    0x00000e0c   0x00000e0c   0x000000a4   Code   RO          140    i.LEDTaskInit       led_task.o
    0x00000eb0   0x00000eb0   0x00000064   Code   RO          260    i.ST7735_InitR      bsp.o
    0x00000f14   0x00000f14   0x00000080   Code   RO          171    i.SwitchTask        switch_task.o
    0x00000f94   0x00000f94   0x00000050   Code   RO          172    i.SwitchTaskInit    switch_task.o
    0x00000fe4   0x00000fe4   0x00000006   Code   RO         2094    i.UARTClockSourceSet  driverlib.lib(uart.o)
    0x00000fea   0x00000fea   0x00000002   PAD
    0x00000fec   0x00000fec   0x0000005c   Code   RO         1509    i.UARTStdioConfig   uartstdio.o
    0x00001048   0x00001048   0x00000012   Code   RO         1512    i.UARTprintf        uartstdio.o
    0x0000105a   0x0000105a   0x00000002   PAD
    0x0000105c   0x0000105c   0x000001b4   Code   RO         1513    i.UARTvprintf       uartstdio.o
    0x00001210   0x00001210   0x0000003c   Code   RO         1514    i.UARTwrite         uartstdio.o
    0x0000124c   0x0000124c   0x0000000e   Code   RO         2532    i.__scatterload_copy  mc_w.l(handlers.o)
    0x0000125a   0x0000125a   0x00000002   Code   RO         2533    i.__scatterload_null  mc_w.l(handlers.o)
    0x0000125c   0x0000125c   0x0000000e   Code   RO         2534    i.__scatterload_zeroinit  mc_w.l(handlers.o)
    0x0000126a   0x0000126a   0x00000002   PAD
    0x0000126c   0x0000126c   0x00000040   Code   RO          264    i.adcinit           bsp.o
    0x000012ac   0x000012ac   0x0000004a   Code   RO          265    i.commandList       bsp.o
    0x000012f6   0x000012f6   0x00000002   PAD
    0x000012f8   0x000012f8   0x000001b4   Code   RO          266    i.commonInit        bsp.o
    0x000014ac   0x000014ac   0x00000038   Code   RO          267    i.fillmessage       bsp.o
    0x000014e4   0x000014e4   0x0000008c   Code   RO            2    i.main              freertos_demo.o
    0x00001570   0x00001570   0x00000150   Code   RO          173    i.poll_MDKII        switch_task.o
    0x000016c0   0x000016c0   0x00000070   Code   RO          698    i.prvAddCurrentTaskToDelayedList  tasks.o
    0x00001730   0x00001730   0x000000d0   Code   RO          699    i.prvAddNewTaskToReadyList  tasks.o
    0x00001800   0x00001800   0x00000054   Code   RO          700    i.prvCheckTasksWaitingTermination  tasks.o
    0x00001854   0x00001854   0x00000026   Code   RO         1050    i.prvCopyDataFromQueue  queue.o
    0x0000187a   0x0000187a   0x0000006c   Code   RO         1051    i.prvCopyDataToQueue  queue.o
    0x000018e6   0x000018e6   0x00000014   Code   RO          701    i.prvDeleteTCB      tasks.o
    0x000018fa   0x000018fa   0x00000002   PAD
    0x000018fc   0x000018fc   0x00000048   Code   RO         1335    i.prvHeapInit       heap_4.o
    0x00001944   0x00001944   0x00000006   Code   RO          702    i.prvIdleTask       tasks.o
    0x0000194a   0x0000194a   0x0000008a   Code   RO          703    i.prvInitialiseNewTask  tasks.o
    0x000019d4   0x000019d4   0x0000004c   Code   RO         1336    i.prvInsertBlockIntoFreeList  heap_4.o
    0x00001a20   0x00001a20   0x0000001a   Code   RO         1052    i.prvIsQueueEmpty   queue.o
    0x00001a3a   0x00001a3a   0x00000002   PAD
    0x00001a3c   0x00001a3c   0x00000020   Code   RO          705    i.prvResetNextTaskUnblockTime  tasks.o
    0x00001a5c   0x00001a5c   0x00000010   Code   RO         1229    i.prvTaskExitError  port.o
    0x00001a6c   0x00001a6c   0x0000006a   Code   RO         1053    i.prvUnlockQueue    queue.o
    0x00001ad6   0x00001ad6   0x00000014   Code   RO          273    i.pushColor         bsp.o
    0x00001aea   0x00001aea   0x00000002   PAD
    0x00001aec   0x00001aec   0x00000098   Code   RO         1337    i.pvPortMalloc      heap_4.o
    0x00001b84   0x00001b84   0x00000018   Code   RO          708    i.pvTaskIncrementMutexHeldCount  tasks.o
    0x00001b9c   0x00001b9c   0x0000002c   Code   RO         1230    i.pxPortInitialiseStack  port.o
    0x00001bc8   0x00001bc8   0x0000006c   Code   RO          274    i.setAddrWindow     bsp.o
    0x00001c34   0x00001c34   0x00000024   Code   RO         1299    i.uxListRemove      list.o
    0x00001c58   0x00001c58   0x00000002   Code   RO            4    i.vApplicationStackOverflowHook  freertos_demo.o
    0x00001c5a   0x00001c5a   0x00000016   Code   RO         1300    i.vListInitialise   list.o
    0x00001c70   0x00001c70   0x00000006   Code   RO         1301    i.vListInitialiseItem  list.o
    0x00001c76   0x00001c76   0x00000030   Code   RO         1302    i.vListInsert       list.o
    0x00001ca6   0x00001ca6   0x00000018   Code   RO         1303    i.vListInsertEnd    list.o
    0x00001cbe   0x00001cbe   0x00000002   PAD
    0x00001cc0   0x00001cc0   0x0000001c   Code   RO         1232    i.vPortEnterCritical  port.o
    0x00001cdc   0x00001cdc   0x00000014   Code   RO         1233    i.vPortExitCritical  port.o
    0x00001cf0   0x00001cf0   0x00000040   Code   RO         1338    i.vPortFree         heap_4.o
    0x00001d30   0x00001d30   0x00000010   Code   RO         1234    i.vPortSetupTimerInterrupt  port.o
    0x00001d40   0x00001d40   0x00000058   Code   RO          718    i.vTaskDelayUntil   tasks.o
    0x00001d98   0x00001d98   0x0000000c   Code   RO          722    i.vTaskMissedYield  tasks.o
    0x00001da4   0x00001da4   0x00000024   Code   RO          724    i.vTaskPlaceOnEventList  tasks.o
    0x00001dc8   0x00001dc8   0x00000084   Code   RO          726    i.vTaskPriorityInherit  tasks.o
    0x00001e4c   0x00001e4c   0x00000010   Code   RO          730    i.vTaskSetTimeOutState  tasks.o
    0x00001e5c   0x00001e5c   0x00000054   Code   RO          731    i.vTaskStartScheduler  tasks.o
    0x00001eb0   0x00001eb0   0x00000010   Code   RO          733    i.vTaskSuspendAll   tasks.o
    0x00001ec0   0x00001ec0   0x00000070   Code   RO          734    i.vTaskSwitchContext  tasks.o
    0x00001f30   0x00001f30   0x00000030   Code   RO          277    i.writecommand      bsp.o
    0x00001f60   0x00001f60   0x00000030   Code   RO          278    i.writedata         bsp.o
    0x00001f90   0x00001f90   0x00000040   Code   RO         1235    i.xPortStartScheduler  port.o
    0x00001fd0   0x00001fd0   0x0000002c   Code   RO         1236    i.xPortSysTickHandler  port.o
    0x00001ffc   0x00001ffc   0x00000024   Code   RO         1063    i.xQueueCreateMutex  queue.o
    0x00002020   0x00002020   0x00000040   Code   RO         1064    i.xQueueGenericCreate  queue.o
    0x00002060   0x00002060   0x00000124   Code   RO         1065    i.xQueueGenericReceive  queue.o
    0x00002184   0x00002184   0x00000074   Code   RO         1066    i.xQueueGenericReset  queue.o
    0x000021f8   0x000021f8   0x00000100   Code   RO         1067    i.xQueueGenericSend  queue.o
    0x000022f8   0x000022f8   0x00000048   Code   RO          735    i.xTaskCheckForTimeOut  tasks.o
    0x00002340   0x00002340   0x00000056   Code   RO          736    i.xTaskCreate       tasks.o
    0x00002396   0x00002396   0x00000002   PAD
    0x00002398   0x00002398   0x0000000c   Code   RO          740    i.xTaskGetTickCount  tasks.o
    0x000023a4   0x000023a4   0x000000b4   Code   RO          742    i.xTaskIncrementTick  tasks.o
    0x00002458   0x00002458   0x00000070   Code   RO          745    i.xTaskPriorityDisinherit  tasks.o
    0x000024c8   0x000024c8   0x00000064   Code   RO          746    i.xTaskRemoveFromEventList  tasks.o
    0x0000252c   0x0000252c   0x000000b0   Code   RO          748    i.xTaskResumeAll    tasks.o
    0x000025dc   0x000025dc   0x0000057b   Data   RO          280    .constdata          bsp.o
    0x00002b57   0x00002b57   0x00000001   PAD
    0x00002b58   0x00002b58   0x0000001c   Data   RO         1515    .constdata          uartstdio.o
    0x00002b74   0x00002b74   0x00000011   Data   RO         1516    .conststring        uartstdio.o
    0x00002b85   0x00002b85   0x00000003   PAD
    0x00002b88   0x00002b88   0x00000020   Data   RO         2530    Region$$Table       anon$$obj.o


    Execution Region RW_IRAM (Exec base: 0x20000000, Load base: 0x00002ba8, Size: 0x000079b0, Max: 0x00008000, ABSOLUTE)

    Exec Addr    Load Addr    Size         Type   Attr      Idx    E Section Name        Object

    0x20000000   0x00002ba8   0x00000014   Data   RW            8    .data               freertos_demo.o
    0x20000014   0x00002bbc   0x00000001   Data   RW            9    .data               freertos_demo.o
    0x20000015   0x00002bbd   0x00000001   PAD
    0x20000016   0x00002bbe   0x00000002   Data   RW           15    .data               freertos_demo.o
    0x20000018   0x00002bc0   0x00000002   Data   RW           16    .data               freertos_demo.o
    0x2000001a   0x00002bc2   0x00000002   Data   RW           17    .data               freertos_demo.o
    0x2000001c   0x00002bc4   0x00000001   Data   RW           18    .data               freertos_demo.o
    0x2000001d   0x00002bc5   0x00000003   PAD
    0x20000020   0x00002bc8   0x00000008   Data   RW          141    .data               led_task.o
    0x20000028   0x00002bd0   0x00000040   Data   RW          281    .data               bsp.o
    0x20000068   0x00002c10   0x00000004   Data   RW          677    .data               accelerometer_task.o
    0x2000006c   0x00002c14   0x0000003c   Data   RW          751    .data               tasks.o
    0x200000a8   0x00002c50   0x00000004   Data   RW         1237    .data               port.o
    0x200000ac   0x00002c54   0x00000018   Data   RW         1343    .data               heap_4.o
    0x200000c4   0x00002c6c   0x00000008   Data   RW         1517    .data               uartstdio.o
    0x200000cc        -       0x0000000c   Zero   RW          279    .bss                bsp.o
    0x200000d8        -       0x000001a4   Zero   RW          750    .bss                tasks.o
    0x2000027c        -       0x00007530   Zero   RW         1342    .bss                heap_4.o
    0x200077ac   0x00002c74   0x00000004   PAD
    0x200077b0        -       0x00000200   Zero   RW          164    STACK               startup_rvmdk.o


==============================================================================

Image component sizes


      Code (inc. data)   RO Data    RW Data    ZI Data      Debug   Object Name

       336        118          0          4          0       1616   accelerometer_task.o
      2244        264       1403         64         12      19246   bsp.o
       234         72          0         28          0      23496   freertos_demo.o
       364         22          0         24      30000       4331   heap_4.o
      1052        306          0          8          0       1842   led_task.o
       136          0          0          0          0       3498   list.o
       414         46          0          4          0      10224   port.o
      1042         16          0          0          0      18586   queue.o
       672        620          0          0        512        340   startup_rvmdk.o
       544        218          0          0          0       3724   switch_task.o
      1858        168          0         60        420      30649   tasks.o
       606         30         45          8          0       5592   uartstdio.o

    ----------------------------------------------------------------------
      9522       1880       1484        204      30948     123144   Object Totals
         0          0         32          0          0          0   (incl. Generated)
        20          0          4          4          4          0   (incl. Padding)

    ----------------------------------------------------------------------

      Code (inc. data)   RO Data    RW Data    ZI Data      Debug   Library Member Name

         0          0          0          0          0       3048   sysctl.o
         6          0          0          0          0        497   uart.o
         0          0          0          0          0          0   entry.o
         0          0          0          0          0          0   entry10a.o
         0          0          0          0          0          0   entry11a.o
         8          4          0          0          0          0   entry2.o
         4          0          0          0          0          0   entry5.o
         0          0          0          0          0          0   entry7b.o
         0          0          0          0          0          0   entry8b.o
         8          4          0          0          0          0   entry9a.o
        30          0          0          0          0          0   handlers.o
        36          8          0          0          0         68   init.o
        36          0          0          0          0         68   memcpya.o
        36          0          0          0          0        108   memseta.o

    ----------------------------------------------------------------------
       170         16          0          0          0       3789   Library Totals
         6          0          0          0          0          0   (incl. Padding)

    ----------------------------------------------------------------------

      Code (inc. data)   RO Data    RW Data    ZI Data      Debug   Library Name

         6          0          0          0          0       3545   driverlib.lib
       158         16          0          0          0        244   mc_w.l

    ----------------------------------------------------------------------
       170         16          0          0          0       3789   Library Totals

    ----------------------------------------------------------------------

==============================================================================


      Code (inc. data)   RO Data    RW Data    ZI Data      Debug   

      9692       1896       1484        204      30948     118685   Grand Totals
      9692       1896       1484        204      30948     118685   ELF Image Totals
      9692       1896       1484        204          0          0   ROM Totals

==============================================================================

    Total RO  Size (Code + RO Data)                11176 (  10.91kB)
    Total RW  Size (RW Data + ZI Data)             31152 (  30.42kB)
    Total ROM Size (Code + RO Data + RW Data)      11380 (  11.11kB)

==============================================================================

